******************************************************************************
                  TI ARM Linker PC v20.2.7                     
******************************************************************************
>> Linked Fri Jan 30 15:16:57 2026

OUTPUT FILE NAME:   <DC_Maxon_DRV8871.out>
ENTRY POINT SYMBOL: "_c_int00"  address: 00010358


MEMORY CONFIGURATION

         name            origin    length      used     unused   attr    fill
----------------------  --------  ---------  --------  --------  ----  --------
  VECTORS               00000000   00000020  00000020  00000000     X
  FLASH0                00000020   001fffe0  00010e64  001ef17c  R  X
  FLASH1                00200000   00200000  00000000  00200000  R  X
  STACKS                08000000   00001500  00000000  00001500  RW  
  RAM                   08001500   0007eb00  000004b5  0007e64b  RW  


SEGMENT ALLOCATION MAP

run origin  load origin   length   init length attrs members
----------  ----------- ---------- ----------- ----- -------
00000000    00000000    00010a10   00010a10    r-x
  00000000    00000000    00000020   00000020    r-x .intvecs
  00000020    00000020    000109f0   000109f0    r-x .text
00010a20    00010a20    00000434   00000434    r--
  00010a20    00010a20    00000434   00000434    r-- .const
00010e60    00010e60    00000040   00000040    r--
  00010e60    00010e60    00000040   00000040    r-- .cinit
08001500    08001500    000004b8   00000000    rw-
  08001500    08001500    00000451   00000000    rw- .bss
  08001954    08001954    00000064   00000000    rw- .data


SECTION ALLOCATION MAP

 output                                  attributes/
section   page    origin      length       input sections
--------  ----  ----------  ----------   ----------------
.intvecs   0    00000000    00000020     
                  00000000    00000020     HL_sys_intvecs.obj (.intvecs)

.text      0    00000020    000109f0     
                  00000020    00002174     HL_etpwm.obj (.text)
                  00002194    000011e4     app_orchestrator.obj (.text)
                  00003378    0000109c     HL_mibspi.obj (.text)
                  00004414    00000c34     uart_to_qt.obj (.text)
                  00005048    00000aec     HL_adc.obj (.text)
                  00005b34    000009c8     HL_pinmux.obj (.text)
                  000064fc    00000998     HL_system.obj (.text)
                  00006e94    00000938     HL_sys_vim.obj (.text)
                  000077cc    00000914     plant_control.obj (.text)
                  000080e0    00000914     waveform_engine.obj (.text)
                  000089f4    00000888     pcm_tests.obj (.text)
                  0000927c    0000087c     HL_sci.obj (.text)
                  00009af8    00000790     rtsv7R4_A_le_v3D16_eabi.lib : k_rem_pio2.c.obj (.text:__kernel_rem_pio2)
                  0000a288    0000078c     HL_esm.obj (.text)
                  0000aa14    00000748     rtsv7R4_A_le_v3D16_eabi.lib : s_sinf.c.obj (.text:sinf)
                  0000b15c    00000698     HL_rti.obj (.text)
                  0000b7f4    00000670     drv_adc.obj (.text)
                  0000be64    00000664     HL_errata_SSWF021_45.obj (.text)
                  0000c4c8    000005b0     drv_sci.obj (.text)
                  0000ca78    00000484     HL_gio.obj (.text)
                  0000cefc    00000444     pushbutton.obj (.text)
                  0000d340    00000408     board_power.obj (.text)
                  0000d748    00000400     sp_gen.obj (.text)
                  0000db48    000003c8     drv_etpwm.obj (.text)
                  0000df10    000003c4     HL_sys_core.obj (.text)
                  0000e2d4    00000374     uart.obj (.text)
                  0000e648    0000036c     HL_sys_mpu.obj (.text)
                  0000e9b4    0000033c     HL_sys_vim.obj (.text:retain)
                  0000ecf0    00000284     tuning_store.obj (.text)
                  0000ef74    0000025c     rtsv7R4_A_le_v3D16_eabi.lib : e_expf.c.obj (.text:expf)
                  0000f1d0    00000214     signaling_leds.obj (.text)
                  0000f3e4    00000210     current_ctrl.obj (.text)
                  0000f5f4    00000208     ctrl_pid.obj (.text)
                  0000f7fc    00000204     HL_sci.obj (.text:retain)
                  0000fa00    000001b0     drv_rti.obj (.text)
                  0000fbb0    00000180     rtsv7R4_A_le_v3D16_eabi.lib : memcpy32.asm.obj (.text)
                  0000fd30    00000178     HL_esm.obj (.text:retain)
                  0000fea8    00000164     sp_CurGen.obj (.text)
                  0001000c    00000134     rtsv7R4_A_le_v3D16_eabi.lib : s_floor.c.obj (.text:floor)
                  00010140    0000011c                                 : s_scalbn.c.obj (.text:scalbn)
                  0001025c    000000fc     HL_notification.obj (.text)
                  00010358    000000d8     HL_sys_startup.obj (.text:retain)
                  00010430    000000b0     rtsv7R4_A_le_v3D16_eabi.lib : memset32.asm.obj (.text)
                  000104e0    000000a4                                 : s_floorf.c.obj (.text:floorf)
                  00010584    000000a0     HL_rti.obj (.text:retain)
                  00010624    00000090     rtsv7R4_A_le_v3D16_eabi.lib : copy_decompress_lzss.c.obj (.text:decompress:lzss:__TI_decompress_lzss)
                  000106b4    0000007c                                 : s_roundf.c.obj (.text:roundf)
                  00010730    00000068                                 : autoinit.c.obj (.text:__TI_auto_init_nobinit_nopinit:__TI_auto_init_nobinit_nopinit)
                  00010798    00000064     HL_sys_main.obj (.text)
                  000107fc    00000054     HL_adc.obj (.text:retain)
                  00010850    00000054     rtsv7R4_A_le_v3D16_eabi.lib : i_div32.asm.obj (.text)
                  000108a4    00000050     HL_etpwm.obj (.text:retain)
                  000108f4    00000050     rtsv7R4_A_le_v3D16_eabi.lib : u_div32.asm.obj (.text)
                  00010944    00000034                                 : e_sqrtf.c.obj (.text:sqrtf)
                  00010978    00000028                                 : s_copysign.c.obj (.text:copysign)
                  000109a0    00000014                                 : copy_decompress_none.c.obj (.text:decompress:none:__TI_decompress_none)
                  000109b4    00000014                                 : s_lroundf.c.obj (.text:lroundf)
                  000109c8    00000010                                 : copy_zero_init.c.obj (.text:decompress:ZI:__TI_zero_init)
                  000109d8    0000000c                                 : errno.c.obj (.text:__aeabi_errno_addr)
                  000109e4    0000000c     ctrl_pid_defaults.obj (.text)
                  000109f0    0000000c     plant_control_defaults.obj (.text)
                  000109fc    00000008     rtsv7R4_A_le_v3D16_eabi.lib : exit.c.obj (.text:abort:abort)
                  00010a04    00000004     HL_sys_startup.obj (.text)
                  00010a08    00000004     HL_sys_phantom.obj (.text:retain)
                  00010a0c    00000004     rtsv7R4_A_le_v3D16_eabi.lib : div0.asm.obj (.text)

.const     0    00010a20    00000434     
                  00010a20    00000200     HL_sys_vim.obj (.const:s_vim_init)
                  00010c20    00000108     rtsv7R4_A_le_v3D16_eabi.lib : k_rem_pio2.c.obj (.const:ipio2)
                  00010d28    00000040                                 : k_rem_pio2.c.obj (.const:PIo2)
                  00010d68    00000020     plant_control_defaults.obj (.const:kPlant_Base)
                  00010d88    00000018     current_ctrl.obj (.const:kCur_Default)
                  00010da0    00000018     HL_adc.obj (.const:s_adcFiFoSize)
                  00010db8    00000018     HL_adc.obj (.const:s_adcSelect)
                  00010dd0    00000014     ctrl_pid_defaults.obj (.const:kPid_Default)
                  00010de4    00000010     rtsv7R4_A_le_v3D16_eabi.lib : k_rem_pio2.c.obj (.const:init_jk)
                  00010df4    0000000c     drv_etpwm.obj (.const:$P$T0$1)
                  00010e00    0000000c     drv_etpwm.obj (.const:$P$T1$2)
                  00010e0c    0000000c     signaling_leds.obj (.const:LED_BLU)
                  00010e18    0000000c     signaling_leds.obj (.const:LED_GRN)
                  00010e24    0000000c     signaling_leds.obj (.const:LED_RED)
                  00010e30    0000000a     sp_gen.obj (.const:kSpg_Default)
                  00010e3a    00000002     --HOLE-- [fill = 0]
                  00010e3c    00000008     rtsv7R4_A_le_v3D16_eabi.lib : e_expf.c.obj (.const:halF)
                  00010e44    00000008                                 : e_expf.c.obj (.const:ln2HI)
                  00010e4c    00000008                                 : e_expf.c.obj (.const:ln2LO)

.cinit     0    00010e60    00000040     
                  00010e60    0000001a     (.cinit..data.load) [load image, compression = lzss]
                  00010e7a    00000002     --HOLE-- [fill = 0]
                  00010e7c    0000000c     (__TI_handler_table)
                  00010e88    00000008     (.cinit..bss.load) [load image, compression = zero_init]
                  00010e90    00000010     (__TI_cinit_table)

.bss       0    08001500    00000451     UNINITIALIZED
                  08001500    00000200     drv_sci.obj (.bss:s_rx_ring)
                  08001700    00000200     drv_sci.obj (.bss:s_tx_ring)
                  08001900    00000050     HL_sci.obj (.bss:g_sciTransfer_t)
                  08001950    00000001     drv_sci.obj (.bss)

.data      0    08001954    00000064     UNINITIALIZED
                  08001954    0000001e     drv_adc.obj (.data)
                  08001972    00000001     drv_etpwm.obj (.data)
                  08001973    00000001     --HOLE--
                  08001974    00000018     drv_rti.obj (.data)
                  0800198c    00000014     drv_sci.obj (.data)
                  080019a0    0000000c     uart.obj (.data)
                  080019ac    00000008     uart_to_qt.obj (.data)
                  080019b4    00000004     rtsv7R4_A_le_v3D16_eabi.lib : errno.c.obj (.data)

__llvm_prf_cnts 
*          0    08001500    00000000     UNINITIALIZED

MODULE SUMMARY

       Module                       code    ro data   rw data
       ------                       ----    -------   -------
    .\source\
       HL_etpwm.obj                 8644    0         0      
       HL_mibspi.obj                4252    0         0      
       HL_sys_vim.obj               3188    512       0      
       HL_adc.obj                   2880    48        0      
       HL_sci.obj                   2688    0         80     
       HL_pinmux.obj                2504    0         0      
       HL_system.obj                2456    0         0      
       HL_esm.obj                   2308    0         0      
       HL_rti.obj                   1848    0         0      
       HL_errata_SSWF021_45.obj     1636    0         0      
       HL_gio.obj                   1156    0         0      
       HL_sys_core.obj              964     0         0      
       HL_sys_mpu.obj               876     0         0      
       HL_notification.obj          252     0         0      
       HL_sys_startup.obj           220     0         0      
       HL_sys_main.obj              100     0         0      
       HL_sys_intvecs.obj           32      0         0      
       HL_sys_phantom.obj           4       0         0      
    +--+----------------------------+-------+---------+---------+
       Total:                       36008   560       80     
                                                             
    .\source\app\
       app_orchestrator.obj         4580    0         0      
    +--+----------------------------+-------+---------+---------+
       Total:                       4580    0         0      
                                                             
    .\source\button\
       pushbutton.obj               1092    0         0      
    +--+----------------------------+-------+---------+---------+
       Total:                       1092    0         0      
                                                             
    .\source\control_timer\
       drv_rti.obj                  432     0         24     
    +--+----------------------------+-------+---------+---------+
       Total:                       432     0         24     
                                                             
    .\source\controller\
       current_ctrl.obj             528     24        0      
       ctrl_pid.obj                 520     0         0      
       ctrl_pid_defaults.obj        12      20        0      
    +--+----------------------------+-------+---------+---------+
       Total:                       1060    44        0      
                                                             
    .\source\debug\
       uart_to_qt.obj               3124    0         8      
       drv_sci.obj                  1456    0         1045   
       uart.obj                     884     0         12     
    +--+----------------------------+-------+---------+---------+
       Total:                       5464    0         1065   
                                                             
    .\source\leds\
       signaling_leds.obj           532     36        0      
    +--+----------------------------+-------+---------+---------+
       Total:                       532     36        0      
                                                             
    .\source\motor_driver\
       drv_etpwm.obj                968     24        1      
    +--+----------------------------+-------+---------+---------+
       Total:                       968     24        1      
                                                             
    .\source\plant\
       plant_control.obj            2324    0         0      
       plant_control_defaults.obj   12      32        0      
    +--+----------------------------+-------+---------+---------+
       Total:                       2336    32        0      
                                                             
    .\source\power_up_ups\
       board_power.obj              1032    0         0      
    +--+----------------------------+-------+---------+---------+
       Total:                       1032    0         0      
                                                             
    .\source\sampling_adc\
       drv_adc.obj                  1648    0         30     
    +--+----------------------------+-------+---------+---------+
       Total:                       1648    0         30     
                                                             
    .\source\setpoint\
       sp_gen.obj                   1024    10        0      
       sp_CurGen.obj                356     0         0      
    +--+----------------------------+-------+---------+---------+
       Total:                       1380    10        0      
                                                             
    .\source\target_generators\
       waveform_engine.obj          2324    0         0      
    +--+----------------------------+-------+---------+---------+
       Total:                       2324    0         0      
                                                             
    .\source\tests\
       pcm_tests.obj                2184    0         0      
    +--+----------------------------+-------+---------+---------+
       Total:                       2184    0         0      
                                                             
    .\source\tuning\
       tuning_store.obj             644     0         0      
    +--+----------------------------+-------+---------+---------+
       Total:                       644     0         0      
                                                             
    C:\ti\ccs1270\ccs\tools\compiler\ti-cgt-arm_20.2.7.LTS\lib\rtsv7R4_A_le_v3D16_eabi.lib
       k_rem_pio2.c.obj             1936    344       0      
       s_sinf.c.obj                 1864    0         0      
       e_expf.c.obj                 604     24        0      
       memcpy32.asm.obj             384     0         0      
       s_floor.c.obj                308     0         0      
       s_scalbn.c.obj               284     0         0      
       memset32.asm.obj             176     0         0      
       s_floorf.c.obj               164     0         0      
       copy_decompress_lzss.c.obj   144     0         0      
       s_roundf.c.obj               124     0         0      
       autoinit.c.obj               104     0         0      
       i_div32.asm.obj              84      0         0      
       u_div32.asm.obj              80      0         0      
       e_sqrtf.c.obj                52      0         0      
       s_copysign.c.obj             40      0         0      
       copy_decompress_none.c.obj   20      0         0      
       s_lroundf.c.obj              20      0         0      
       copy_zero_init.c.obj         16      0         0      
       errno.c.obj                  12      0         4      
       exit.c.obj                   8       0         0      
       div0.asm.obj                 4       0         0      
    +--+----------------------------+-------+---------+---------+
       Total:                       6428    368       4      
                                                             
       Linker Generated:            0       62        0      
    +--+----------------------------+-------+---------+---------+
       Grand Total:                 68112   1136      1204   


LINKER GENERATED COPY TABLES

__TI_cinit_table @ 00010e90 records: 2, size/record: 8, table size: 16
	.data: load addr=00010e60, load size=0000001a bytes, run addr=08001954, run size=00000064 bytes, compression=lzss
	.bss: load addr=00010e88, load size=00000008 bytes, run addr=08001500, run size=00000451 bytes, compression=zero_init


LINKER GENERATED HANDLER TABLE

__TI_handler_table @ 00010e7c records: 3, size/record: 4, table size: 12
	index: 0, handler: __TI_zero_init
	index: 1, handler: __TI_decompress_lzss
	index: 2, handler: __TI_decompress_none


GLOBAL SYMBOLS: SORTED ALPHABETICALLY BY Name 

address   name                                
-------   ----                                
00003328  AppOrch_Faults                      
000027bc  AppOrch_Init                        
0000334c  AppOrch_RequestShutdown             
00003310  AppOrch_State                       
00002f90  AppOrch_Tick10kHz                   
00002918  AppOrch_Tick1kHz                    
0000d6f4  BoardPwr_ClearFault                 
0000d504  BoardPwr_EnableVmot                 
0000d4ac  BoardPwr_Init                       
0000d728  BoardPwr_IsFaultLatched             
0000d710  BoardPwr_IsPowerOk                  
0000d52c  BoardPwr_ReadStatus                 
0000d5a0  BoardPwr_Tick1kHz                   
0000d2f8  Btn_ClearLongPress                  
0000cfa4  Btn_Init                            
0000d2e0  Btn_LongPressLatched                
0000d288  Btn_PopClickBurst                   
0000d0c4  Btn_Tick1kHz                        
0000d314  Btn_TriggerHarakiri                 
000109fc  C$$EXIT                             
000109e4  CtrlPid_DefaultCfg                  
0000f61c  CtrlPid_Init                        
0000f64c  CtrlPid_Reset                       
0000f680  CtrlPid_Step                        
0000f438  CurPi_DefaultCfg                    
0000f440  CurPi_Init                          
0000f470  CurPi_Reset                         
0000f4b0  CurPi_Step                          
0000b7f4  DrvAdc_Init                         
0000bb50  DrvAdc_PeekLast_Acm1                
0000bb44  DrvAdc_PeekLast_Enc1                
0000bb38  DrvAdc_PeekLast_Pcm1                
0000b818  DrvAdc_Pos_Init                     
0000b8d8  DrvAdc_Pos_Reset                    
0000babc  DrvAdc_ReadCurr_10kHz               
0000b95c  DrvAdc_ReadEnc_1kHz                 
0000de30  DrvPwm_Brake                        
0000de14  DrvPwm_Coast                        
0000de44  DrvPwm_Drive                        
0000ddbc  DrvPwm_GetMode                      
0000dc88  DrvPwm_Init                         
0000ddc8  DrvPwm_SetDutyRawAB                 
0000dda0  DrvPwm_SetMode                      
0000fa98  DrvRtiFast_ConsumeTick              
0000fa28  DrvRtiFast_Init_10kHz               
0000fa4c  DrvRti_ConsumeTick                  
0000fa00  DrvRti_Init_1kHz                    
0000fae4  DrvRti_Millis                       
0000faf0  DrvRti_RegisterHook                 
0000fb0c  DrvRti_RegisterHook_Fast            
0000c8d4  DrvSci_Dropped                      
0000c7a8  DrvSci_Init                         
0000c914  DrvSci_Read                         
0000c8ec  DrvSci_ReadByte                     
0000c8e0  DrvSci_RxAvailable                  
0000c98c  DrvSci_RxDropped                    
0000c834  DrvSci_Write                        
0000fea8  IRef_Init                           
0000ff18  IRef_Tick1kHz                       
0000b528  IsdwdKeySequenceCorrect             
00010e0c  LED_BLU                             
00010e18  LED_GRN                             
00010e24  LED_RED                             
0000d518  Laser_Enable                        
0000f21c  Led_Init                            
0000f374  Led_IsOn                            
0000f2b8  Led_Off                             
0000f2a0  Led_On                              
0000f244  Led_Set                             
0000f2d0  Led_Toggle                          
00008090  LimitCurrent_TRIPM1                 
00008b60  PcmTest_Init                        
00008c58  PcmTest_Start                       
00008c18  PcmTest_Stop                        
00008d44  PcmTest_Tick10kHz                   
00007e78  PlantControl_ApplyAmpAdapter        
000109f0  PlantControl_BaseCfg                
00007cf8  PlantControl_EnableCascade          
00007bd8  PlantControl_Init                   
00007e48  PlantControl_IsInPosition           
00007e60  PlantControl_LastCommand            
00007d18  PlantControl_Reset                  
0000bd78  PlantControl_SetPosMaPow2           
00007d78  PlantControl_Step1kHz               
00007e24  PlantControl_Step1kHz_RefOnly       
00007e9c  PlantSetDutyDir                     
00007fb4  PlantSetDutyDir_Sine10Hz            
UNDEFED   SHT$$INIT_ARRAY$$Base               
UNDEFED   SHT$$INIT_ARRAY$$Limit              
000088d8  SignalGens_Init                     
0000893c  SignalGens_UpdateFromStore          
0000d8d8  SpGen_Arm                           
0000d7a0  SpGen_DefaultCfg                    
0000d96c  SpGen_Disarm                        
0000db0c  SpGen_Get                           
0000d7a8  SpGen_Init                          
0000db24  SpGen_RegisterAsRtiHook             
0000d9ac  SpGen_SetAdvanceMs                  
0000d988  SpGen_SetStepLsb                    
0000dab8  SpGen_Tick1ms                       
0000ef00  TuningStore_ApplyPid                
0000ee08  TuningStore_ApplyWaveform           
0000eda4  TuningStore_Init                    
0000ef5c  TuningStore_Version                 
00004fb4  UartDecode_CurrentA                 
00004f88  UartDecode_Duty01                   
0000500c  UartDecode_Gain                     
00004fe0  UartDecode_PositionDeg              
0000480c  UartRx_Init                         
00004c70  UartRx_Poll                         
00004ed4  UartRx_PopPid                       
00004d24  UartRx_PopWaveform                  
00004748  UartTelemetryBurst_Tick             
00004638  UartTelemetry_Init                  
00004674  UartTelemetry_SetPeriodMs           
0000e388  Uart_Init                           
0000e46c  Uart_TrySendCur                     
0000e588  Uart_TrySendCurSigned_mA            
0000e4e8  Uart_TrySendCur_mA                  
0000e3f0  Uart_TrySendPos                     
000085bc  WaveGen_CommitIfStaged              
00008360  WaveGen_Init                        
0000845c  WaveGen_StageFromTune               
0000869c  WaveGen_Step                        
00010e90  __TI_CINIT_Base                     
00010ea0  __TI_CINIT_Limit                    
00010e7c  __TI_Handler_Table_Base             
00010e88  __TI_Handler_Table_Limit            
0000e2cc  __TI_PINIT_Base                     
0000e2d0  __TI_PINIT_Limit                    
00010730  __TI_auto_init_nobinit_nopinit      
00010624  __TI_decompress_lzss                
000109a0  __TI_decompress_none                
ffffffff  __TI_pprof_out_hndl                 
ffffffff  __TI_prof_data_size                 
ffffffff  __TI_prof_data_start                
00000000  __TI_static_base__                  
000109c8  __TI_zero_init                      
000109d8  __aeabi_errno_addr                  
00010850  __aeabi_idiv                        
00010a0c  __aeabi_idiv0                       
00010850  __aeabi_idivmod                     
00010a0c  __aeabi_ldiv0                       
00010430  __aeabi_memclr                      
00010430  __aeabi_memclr4                     
00010430  __aeabi_memclr8                     
0000fbb0  __aeabi_memcpy                      
0000fbb0  __aeabi_memcpy4                     
0000fbb0  __aeabi_memcpy8                     
00010434  __aeabi_memset                      
00010434  __aeabi_memset4                     
00010434  __aeabi_memset8                     
000108f4  __aeabi_uidiv                       
000108f4  __aeabi_uidivmod                    
ffffffff  __binit__                           
ffffffff  __c_args__                          
00009b08  __kernel_rem_pio2                   
08001500  __start___llvm_prf_cnts             
08001500  __stop___llvm_prf_cnts              
00010358  _c_int00                            
0000e280  _cacheDisable_                      
0000e23c  _cacheEnable_                       
0000e21c  _checkMemInitOn_                    
0000e128  _coreClearAuxiliaryDataFault_       
0000e13c  _coreClearAuxiliaryInstructionFault_
0000e100  _coreClearDataFaultAddress_         
0000e0d8  _coreClearDataFault_                
0000e114  _coreClearInstructionFaultAddress_  
0000e0ec  _coreClearInstructionFault_         
0000e0b0  _coreDisableEventBusExport_         
0000e0a0  _coreEnableEventBusExport_          
0000e0c0  _coreEnableIrqVicOffset_            
0000e088  _coreEnableVfp_                     
0000e120  _coreGetAuxiliaryDataFault_         
0000e134  _coreGetAuxiliaryInstructionFault_  
0000e0f8  _coreGetDataFaultAddress_           
0000e0d0  _coreGetDataFault_                  
0000e10c  _coreGetInstructionFaultAddress_    
0000e0e4  _coreGetInstructionFault_           
0000df10  _coreInitRegisters_                 
0000e01c  _coreInitStackPointer_              
0000e2a4  _dCacheInvalidate_                  
0000e148  _disable_IRQ_interrupt_             
0000e150  _enable_IRQ_interrupt_              
0000e158  _enable_interrupt_                  
0000be64  _errata_SSWF021_45_both_plls        
0000c058  _errata_SSWF021_45_pll1             
0000c1d0  _errata_SSWF021_45_pll2             
0000e160  _esmCcmErrorsClear_                 
0000e068  _getCPSRValue_                      
0000e070  _gotoCPUIdle_                       
0000e2b8  _iCacheInvalidate_                  
0000e1e8  _memInit_                           
0000e95c  _mpuAreRegionsSeparate_             
0000e940  _mpuDisableBackgroundRegion_        
0000e918  _mpuDisable_                        
0000e930  _mpuEnableBackgroundRegion_         
0000e900  _mpuEnable_                         
0000e950  _mpuGetNumberOfRegions_             
0000e980  _mpuGetRegionBaseAddress_           
0000e9a0  _mpuGetRegionPermission_            
0000e994  _mpuGetRegionType_                  
0000e970  _mpuGetRegion_                      
0000e648  _mpuInit_                           
0000e978  _mpuSetRegionBaseAddress_           
0000e9ac  _mpuSetRegionSizeRegister_          
0000e988  _mpuSetRegionTypeAndPermission_     
0000e968  _mpuSetRegion_                      
UNDEFED   _system_post_cinit                  
000109fc  abort                               
000058c4  adc1GetConfigValue                  
000107fc  adc1Group1Interrupt                 
000054a0  adcCalibration                      
00005864  adcDisableNotification              
00005814  adcEnableNotification               
00005278  adcGetData                          
000058ac  adcGetEVTPin                        
00005048  adcInit                             
00005470  adcIsConversionComplete             
00005440  adcIsFifoFull                       
00005678  adcMidPointCalibration              
0000bb5c  adcNotification                     
00005250  adcResetFiFo                        
0000588c  adcSetEVTPin                        
000051a4  adcStartConversion                  
00005228  adcStopConversion                   
ffffffff  binit                               
00010978  copysign                            
00010978  copysignl                           
00006dec  customTrimLPO                       
00010294  dmaGroupANotification               
0000b598  dwdClearFlag                        
0000b49c  dwdCounterEnable                    
0000b500  dwdGenerateSysReset                 
0000b560  dwdGetStatus                        
0000b5b4  dwdGetViolationStatus               
0000b40c  dwdInit                             
0000b4d8  dwdReset                            
0000b4b8  dwdSetPreload                       
0000b484  dwwdGetCurrentDownCounter           
0000b438  dwwdInit                            
00010344  epcCAMFullNotification              
00010348  epcFIFOFullNotification             
080019b4  errno                               
0000a498  esmActivateNormalOperation          
0000a5e4  esmClearStatus                      
0000a648  esmClearStatusBuffer                
0000a624  esmClearStatusUpper                 
0000a444  esmDisableError                     
0000a46c  esmDisableErrorUpper                
0000a4ec  esmDisableInterrupt                 
0000a514  esmDisableInterruptUpper            
0000a400  esmEnableError                      
0000a428  esmEnableErrorUpper                 
0000a4a8  esmEnableInterrupt                  
0000a4d0  esmEnableInterruptUpper             
0000a778  esmEnterSelfTest                    
0000a3e4  esmError                            
0000a850  esmGetConfigValue                   
0000a684  esmGetStatus                        
0000a750  esmGetStatusBuffer                  
0000a708  esmGetStatusUpper                   
0001025c  esmGroup1Notification               
00010270  esmGroup2Notification               
00010284  esmGroup3Notification               
0000fd30  esmHighInterrupt                    
0000a288  esmInit                             
0000a800  esmSelfTestStatus                   
0000a664  esmSetCounterPreloadValue           
0000a530  esmSetInterruptLevel                
0000a5a4  esmSetInterruptLevelUpper           
0000a488  esmTriggerErrorPinReset             
00000aa4  etpwm1GetConfigValue                
000108a4  etpwm1Interrupt                     
00000da0  etpwm2GetConfigValue                
000010b0  etpwm3GetConfigValue                
00001390  etpwm4GetConfigValue                
00001670  etpwm5GetConfigValue                
00001958  etpwm6GetConfigValue                
00001c78  etpwm7GetConfigValue                
000009d8  etpwmClearEventFlag                 
000007a8  etpwmClearTripCondition             
000007c8  etpwmClearTripInterruptFlag         
0000066c  etpwmDisableChopping                
00000438  etpwmDisableCmpAShadowMode          
00000498  etpwmDisableCmpBShadowMode          
000002c8  etpwmDisableCounterLoadOnSync       
000005ec  etpwmDisableDeadband                
0000099c  etpwmDisableInterrupt               
00000878  etpwmDisableSOCA                    
00000910  etpwmDisableSOCB                    
00000234  etpwmDisableTimebasePeriodShadowMode
00000778  etpwmDisableTripInterrupt           
000006b0  etpwmDisableTripZoneSources         
00000638  etpwmEnableChopping                 
000003fc  etpwmEnableCmpAShadowMode           
00000458  etpwmEnableCmpBShadowMode           
00000278  etpwmEnableCounterLoadOnSync        
00000598  etpwmEnableDeadBand                 
00000a18  etpwmEnableDigitalCompareEvents     
00000930  etpwmEnableInterrupt                
00000804  etpwmEnableSOCA                     
0000089c  etpwmEnableSOCB                     
00000254  etpwmEnableTimebasePeriodShadowMode 
00000750  etpwmEnableTripInterrupt            
00000688  etpwmEnableTripZoneSources          
000007e4  etpwmForceTripEvent                 
000009c0  etpwmGetEventStatus                 
00000020  etpwmInit                           
00010320  etpwmNotification                   
000004b8  etpwmSetActionQualPwmA              
00000528  etpwmSetActionQualPwmB              
000001ac  etpwmSetClkDiv                      
000003bc  etpwmSetCmpA                        
000003dc  etpwmSetCmpB                        
00000214  etpwmSetCount                       
00000328  etpwmSetCounterMode                 
00000608  etpwmSetDeadBandDelay               
00000384  etpwmSetRunMode                     
000002ec  etpwmSetSyncOut                     
000001f4  etpwmSetTimebasePeriod              
000006e0  etpwmSetTripAction                  
00000118  etpwmStartTBCLK                     
00000164  etpwmStopTBCLK                      
000009f8  etpwmTriggerEvent                   
00000364  etpwmTriggerSWSync                  
00010330  etpwmTripNotification               
0000ef74  expf                                
0001000c  floor                               
000104e0  floorf                              
0001000c  floorl                              
00006894  getResetSource                      
0000ccd8  gioDisableNotification              
0000cc70  gioEnableNotification               
0000cbd8  gioGetBit                           
0000cd40  gioGetConfigValue                   
0000cc00  gioGetPort                          
0000ca78  gioInit                             
000102d0  gioNotification                     
0000cb68  gioSetBit                           
0000cb48  gioSetDirection                     
0000cbb8  gioSetPort                          
0000cc18  gioToggleBit                        
00010a04  handlePLLLockFail                   
00010140  ldexp                               
00010140  ldexpl                              
000109b4  lroundf                             
00010798  main                                
000066c4  mapClocks                           
0000fbb0  memcpy                              
00010440  memset                              
00003d50  mibspi4GetConfigValue               
00004014  mibspi5GetConfigValue               
00003d1c  mibspiDisableGroupNotification      
00003c28  mibspiDisableLoopback               
00003c94  mibspiEnableGroupNotification       
00003bf4  mibspiEnableLoopback                
000039dc  mibspiGetData                       
000102f8  mibspiGroupNotification             
00003378  mibspiInit                          
0000380c  mibspiIsBuffInitialized             
00003b88  mibspiIsTransferComplete            
000102e4  mibspiNotification                  
00003844  mibspiOutofReset                    
00003c44  mibspiPmodeSet                      
00003864  mibspiReset                         
000038a0  mibspiSetData                       
00003880  mibspiSetFunctional                 
00003b58  mibspiTransfer                      
00005b34  muxInit                             
00006610  periphInit                          
00010a08  phantomInterrupt                    
00000000  resetEntry                          
000106b4  roundf                              
00010584  rtiCompare0Interrupt                
000105d0  rtiCompare1Interrupt                
0000b66c  rtiDisableNotification              
0000b640  rtiEnableNotification               
0000b68c  rtiGetConfigValue                   
0000b374  rtiGetCurrentTick                   
0000b348  rtiGetPeriod                        
0000b15c  rtiInit                             
0000fb28  rtiNotification                     
0000b2b0  rtiResetCounter                     
0000b31c  rtiSetPeriod                        
0000b250  rtiStartCounter                     
0000b280  rtiStopCounter                      
00010140  scalbn                              
00010140  scalbnl                             
00009938  sci3GetConfigValue                  
0000f7fc  sci3HighLevelInterrupt              
000097ac  sciDisableLoopback                  
00009860  sciDisableNotification              
00009778  sciEnableLoopback                   
000097c8  sciEnableNotification               
000098f8  sciEnterResetState                  
00009918  sciExitResetState                   
0000927c  sciInit                             
000095f0  sciIsIdleDetected                   
000095d4  sciIsRxReady                        
00009424  sciIsTxReady                        
0000c998  sciNotification                     
00009668  sciReceive                          
0000963c  sciReceiveByte                      
0000960c  sciRxError                          
00009470  sciSend                             
00009440  sciSendByte                         
00009388  sciSetBaudrate                      
00009368  sciSetFunctional                    
000065d0  setupFlash                          
000064fc  setupPLL                            
0000aa74  sinf                                
00010944  sqrtf                               
000069bc  systemGetConfigValue                
000067f0  systemInit                          
00006864  systemPowerDown                     
0000655c  trimLPO                             
000046a4  uart_encode_value                   
00006f68  vimChannelMap                       
000071d4  vimDisableInterrupt                 
0000e9b4  vimECCErrorHandler                  
0000700c  vimEnableInterrupt                  
00007280  vimGetConfigValue                   
00006e94  vimInit                             


GLOBAL SYMBOLS: SORTED BY Symbol Address 

address   name                                
-------   ----                                
00000000  __TI_static_base__                  
00000000  resetEntry                          
00000020  etpwmInit                           
00000118  etpwmStartTBCLK                     
00000164  etpwmStopTBCLK                      
000001ac  etpwmSetClkDiv                      
000001f4  etpwmSetTimebasePeriod              
00000214  etpwmSetCount                       
00000234  etpwmDisableTimebasePeriodShadowMode
00000254  etpwmEnableTimebasePeriodShadowMode 
00000278  etpwmEnableCounterLoadOnSync        
000002c8  etpwmDisableCounterLoadOnSync       
000002ec  etpwmSetSyncOut                     
00000328  etpwmSetCounterMode                 
00000364  etpwmTriggerSWSync                  
00000384  etpwmSetRunMode                     
000003bc  etpwmSetCmpA                        
000003dc  etpwmSetCmpB                        
000003fc  etpwmEnableCmpAShadowMode           
00000438  etpwmDisableCmpAShadowMode          
00000458  etpwmEnableCmpBShadowMode           
00000498  etpwmDisableCmpBShadowMode          
000004b8  etpwmSetActionQualPwmA              
00000528  etpwmSetActionQualPwmB              
00000598  etpwmEnableDeadBand                 
000005ec  etpwmDisableDeadband                
00000608  etpwmSetDeadBandDelay               
00000638  etpwmEnableChopping                 
0000066c  etpwmDisableChopping                
00000688  etpwmEnableTripZoneSources          
000006b0  etpwmDisableTripZoneSources         
000006e0  etpwmSetTripAction                  
00000750  etpwmEnableTripInterrupt            
00000778  etpwmDisableTripInterrupt           
000007a8  etpwmClearTripCondition             
000007c8  etpwmClearTripInterruptFlag         
000007e4  etpwmForceTripEvent                 
00000804  etpwmEnableSOCA                     
00000878  etpwmDisableSOCA                    
0000089c  etpwmEnableSOCB                     
00000910  etpwmDisableSOCB                    
00000930  etpwmEnableInterrupt                
0000099c  etpwmDisableInterrupt               
000009c0  etpwmGetEventStatus                 
000009d8  etpwmClearEventFlag                 
000009f8  etpwmTriggerEvent                   
00000a18  etpwmEnableDigitalCompareEvents     
00000aa4  etpwm1GetConfigValue                
00000da0  etpwm2GetConfigValue                
000010b0  etpwm3GetConfigValue                
00001390  etpwm4GetConfigValue                
00001670  etpwm5GetConfigValue                
00001958  etpwm6GetConfigValue                
00001c78  etpwm7GetConfigValue                
000027bc  AppOrch_Init                        
00002918  AppOrch_Tick1kHz                    
00002f90  AppOrch_Tick10kHz                   
00003310  AppOrch_State                       
00003328  AppOrch_Faults                      
0000334c  AppOrch_RequestShutdown             
00003378  mibspiInit                          
0000380c  mibspiIsBuffInitialized             
00003844  mibspiOutofReset                    
00003864  mibspiReset                         
00003880  mibspiSetFunctional                 
000038a0  mibspiSetData                       
000039dc  mibspiGetData                       
00003b58  mibspiTransfer                      
00003b88  mibspiIsTransferComplete            
00003bf4  mibspiEnableLoopback                
00003c28  mibspiDisableLoopback               
00003c44  mibspiPmodeSet                      
00003c94  mibspiEnableGroupNotification       
00003d1c  mibspiDisableGroupNotification      
00003d50  mibspi4GetConfigValue               
00004014  mibspi5GetConfigValue               
00004638  UartTelemetry_Init                  
00004674  UartTelemetry_SetPeriodMs           
000046a4  uart_encode_value                   
00004748  UartTelemetryBurst_Tick             
0000480c  UartRx_Init                         
00004c70  UartRx_Poll                         
00004d24  UartRx_PopWaveform                  
00004ed4  UartRx_PopPid                       
00004f88  UartDecode_Duty01                   
00004fb4  UartDecode_CurrentA                 
00004fe0  UartDecode_PositionDeg              
0000500c  UartDecode_Gain                     
00005048  adcInit                             
000051a4  adcStartConversion                  
00005228  adcStopConversion                   
00005250  adcResetFiFo                        
00005278  adcGetData                          
00005440  adcIsFifoFull                       
00005470  adcIsConversionComplete             
000054a0  adcCalibration                      
00005678  adcMidPointCalibration              
00005814  adcEnableNotification               
00005864  adcDisableNotification              
0000588c  adcSetEVTPin                        
000058ac  adcGetEVTPin                        
000058c4  adc1GetConfigValue                  
00005b34  muxInit                             
000064fc  setupPLL                            
0000655c  trimLPO                             
000065d0  setupFlash                          
00006610  periphInit                          
000066c4  mapClocks                           
000067f0  systemInit                          
00006864  systemPowerDown                     
00006894  getResetSource                      
000069bc  systemGetConfigValue                
00006dec  customTrimLPO                       
00006e94  vimInit                             
00006f68  vimChannelMap                       
0000700c  vimEnableInterrupt                  
000071d4  vimDisableInterrupt                 
00007280  vimGetConfigValue                   
00007bd8  PlantControl_Init                   
00007cf8  PlantControl_EnableCascade          
00007d18  PlantControl_Reset                  
00007d78  PlantControl_Step1kHz               
00007e24  PlantControl_Step1kHz_RefOnly       
00007e48  PlantControl_IsInPosition           
00007e60  PlantControl_LastCommand            
00007e78  PlantControl_ApplyAmpAdapter        
00007e9c  PlantSetDutyDir                     
00007fb4  PlantSetDutyDir_Sine10Hz            
00008090  LimitCurrent_TRIPM1                 
00008360  WaveGen_Init                        
0000845c  WaveGen_StageFromTune               
000085bc  WaveGen_CommitIfStaged              
0000869c  WaveGen_Step                        
000088d8  SignalGens_Init                     
0000893c  SignalGens_UpdateFromStore          
00008b60  PcmTest_Init                        
00008c18  PcmTest_Stop                        
00008c58  PcmTest_Start                       
00008d44  PcmTest_Tick10kHz                   
0000927c  sciInit                             
00009368  sciSetFunctional                    
00009388  sciSetBaudrate                      
00009424  sciIsTxReady                        
00009440  sciSendByte                         
00009470  sciSend                             
000095d4  sciIsRxReady                        
000095f0  sciIsIdleDetected                   
0000960c  sciRxError                          
0000963c  sciReceiveByte                      
00009668  sciReceive                          
00009778  sciEnableLoopback                   
000097ac  sciDisableLoopback                  
000097c8  sciEnableNotification               
00009860  sciDisableNotification              
000098f8  sciEnterResetState                  
00009918  sciExitResetState                   
00009938  sci3GetConfigValue                  
00009b08  __kernel_rem_pio2                   
0000a288  esmInit                             
0000a3e4  esmError                            
0000a400  esmEnableError                      
0000a428  esmEnableErrorUpper                 
0000a444  esmDisableError                     
0000a46c  esmDisableErrorUpper                
0000a488  esmTriggerErrorPinReset             
0000a498  esmActivateNormalOperation          
0000a4a8  esmEnableInterrupt                  
0000a4d0  esmEnableInterruptUpper             
0000a4ec  esmDisableInterrupt                 
0000a514  esmDisableInterruptUpper            
0000a530  esmSetInterruptLevel                
0000a5a4  esmSetInterruptLevelUpper           
0000a5e4  esmClearStatus                      
0000a624  esmClearStatusUpper                 
0000a648  esmClearStatusBuffer                
0000a664  esmSetCounterPreloadValue           
0000a684  esmGetStatus                        
0000a708  esmGetStatusUpper                   
0000a750  esmGetStatusBuffer                  
0000a778  esmEnterSelfTest                    
0000a800  esmSelfTestStatus                   
0000a850  esmGetConfigValue                   
0000aa74  sinf                                
0000b15c  rtiInit                             
0000b250  rtiStartCounter                     
0000b280  rtiStopCounter                      
0000b2b0  rtiResetCounter                     
0000b31c  rtiSetPeriod                        
0000b348  rtiGetPeriod                        
0000b374  rtiGetCurrentTick                   
0000b40c  dwdInit                             
0000b438  dwwdInit                            
0000b484  dwwdGetCurrentDownCounter           
0000b49c  dwdCounterEnable                    
0000b4b8  dwdSetPreload                       
0000b4d8  dwdReset                            
0000b500  dwdGenerateSysReset                 
0000b528  IsdwdKeySequenceCorrect             
0000b560  dwdGetStatus                        
0000b598  dwdClearFlag                        
0000b5b4  dwdGetViolationStatus               
0000b640  rtiEnableNotification               
0000b66c  rtiDisableNotification              
0000b68c  rtiGetConfigValue                   
0000b7f4  DrvAdc_Init                         
0000b818  DrvAdc_Pos_Init                     
0000b8d8  DrvAdc_Pos_Reset                    
0000b95c  DrvAdc_ReadEnc_1kHz                 
0000babc  DrvAdc_ReadCurr_10kHz               
0000bb38  DrvAdc_PeekLast_Pcm1                
0000bb44  DrvAdc_PeekLast_Enc1                
0000bb50  DrvAdc_PeekLast_Acm1                
0000bb5c  adcNotification                     
0000bd78  PlantControl_SetPosMaPow2           
0000be64  _errata_SSWF021_45_both_plls        
0000c058  _errata_SSWF021_45_pll1             
0000c1d0  _errata_SSWF021_45_pll2             
0000c7a8  DrvSci_Init                         
0000c834  DrvSci_Write                        
0000c8d4  DrvSci_Dropped                      
0000c8e0  DrvSci_RxAvailable                  
0000c8ec  DrvSci_ReadByte                     
0000c914  DrvSci_Read                         
0000c98c  DrvSci_RxDropped                    
0000c998  sciNotification                     
0000ca78  gioInit                             
0000cb48  gioSetDirection                     
0000cb68  gioSetBit                           
0000cbb8  gioSetPort                          
0000cbd8  gioGetBit                           
0000cc00  gioGetPort                          
0000cc18  gioToggleBit                        
0000cc70  gioEnableNotification               
0000ccd8  gioDisableNotification              
0000cd40  gioGetConfigValue                   
0000cfa4  Btn_Init                            
0000d0c4  Btn_Tick1kHz                        
0000d288  Btn_PopClickBurst                   
0000d2e0  Btn_LongPressLatched                
0000d2f8  Btn_ClearLongPress                  
0000d314  Btn_TriggerHarakiri                 
0000d4ac  BoardPwr_Init                       
0000d504  BoardPwr_EnableVmot                 
0000d518  Laser_Enable                        
0000d52c  BoardPwr_ReadStatus                 
0000d5a0  BoardPwr_Tick1kHz                   
0000d6f4  BoardPwr_ClearFault                 
0000d710  BoardPwr_IsPowerOk                  
0000d728  BoardPwr_IsFaultLatched             
0000d7a0  SpGen_DefaultCfg                    
0000d7a8  SpGen_Init                          
0000d8d8  SpGen_Arm                           
0000d96c  SpGen_Disarm                        
0000d988  SpGen_SetStepLsb                    
0000d9ac  SpGen_SetAdvanceMs                  
0000dab8  SpGen_Tick1ms                       
0000db0c  SpGen_Get                           
0000db24  SpGen_RegisterAsRtiHook             
0000dc88  DrvPwm_Init                         
0000dda0  DrvPwm_SetMode                      
0000ddbc  DrvPwm_GetMode                      
0000ddc8  DrvPwm_SetDutyRawAB                 
0000de14  DrvPwm_Coast                        
0000de30  DrvPwm_Brake                        
0000de44  DrvPwm_Drive                        
0000df10  _coreInitRegisters_                 
0000e01c  _coreInitStackPointer_              
0000e068  _getCPSRValue_                      
0000e070  _gotoCPUIdle_                       
0000e088  _coreEnableVfp_                     
0000e0a0  _coreEnableEventBusExport_          
0000e0b0  _coreDisableEventBusExport_         
0000e0c0  _coreEnableIrqVicOffset_            
0000e0d0  _coreGetDataFault_                  
0000e0d8  _coreClearDataFault_                
0000e0e4  _coreGetInstructionFault_           
0000e0ec  _coreClearInstructionFault_         
0000e0f8  _coreGetDataFaultAddress_           
0000e100  _coreClearDataFaultAddress_         
0000e10c  _coreGetInstructionFaultAddress_    
0000e114  _coreClearInstructionFaultAddress_  
0000e120  _coreGetAuxiliaryDataFault_         
0000e128  _coreClearAuxiliaryDataFault_       
0000e134  _coreGetAuxiliaryInstructionFault_  
0000e13c  _coreClearAuxiliaryInstructionFault_
0000e148  _disable_IRQ_interrupt_             
0000e150  _enable_IRQ_interrupt_              
0000e158  _enable_interrupt_                  
0000e160  _esmCcmErrorsClear_                 
0000e1e8  _memInit_                           
0000e21c  _checkMemInitOn_                    
0000e23c  _cacheEnable_                       
0000e280  _cacheDisable_                      
0000e2a4  _dCacheInvalidate_                  
0000e2b8  _iCacheInvalidate_                  
0000e2cc  __TI_PINIT_Base                     
0000e2d0  __TI_PINIT_Limit                    
0000e388  Uart_Init                           
0000e3f0  Uart_TrySendPos                     
0000e46c  Uart_TrySendCur                     
0000e4e8  Uart_TrySendCur_mA                  
0000e588  Uart_TrySendCurSigned_mA            
0000e648  _mpuInit_                           
0000e900  _mpuEnable_                         
0000e918  _mpuDisable_                        
0000e930  _mpuEnableBackgroundRegion_         
0000e940  _mpuDisableBackgroundRegion_        
0000e950  _mpuGetNumberOfRegions_             
0000e95c  _mpuAreRegionsSeparate_             
0000e968  _mpuSetRegion_                      
0000e970  _mpuGetRegion_                      
0000e978  _mpuSetRegionBaseAddress_           
0000e980  _mpuGetRegionBaseAddress_           
0000e988  _mpuSetRegionTypeAndPermission_     
0000e994  _mpuGetRegionType_                  
0000e9a0  _mpuGetRegionPermission_            
0000e9ac  _mpuSetRegionSizeRegister_          
0000e9b4  vimECCErrorHandler                  
0000eda4  TuningStore_Init                    
0000ee08  TuningStore_ApplyWaveform           
0000ef00  TuningStore_ApplyPid                
0000ef5c  TuningStore_Version                 
0000ef74  expf                                
0000f21c  Led_Init                            
0000f244  Led_Set                             
0000f2a0  Led_On                              
0000f2b8  Led_Off                             
0000f2d0  Led_Toggle                          
0000f374  Led_IsOn                            
0000f438  CurPi_DefaultCfg                    
0000f440  CurPi_Init                          
0000f470  CurPi_Reset                         
0000f4b0  CurPi_Step                          
0000f61c  CtrlPid_Init                        
0000f64c  CtrlPid_Reset                       
0000f680  CtrlPid_Step                        
0000f7fc  sci3HighLevelInterrupt              
0000fa00  DrvRti_Init_1kHz                    
0000fa28  DrvRtiFast_Init_10kHz               
0000fa4c  DrvRti_ConsumeTick                  
0000fa98  DrvRtiFast_ConsumeTick              
0000fae4  DrvRti_Millis                       
0000faf0  DrvRti_RegisterHook                 
0000fb0c  DrvRti_RegisterHook_Fast            
0000fb28  rtiNotification                     
0000fbb0  __aeabi_memcpy                      
0000fbb0  __aeabi_memcpy4                     
0000fbb0  __aeabi_memcpy8                     
0000fbb0  memcpy                              
0000fd30  esmHighInterrupt                    
0000fea8  IRef_Init                           
0000ff18  IRef_Tick1kHz                       
0001000c  floor                               
0001000c  floorl                              
00010140  ldexp                               
00010140  ldexpl                              
00010140  scalbn                              
00010140  scalbnl                             
0001025c  esmGroup1Notification               
00010270  esmGroup2Notification               
00010284  esmGroup3Notification               
00010294  dmaGroupANotification               
000102d0  gioNotification                     
000102e4  mibspiNotification                  
000102f8  mibspiGroupNotification             
00010320  etpwmNotification                   
00010330  etpwmTripNotification               
00010344  epcCAMFullNotification              
00010348  epcFIFOFullNotification             
00010358  _c_int00                            
00010430  __aeabi_memclr                      
00010430  __aeabi_memclr4                     
00010430  __aeabi_memclr8                     
00010434  __aeabi_memset                      
00010434  __aeabi_memset4                     
00010434  __aeabi_memset8                     
00010440  memset                              
000104e0  floorf                              
00010584  rtiCompare0Interrupt                
000105d0  rtiCompare1Interrupt                
00010624  __TI_decompress_lzss                
000106b4  roundf                              
00010730  __TI_auto_init_nobinit_nopinit      
00010798  main                                
000107fc  adc1Group1Interrupt                 
00010850  __aeabi_idiv                        
00010850  __aeabi_idivmod                     
000108a4  etpwm1Interrupt                     
000108f4  __aeabi_uidiv                       
000108f4  __aeabi_uidivmod                    
00010944  sqrtf                               
00010978  copysign                            
00010978  copysignl                           
000109a0  __TI_decompress_none                
000109b4  lroundf                             
000109c8  __TI_zero_init                      
000109d8  __aeabi_errno_addr                  
000109e4  CtrlPid_DefaultCfg                  
000109f0  PlantControl_BaseCfg                
000109fc  C$$EXIT                             
000109fc  abort                               
00010a04  handlePLLLockFail                   
00010a08  phantomInterrupt                    
00010a0c  __aeabi_idiv0                       
00010a0c  __aeabi_ldiv0                       
00010e0c  LED_BLU                             
00010e18  LED_GRN                             
00010e24  LED_RED                             
00010e7c  __TI_Handler_Table_Base             
00010e88  __TI_Handler_Table_Limit            
00010e90  __TI_CINIT_Base                     
00010ea0  __TI_CINIT_Limit                    
08001500  __start___llvm_prf_cnts             
08001500  __stop___llvm_prf_cnts              
080019b4  errno                               
ffffffff  __TI_pprof_out_hndl                 
ffffffff  __TI_prof_data_size                 
ffffffff  __TI_prof_data_start                
ffffffff  __binit__                           
ffffffff  __c_args__                          
ffffffff  binit                               
UNDEFED   SHT$$INIT_ARRAY$$Base               
UNDEFED   SHT$$INIT_ARRAY$$Limit              
UNDEFED   _system_post_cinit                  

[424 symbols]
