<?xml version="1.0" encoding="ISO-8859-1" ?>
<link_info>
   <banner>TI ARM Linker PC v20.2.7.LTS</banner>
   <copyright>Copyright (c) 1996-2018 Texas Instruments Incorporated</copyright>
   <link_time>0x697cbd59</link_time>
   <link_errors>0x0</link_errors>
   <output_file>DC_Maxon_DRV8871.out</output_file>
   <entry_point>
      <name>_c_int00</name>
      <address>0x10358</address>
   </entry_point>
   <input_file_list>
      <input_file id="fl-2">
         <path>.\source\</path>
         <kind>object</kind>
         <file>HL_adc.obj</file>
         <name>HL_adc.obj</name>
      </input_file>
      <input_file id="fl-3">
         <path>.\source\</path>
         <kind>object</kind>
         <file>HL_epc.obj</file>
         <name>HL_epc.obj</name>
      </input_file>
      <input_file id="fl-4">
         <path>.\source\</path>
         <kind>object</kind>
         <file>HL_errata.obj</file>
         <name>HL_errata.obj</name>
      </input_file>
      <input_file id="fl-5">
         <path>.\source\</path>
         <kind>object</kind>
         <file>HL_errata_SSWF021_45.obj</file>
         <name>HL_errata_SSWF021_45.obj</name>
      </input_file>
      <input_file id="fl-6">
         <path>.\source\</path>
         <kind>object</kind>
         <file>HL_esm.obj</file>
         <name>HL_esm.obj</name>
      </input_file>
      <input_file id="fl-7">
         <path>.\source\</path>
         <kind>object</kind>
         <file>HL_etpwm.obj</file>
         <name>HL_etpwm.obj</name>
      </input_file>
      <input_file id="fl-8">
         <path>.\source\</path>
         <kind>object</kind>
         <file>HL_gio.obj</file>
         <name>HL_gio.obj</name>
      </input_file>
      <input_file id="fl-9">
         <path>.\source\</path>
         <kind>object</kind>
         <file>HL_mibspi.obj</file>
         <name>HL_mibspi.obj</name>
      </input_file>
      <input_file id="fl-a">
         <path>.\source\</path>
         <kind>object</kind>
         <file>HL_nmpu.obj</file>
         <name>HL_nmpu.obj</name>
      </input_file>
      <input_file id="fl-b">
         <path>.\source\</path>
         <kind>object</kind>
         <file>HL_notification.obj</file>
         <name>HL_notification.obj</name>
      </input_file>
      <input_file id="fl-c">
         <path>.\source\</path>
         <kind>object</kind>
         <file>HL_pinmux.obj</file>
         <name>HL_pinmux.obj</name>
      </input_file>
      <input_file id="fl-d">
         <path>.\source\</path>
         <kind>object</kind>
         <file>HL_rti.obj</file>
         <name>HL_rti.obj</name>
      </input_file>
      <input_file id="fl-e">
         <path>.\source\</path>
         <kind>object</kind>
         <file>HL_sci.obj</file>
         <name>HL_sci.obj</name>
      </input_file>
      <input_file id="fl-f">
         <path>.\source\</path>
         <kind>object</kind>
         <file>HL_sys_core.obj</file>
         <name>HL_sys_core.obj</name>
      </input_file>
      <input_file id="fl-10">
         <path>.\source\</path>
         <kind>object</kind>
         <file>HL_sys_dma.obj</file>
         <name>HL_sys_dma.obj</name>
      </input_file>
      <input_file id="fl-11">
         <path>.\source\</path>
         <kind>object</kind>
         <file>HL_sys_intvecs.obj</file>
         <name>HL_sys_intvecs.obj</name>
      </input_file>
      <input_file id="fl-12">
         <path>.\source\</path>
         <kind>object</kind>
         <file>HL_sys_main.obj</file>
         <name>HL_sys_main.obj</name>
      </input_file>
      <input_file id="fl-13">
         <path>.\source\</path>
         <kind>object</kind>
         <file>HL_sys_mpu.obj</file>
         <name>HL_sys_mpu.obj</name>
      </input_file>
      <input_file id="fl-14">
         <path>.\source\</path>
         <kind>object</kind>
         <file>HL_sys_pcr.obj</file>
         <name>HL_sys_pcr.obj</name>
      </input_file>
      <input_file id="fl-15">
         <path>.\source\</path>
         <kind>object</kind>
         <file>HL_sys_phantom.obj</file>
         <name>HL_sys_phantom.obj</name>
      </input_file>
      <input_file id="fl-16">
         <path>.\source\</path>
         <kind>object</kind>
         <file>HL_sys_pmm.obj</file>
         <name>HL_sys_pmm.obj</name>
      </input_file>
      <input_file id="fl-17">
         <path>.\source\</path>
         <kind>object</kind>
         <file>HL_sys_pmu.obj</file>
         <name>HL_sys_pmu.obj</name>
      </input_file>
      <input_file id="fl-18">
         <path>.\source\</path>
         <kind>object</kind>
         <file>HL_sys_startup.obj</file>
         <name>HL_sys_startup.obj</name>
      </input_file>
      <input_file id="fl-19">
         <path>.\source\</path>
         <kind>object</kind>
         <file>HL_sys_vim.obj</file>
         <name>HL_sys_vim.obj</name>
      </input_file>
      <input_file id="fl-1a">
         <path>.\source\</path>
         <kind>object</kind>
         <file>HL_system.obj</file>
         <name>HL_system.obj</name>
      </input_file>
      <input_file id="fl-1b">
         <path>.\source\app\</path>
         <kind>object</kind>
         <file>app_calibrator.obj</file>
         <name>app_calibrator.obj</name>
      </input_file>
      <input_file id="fl-1c">
         <path>.\source\app\</path>
         <kind>object</kind>
         <file>app_orchestrator.obj</file>
         <name>app_orchestrator.obj</name>
      </input_file>
      <input_file id="fl-1d">
         <path>.\source\button\</path>
         <kind>object</kind>
         <file>pushbutton.obj</file>
         <name>pushbutton.obj</name>
      </input_file>
      <input_file id="fl-1e">
         <path>.\source\control_timer\</path>
         <kind>object</kind>
         <file>drv_rti.obj</file>
         <name>drv_rti.obj</name>
      </input_file>
      <input_file id="fl-1f">
         <path>.\source\controller\</path>
         <kind>object</kind>
         <file>ctrl_pid.obj</file>
         <name>ctrl_pid.obj</name>
      </input_file>
      <input_file id="fl-20">
         <path>.\source\controller\</path>
         <kind>object</kind>
         <file>ctrl_pid_defaults.obj</file>
         <name>ctrl_pid_defaults.obj</name>
      </input_file>
      <input_file id="fl-21">
         <path>.\source\controller\</path>
         <kind>object</kind>
         <file>current_ctrl.obj</file>
         <name>current_ctrl.obj</name>
      </input_file>
      <input_file id="fl-22">
         <path>.\source\debug\</path>
         <kind>object</kind>
         <file>drv_sci.obj</file>
         <name>drv_sci.obj</name>
      </input_file>
      <input_file id="fl-23">
         <path>.\source\debug\</path>
         <kind>object</kind>
         <file>uart.obj</file>
         <name>uart.obj</name>
      </input_file>
      <input_file id="fl-24">
         <path>.\source\debug\</path>
         <kind>object</kind>
         <file>uart_to_qt.obj</file>
         <name>uart_to_qt.obj</name>
      </input_file>
      <input_file id="fl-25">
         <path>.\source\leds\</path>
         <kind>object</kind>
         <file>signaling_leds.obj</file>
         <name>signaling_leds.obj</name>
      </input_file>
      <input_file id="fl-26">
         <path>.\source\motor_driver\</path>
         <kind>object</kind>
         <file>drv_etpwm.obj</file>
         <name>drv_etpwm.obj</name>
      </input_file>
      <input_file id="fl-27">
         <path>.\source\plant\</path>
         <kind>object</kind>
         <file>plant_control.obj</file>
         <name>plant_control.obj</name>
      </input_file>
      <input_file id="fl-28">
         <path>.\source\plant\</path>
         <kind>object</kind>
         <file>plant_control_defaults.obj</file>
         <name>plant_control_defaults.obj</name>
      </input_file>
      <input_file id="fl-29">
         <path>.\source\power_up_ups\</path>
         <kind>object</kind>
         <file>board_power.obj</file>
         <name>board_power.obj</name>
      </input_file>
      <input_file id="fl-2a">
         <path>.\source\sampling_adc\</path>
         <kind>object</kind>
         <file>current_ctrl.obj</file>
         <name>current_ctrl.obj</name>
      </input_file>
      <input_file id="fl-2b">
         <path>.\source\sampling_adc\</path>
         <kind>object</kind>
         <file>drv_adc.obj</file>
         <name>drv_adc.obj</name>
      </input_file>
      <input_file id="fl-2c">
         <path>.\source\setpoint\</path>
         <kind>object</kind>
         <file>sp_CurGen.obj</file>
         <name>sp_CurGen.obj</name>
      </input_file>
      <input_file id="fl-2d">
         <path>.\source\setpoint\</path>
         <kind>object</kind>
         <file>sp_gen.obj</file>
         <name>sp_gen.obj</name>
      </input_file>
      <input_file id="fl-2e">
         <path>.\source\target_generators\</path>
         <kind>object</kind>
         <file>waveform_engine.obj</file>
         <name>waveform_engine.obj</name>
      </input_file>
      <input_file id="fl-2f">
         <path>.\source\tests\</path>
         <kind>object</kind>
         <file>pcm_tests.obj</file>
         <name>pcm_tests.obj</name>
      </input_file>
      <input_file id="fl-30">
         <path>.\source\tuning\</path>
         <kind>object</kind>
         <file>tuning_store.obj</file>
         <name>tuning_store.obj</name>
      </input_file>
      <input_file id="fl-34">
         <kind>object</kind>
         <file>&lt;internal&gt;</file>
         <name>&lt;internal&gt;</name>
      </input_file>
      <input_file id="fl-ea">
         <path>C:\ti\ccs1270\ccs\tools\compiler\ti-cgt-arm_20.2.7.LTS\lib\</path>
         <kind>archive</kind>
         <file>rtsv7R4_A_le_v3D16_eabi.lib</file>
         <name>e_expf.c.obj</name>
      </input_file>
      <input_file id="fl-eb">
         <path>C:\ti\ccs1270\ccs\tools\compiler\ti-cgt-arm_20.2.7.LTS\lib\</path>
         <kind>archive</kind>
         <file>rtsv7R4_A_le_v3D16_eabi.lib</file>
         <name>e_sqrtf.c.obj</name>
      </input_file>
      <input_file id="fl-ec">
         <path>C:\ti\ccs1270\ccs\tools\compiler\ti-cgt-arm_20.2.7.LTS\lib\</path>
         <kind>archive</kind>
         <file>rtsv7R4_A_le_v3D16_eabi.lib</file>
         <name>s_lroundf.c.obj</name>
      </input_file>
      <input_file id="fl-ed">
         <path>C:\ti\ccs1270\ccs\tools\compiler\ti-cgt-arm_20.2.7.LTS\lib\</path>
         <kind>archive</kind>
         <file>rtsv7R4_A_le_v3D16_eabi.lib</file>
         <name>s_roundf.c.obj</name>
      </input_file>
      <input_file id="fl-ee">
         <path>C:\ti\ccs1270\ccs\tools\compiler\ti-cgt-arm_20.2.7.LTS\lib\</path>
         <kind>archive</kind>
         <file>rtsv7R4_A_le_v3D16_eabi.lib</file>
         <name>s_sinf.c.obj</name>
      </input_file>
      <input_file id="fl-ef">
         <path>C:\ti\ccs1270\ccs\tools\compiler\ti-cgt-arm_20.2.7.LTS\lib\</path>
         <kind>archive</kind>
         <file>rtsv7R4_A_le_v3D16_eabi.lib</file>
         <name>s_floor.c.obj</name>
      </input_file>
      <input_file id="fl-f0">
         <path>C:\ti\ccs1270\ccs\tools\compiler\ti-cgt-arm_20.2.7.LTS\lib\</path>
         <kind>archive</kind>
         <file>rtsv7R4_A_le_v3D16_eabi.lib</file>
         <name>memcpy32.asm.obj</name>
      </input_file>
      <input_file id="fl-f1">
         <path>C:\ti\ccs1270\ccs\tools\compiler\ti-cgt-arm_20.2.7.LTS\lib\</path>
         <kind>archive</kind>
         <file>rtsv7R4_A_le_v3D16_eabi.lib</file>
         <name>memset32.asm.obj</name>
      </input_file>
      <input_file id="fl-f2">
         <path>C:\ti\ccs1270\ccs\tools\compiler\ti-cgt-arm_20.2.7.LTS\lib\</path>
         <kind>archive</kind>
         <file>rtsv7R4_A_le_v3D16_eabi.lib</file>
         <name>i_div32.asm.obj</name>
      </input_file>
      <input_file id="fl-f3">
         <path>C:\ti\ccs1270\ccs\tools\compiler\ti-cgt-arm_20.2.7.LTS\lib\</path>
         <kind>archive</kind>
         <file>rtsv7R4_A_le_v3D16_eabi.lib</file>
         <name>u_div32.asm.obj</name>
      </input_file>
      <input_file id="fl-f4">
         <path>C:\ti\ccs1270\ccs\tools\compiler\ti-cgt-arm_20.2.7.LTS\lib\</path>
         <kind>archive</kind>
         <file>rtsv7R4_A_le_v3D16_eabi.lib</file>
         <name>autoinit.c.obj</name>
      </input_file>
      <input_file id="fl-f5">
         <path>C:\ti\ccs1270\ccs\tools\compiler\ti-cgt-arm_20.2.7.LTS\lib\</path>
         <kind>archive</kind>
         <file>rtsv7R4_A_le_v3D16_eabi.lib</file>
         <name>cpy_tbl.c.obj</name>
      </input_file>
      <input_file id="fl-f6">
         <path>C:\ti\ccs1270\ccs\tools\compiler\ti-cgt-arm_20.2.7.LTS\lib\</path>
         <kind>archive</kind>
         <file>rtsv7R4_A_le_v3D16_eabi.lib</file>
         <name>copy_zero_init.c.obj</name>
      </input_file>
      <input_file id="fl-f7">
         <path>C:\ti\ccs1270\ccs\tools\compiler\ti-cgt-arm_20.2.7.LTS\lib\</path>
         <kind>archive</kind>
         <file>rtsv7R4_A_le_v3D16_eabi.lib</file>
         <name>copy_decompress_none.c.obj</name>
      </input_file>
      <input_file id="fl-f8">
         <path>C:\ti\ccs1270\ccs\tools\compiler\ti-cgt-arm_20.2.7.LTS\lib\</path>
         <kind>archive</kind>
         <file>rtsv7R4_A_le_v3D16_eabi.lib</file>
         <name>copy_decompress_lzss.c.obj</name>
      </input_file>
      <input_file id="fl-f9">
         <path>C:\ti\ccs1270\ccs\tools\compiler\ti-cgt-arm_20.2.7.LTS\lib\</path>
         <kind>archive</kind>
         <file>rtsv7R4_A_le_v3D16_eabi.lib</file>
         <name>exit.c.obj</name>
      </input_file>
      <input_file id="fl-fa">
         <path>C:\ti\ccs1270\ccs\tools\compiler\ti-cgt-arm_20.2.7.LTS\lib\</path>
         <kind>archive</kind>
         <file>rtsv7R4_A_le_v3D16_eabi.lib</file>
         <name>_lock.c.obj</name>
      </input_file>
      <input_file id="fl-fb">
         <path>C:\ti\ccs1270\ccs\tools\compiler\ti-cgt-arm_20.2.7.LTS\lib\</path>
         <kind>archive</kind>
         <file>rtsv7R4_A_le_v3D16_eabi.lib</file>
         <name>k_rem_pio2.c.obj</name>
      </input_file>
      <input_file id="fl-fc">
         <path>C:\ti\ccs1270\ccs\tools\compiler\ti-cgt-arm_20.2.7.LTS\lib\</path>
         <kind>archive</kind>
         <file>rtsv7R4_A_le_v3D16_eabi.lib</file>
         <name>errno.c.obj</name>
      </input_file>
      <input_file id="fl-fd">
         <path>C:\ti\ccs1270\ccs\tools\compiler\ti-cgt-arm_20.2.7.LTS\lib\</path>
         <kind>archive</kind>
         <file>rtsv7R4_A_le_v3D16_eabi.lib</file>
         <name>s_floorf.c.obj</name>
      </input_file>
      <input_file id="fl-fe">
         <path>C:\ti\ccs1270\ccs\tools\compiler\ti-cgt-arm_20.2.7.LTS\lib\</path>
         <kind>archive</kind>
         <file>rtsv7R4_A_le_v3D16_eabi.lib</file>
         <name>s_scalbn.c.obj</name>
      </input_file>
      <input_file id="fl-ff">
         <path>C:\ti\ccs1270\ccs\tools\compiler\ti-cgt-arm_20.2.7.LTS\lib\</path>
         <kind>archive</kind>
         <file>rtsv7R4_A_le_v3D16_eabi.lib</file>
         <name>div0.asm.obj</name>
      </input_file>
      <input_file id="fl-100">
         <path>C:\ti\ccs1270\ccs\tools\compiler\ti-cgt-arm_20.2.7.LTS\lib\</path>
         <kind>archive</kind>
         <file>rtsv7R4_A_le_v3D16_eabi.lib</file>
         <name>s_copysign.c.obj</name>
      </input_file>
   </input_file_list>
   <object_component_list>
      <object_component id="oc-43">
         <name>.intvecs</name>
         <load_address>0x0</load_address>
         <run_address>0x0</run_address>
         <size>0x20</size>
         <input_file_ref idref="fl-11"/>
      </object_component>
      <object_component id="oc-273">
         <name>.text</name>
         <load_address>0x20</load_address>
         <run_address>0x20</run_address>
         <size>0x2174</size>
         <input_file_ref idref="fl-7"/>
      </object_component>
      <object_component id="oc-164">
         <name>.text</name>
         <load_address>0x2194</load_address>
         <run_address>0x2194</run_address>
         <size>0x11e4</size>
         <input_file_ref idref="fl-1c"/>
      </object_component>
      <object_component id="oc-395">
         <name>.text</name>
         <load_address>0x3378</load_address>
         <run_address>0x3378</run_address>
         <size>0x109c</size>
         <input_file_ref idref="fl-9"/>
      </object_component>
      <object_component id="oc-27f">
         <name>.text</name>
         <load_address>0x4414</load_address>
         <run_address>0x4414</run_address>
         <size>0xc34</size>
         <input_file_ref idref="fl-24"/>
      </object_component>
      <object_component id="oc-17c">
         <name>.text</name>
         <load_address>0x5048</load_address>
         <run_address>0x5048</run_address>
         <size>0xaec</size>
         <input_file_ref idref="fl-2"/>
      </object_component>
      <object_component id="oc-104">
         <name>.text</name>
         <load_address>0x5b34</load_address>
         <run_address>0x5b34</run_address>
         <size>0x9c8</size>
         <input_file_ref idref="fl-c"/>
      </object_component>
      <object_component id="oc-82">
         <name>.text</name>
         <load_address>0x64fc</load_address>
         <run_address>0x64fc</run_address>
         <size>0x998</size>
         <input_file_ref idref="fl-1a"/>
      </object_component>
      <object_component id="oc-4f">
         <name>.text</name>
         <load_address>0x6e94</load_address>
         <run_address>0x6e94</run_address>
         <size>0x938</size>
         <input_file_ref idref="fl-19"/>
      </object_component>
      <object_component id="oc-279">
         <name>.text</name>
         <load_address>0x77cc</load_address>
         <run_address>0x77cc</run_address>
         <size>0x914</size>
         <input_file_ref idref="fl-27"/>
      </object_component>
      <object_component id="oc-28b">
         <name>.text</name>
         <load_address>0x80e0</load_address>
         <run_address>0x80e0</run_address>
         <size>0x914</size>
         <input_file_ref idref="fl-2e"/>
      </object_component>
      <object_component id="oc-297">
         <name>.text</name>
         <load_address>0x89f4</load_address>
         <run_address>0x89f4</run_address>
         <size>0x888</size>
         <input_file_ref idref="fl-2f"/>
      </object_component>
      <object_component id="oc-1d0">
         <name>.text</name>
         <load_address>0x927c</load_address>
         <run_address>0x927c</run_address>
         <size>0x87c</size>
         <input_file_ref idref="fl-e"/>
      </object_component>
      <object_component id="oc-440">
         <name>.text:__kernel_rem_pio2</name>
         <load_address>0x9af8</load_address>
         <run_address>0x9af8</run_address>
         <size>0x790</size>
         <input_file_ref idref="fl-fb"/>
      </object_component>
      <object_component id="oc-9a">
         <name>.text</name>
         <load_address>0xa288</load_address>
         <run_address>0xa288</run_address>
         <size>0x78c</size>
         <input_file_ref idref="fl-6"/>
      </object_component>
      <object_component id="oc-3a9">
         <name>.text:sinf</name>
         <load_address>0xaa14</load_address>
         <run_address>0xaa14</run_address>
         <size>0x748</size>
         <input_file_ref idref="fl-ee"/>
      </object_component>
      <object_component id="oc-1c0">
         <name>.text</name>
         <load_address>0xb15c</load_address>
         <run_address>0xb15c</run_address>
         <size>0x698</size>
         <input_file_ref idref="fl-d"/>
      </object_component>
      <object_component id="oc-b3">
         <name>.text</name>
         <load_address>0xb7f4</load_address>
         <run_address>0xb7f4</run_address>
         <size>0x670</size>
         <input_file_ref idref="fl-2b"/>
      </object_component>
      <object_component id="oc-88">
         <name>.text</name>
         <load_address>0xbe64</load_address>
         <run_address>0xbe64</run_address>
         <size>0x664</size>
         <input_file_ref idref="fl-5"/>
      </object_component>
      <object_component id="oc-cb">
         <name>.text</name>
         <load_address>0xc4c8</load_address>
         <run_address>0xc4c8</run_address>
         <size>0x5b0</size>
         <input_file_ref idref="fl-22"/>
      </object_component>
      <object_component id="oc-1d6">
         <name>.text</name>
         <load_address>0xca78</load_address>
         <run_address>0xca78</run_address>
         <size>0x484</size>
         <input_file_ref idref="fl-8"/>
      </object_component>
      <object_component id="oc-291">
         <name>.text</name>
         <load_address>0xcefc</load_address>
         <run_address>0xcefc</run_address>
         <size>0x444</size>
         <input_file_ref idref="fl-1d"/>
      </object_component>
      <object_component id="oc-26d">
         <name>.text</name>
         <load_address>0xd340</load_address>
         <run_address>0xd340</run_address>
         <size>0x408</size>
         <input_file_ref idref="fl-29"/>
      </object_component>
      <object_component id="oc-15e">
         <name>.text</name>
         <load_address>0xd748</load_address>
         <run_address>0xd748</run_address>
         <size>0x400</size>
         <input_file_ref idref="fl-2d"/>
      </object_component>
      <object_component id="oc-256">
         <name>.text</name>
         <load_address>0xdb48</load_address>
         <run_address>0xdb48</run_address>
         <size>0x3c8</size>
         <input_file_ref idref="fl-26"/>
      </object_component>
      <object_component id="oc-7d">
         <name>.text</name>
         <load_address>0xdf10</load_address>
         <run_address>0xdf10</run_address>
         <size>0x3c4</size>
         <input_file_ref idref="fl-f"/>
      </object_component>
      <object_component id="oc-2a3">
         <name>.text</name>
         <load_address>0xe2d4</load_address>
         <run_address>0xe2d4</run_address>
         <size>0x374</size>
         <input_file_ref idref="fl-23"/>
      </object_component>
      <object_component id="oc-a0">
         <name>.text</name>
         <load_address>0xe648</load_address>
         <run_address>0xe648</run_address>
         <size>0x36c</size>
         <input_file_ref idref="fl-13"/>
      </object_component>
      <object_component id="oc-4e">
         <name>.text:retain</name>
         <load_address>0xe9b4</load_address>
         <run_address>0xe9b4</run_address>
         <size>0x33c</size>
         <input_file_ref idref="fl-19"/>
      </object_component>
      <object_component id="oc-285">
         <name>.text</name>
         <load_address>0xecf0</load_address>
         <run_address>0xecf0</run_address>
         <size>0x284</size>
         <input_file_ref idref="fl-30"/>
      </object_component>
      <object_component id="oc-250">
         <name>.text:expf</name>
         <load_address>0xef74</load_address>
         <run_address>0xef74</run_address>
         <size>0x25c</size>
         <input_file_ref idref="fl-ea"/>
      </object_component>
      <object_component id="oc-25c">
         <name>.text</name>
         <load_address>0xf1d0</load_address>
         <run_address>0xf1d0</run_address>
         <size>0x214</size>
         <input_file_ref idref="fl-25"/>
      </object_component>
      <object_component id="oc-29d">
         <name>.text</name>
         <load_address>0xf3e4</load_address>
         <run_address>0xf3e4</run_address>
         <size>0x210</size>
         <input_file_ref idref="fl-21"/>
      </object_component>
      <object_component id="oc-3a3">
         <name>.text</name>
         <load_address>0xf5f4</load_address>
         <run_address>0xf5f4</run_address>
         <size>0x208</size>
         <input_file_ref idref="fl-1f"/>
      </object_component>
      <object_component id="oc-3d">
         <name>.text:retain</name>
         <load_address>0xf7fc</load_address>
         <run_address>0xf7fc</run_address>
         <size>0x204</size>
         <input_file_ref idref="fl-e"/>
      </object_component>
      <object_component id="oc-c4">
         <name>.text</name>
         <load_address>0xfa00</load_address>
         <run_address>0xfa00</run_address>
         <size>0x1b0</size>
         <input_file_ref idref="fl-1e"/>
      </object_component>
      <object_component id="oc-65">
         <name>.text</name>
         <load_address>0xfbb0</load_address>
         <run_address>0xfbb0</run_address>
         <size>0x180</size>
         <input_file_ref idref="fl-f0"/>
      </object_component>
      <object_component id="oc-2b">
         <name>.text:retain</name>
         <load_address>0xfd30</load_address>
         <run_address>0xfd30</run_address>
         <size>0x178</size>
         <input_file_ref idref="fl-6"/>
      </object_component>
      <object_component id="oc-267">
         <name>.text</name>
         <load_address>0xfea8</load_address>
         <run_address>0xfea8</run_address>
         <size>0x164</size>
         <input_file_ref idref="fl-2c"/>
      </object_component>
      <object_component id="oc-327">
         <name>.text:floor</name>
         <load_address>0x1000c</load_address>
         <run_address>0x1000c</run_address>
         <size>0x134</size>
         <input_file_ref idref="fl-ef"/>
      </object_component>
      <object_component id="oc-480">
         <name>.text:scalbn</name>
         <load_address>0x10140</load_address>
         <run_address>0x10140</run_address>
         <size>0x11c</size>
         <input_file_ref idref="fl-fe"/>
      </object_component>
      <object_component id="oc-94">
         <name>.text</name>
         <load_address>0x1025c</load_address>
         <run_address>0x1025c</run_address>
         <size>0xfc</size>
         <input_file_ref idref="fl-b"/>
      </object_component>
      <object_component id="oc-1c">
         <name>.text:retain</name>
         <load_address>0x10358</load_address>
         <run_address>0x10358</run_address>
         <size>0xd8</size>
         <input_file_ref idref="fl-18"/>
      </object_component>
      <object_component id="oc-fd">
         <name>.text</name>
         <load_address>0x10430</load_address>
         <run_address>0x10430</run_address>
         <size>0xb0</size>
         <input_file_ref idref="fl-f1"/>
      </object_component>
      <object_component id="oc-498">
         <name>.text:floorf</name>
         <load_address>0x104e0</load_address>
         <run_address>0x104e0</run_address>
         <size>0xa4</size>
         <input_file_ref idref="fl-fd"/>
      </object_component>
      <object_component id="oc-37">
         <name>.text:retain</name>
         <load_address>0x10584</load_address>
         <run_address>0x10584</run_address>
         <size>0xa0</size>
         <input_file_ref idref="fl-d"/>
      </object_component>
      <object_component id="oc-f">
         <name>.text:decompress:lzss:__TI_decompress_lzss</name>
         <load_address>0x10624</load_address>
         <run_address>0x10624</run_address>
         <size>0x90</size>
         <input_file_ref idref="fl-f8"/>
      </object_component>
      <object_component id="oc-44f">
         <name>.text:roundf</name>
         <load_address>0x106b4</load_address>
         <run_address>0x106b4</run_address>
         <size>0x7c</size>
         <input_file_ref idref="fl-ed"/>
      </object_component>
      <object_component id="oc-122">
         <name>.text:__TI_auto_init_nobinit_nopinit:__TI_auto_init_nobinit_nopinit</name>
         <load_address>0x10730</load_address>
         <run_address>0x10730</run_address>
         <size>0x68</size>
         <input_file_ref idref="fl-f4"/>
      </object_component>
      <object_component id="oc-a6">
         <name>.text</name>
         <load_address>0x10798</load_address>
         <run_address>0x10798</run_address>
         <size>0x64</size>
         <input_file_ref idref="fl-12"/>
      </object_component>
      <object_component id="oc-22">
         <name>.text:retain</name>
         <load_address>0x107fc</load_address>
         <run_address>0x107fc</run_address>
         <size>0x54</size>
         <input_file_ref idref="fl-2"/>
      </object_component>
      <object_component id="oc-262">
         <name>.text</name>
         <load_address>0x10850</load_address>
         <run_address>0x10850</run_address>
         <size>0x54</size>
         <input_file_ref idref="fl-f2"/>
      </object_component>
      <object_component id="oc-31">
         <name>.text:retain</name>
         <load_address>0x108a4</load_address>
         <run_address>0x108a4</run_address>
         <size>0x50</size>
         <input_file_ref idref="fl-7"/>
      </object_component>
      <object_component id="oc-182">
         <name>.text</name>
         <load_address>0x108f4</load_address>
         <run_address>0x108f4</run_address>
         <size>0x50</size>
         <input_file_ref idref="fl-f3"/>
      </object_component>
      <object_component id="oc-3c2">
         <name>.text:sqrtf</name>
         <load_address>0x10944</load_address>
         <run_address>0x10944</run_address>
         <size>0x34</size>
         <input_file_ref idref="fl-eb"/>
      </object_component>
      <object_component id="oc-4a2">
         <name>.text:copysign</name>
         <load_address>0x10978</load_address>
         <run_address>0x10978</run_address>
         <size>0x28</size>
         <input_file_ref idref="fl-100"/>
      </object_component>
      <object_component id="oc-15">
         <name>.text:decompress:none:__TI_decompress_none</name>
         <load_address>0x109a0</load_address>
         <run_address>0x109a0</run_address>
         <size>0x14</size>
         <input_file_ref idref="fl-f7"/>
      </object_component>
      <object_component id="oc-3b1">
         <name>.text:lroundf</name>
         <load_address>0x109b4</load_address>
         <run_address>0x109b4</run_address>
         <size>0x14</size>
         <input_file_ref idref="fl-ec"/>
      </object_component>
      <object_component id="oc-77">
         <name>.text:decompress:ZI:__TI_zero_init</name>
         <load_address>0x109c8</load_address>
         <run_address>0x109c8</run_address>
         <size>0x10</size>
         <input_file_ref idref="fl-f6"/>
      </object_component>
      <object_component id="oc-371">
         <name>.text:__aeabi_errno_addr</name>
         <load_address>0x109d8</load_address>
         <run_address>0x109d8</run_address>
         <size>0xc</size>
         <input_file_ref idref="fl-fc"/>
      </object_component>
      <object_component id="oc-152">
         <name>.text</name>
         <load_address>0x109e4</load_address>
         <run_address>0x109e4</run_address>
         <size>0xc</size>
         <input_file_ref idref="fl-20"/>
      </object_component>
      <object_component id="oc-158">
         <name>.text</name>
         <load_address>0x109f0</load_address>
         <run_address>0x109f0</run_address>
         <size>0xc</size>
         <input_file_ref idref="fl-28"/>
      </object_component>
      <object_component id="oc-170">
         <name>.text:abort:abort</name>
         <load_address>0x109fc</load_address>
         <run_address>0x109fc</run_address>
         <size>0x8</size>
         <input_file_ref idref="fl-f9"/>
      </object_component>
      <object_component id="oc-8e">
         <name>.text</name>
         <load_address>0x10a04</load_address>
         <run_address>0x10a04</run_address>
         <size>0x4</size>
         <input_file_ref idref="fl-18"/>
      </object_component>
      <object_component id="oc-48">
         <name>.text:retain</name>
         <load_address>0x10a08</load_address>
         <run_address>0x10a08</run_address>
         <size>0x4</size>
         <input_file_ref idref="fl-15"/>
      </object_component>
      <object_component id="oc-306">
         <name>.text</name>
         <load_address>0x10a0c</load_address>
         <run_address>0x10a0c</run_address>
         <size>0x4</size>
         <input_file_ref idref="fl-ff"/>
      </object_component>
      <object_component id="oc-28">
         <name>.const:s_vim_init</name>
         <load_address>0x10a20</load_address>
         <run_address>0x10a20</run_address>
         <size>0x200</size>
         <input_file_ref idref="fl-19"/>
      </object_component>
      <object_component id="oc-489">
         <name>.const:ipio2</name>
         <load_address>0x10c20</load_address>
         <run_address>0x10c20</run_address>
         <size>0x108</size>
         <input_file_ref idref="fl-fb"/>
      </object_component>
      <object_component id="oc-48c">
         <name>.const:PIo2</name>
         <load_address>0x10d28</load_address>
         <run_address>0x10d28</run_address>
         <size>0x40</size>
         <input_file_ref idref="fl-fb"/>
      </object_component>
      <object_component id="oc-246">
         <name>.const:kPlant_Base</name>
         <load_address>0x10d68</load_address>
         <run_address>0x10d68</run_address>
         <size>0x20</size>
         <input_file_ref idref="fl-28"/>
      </object_component>
      <object_component id="oc-3ca">
         <name>.const:kCur_Default</name>
         <load_address>0x10d88</load_address>
         <run_address>0x10d88</run_address>
         <size>0x18</size>
         <input_file_ref idref="fl-21"/>
      </object_component>
      <object_component id="oc-2ff">
         <name>.const:s_adcFiFoSize</name>
         <load_address>0x10da0</load_address>
         <run_address>0x10da0</run_address>
         <size>0x18</size>
         <input_file_ref idref="fl-2"/>
      </object_component>
      <object_component id="oc-302">
         <name>.const:s_adcSelect</name>
         <load_address>0x10db8</load_address>
         <run_address>0x10db8</run_address>
         <size>0x18</size>
         <input_file_ref idref="fl-2"/>
      </object_component>
      <object_component id="oc-241">
         <name>.const:kPid_Default</name>
         <load_address>0x10dd0</load_address>
         <run_address>0x10dd0</run_address>
         <size>0x14</size>
         <input_file_ref idref="fl-20"/>
      </object_component>
      <object_component id="oc-486">
         <name>.const:init_jk</name>
         <load_address>0x10de4</load_address>
         <run_address>0x10de4</run_address>
         <size>0x10</size>
         <input_file_ref idref="fl-fb"/>
      </object_component>
      <object_component id="oc-386">
         <name>.const:$P$T0$1</name>
         <load_address>0x10df4</load_address>
         <run_address>0x10df4</run_address>
         <size>0xc</size>
         <input_file_ref idref="fl-26"/>
      </object_component>
      <object_component id="oc-389">
         <name>.const:$P$T1$2</name>
         <load_address>0x10e00</load_address>
         <run_address>0x10e00</run_address>
         <size>0xc</size>
         <input_file_ref idref="fl-26"/>
      </object_component>
      <object_component id="oc-2af">
         <name>.const:LED_BLU</name>
         <load_address>0x10e0c</load_address>
         <run_address>0x10e0c</run_address>
         <size>0xc</size>
         <input_file_ref idref="fl-25"/>
      </object_component>
      <object_component id="oc-2ac">
         <name>.const:LED_GRN</name>
         <load_address>0x10e18</load_address>
         <run_address>0x10e18</run_address>
         <size>0xc</size>
         <input_file_ref idref="fl-25"/>
      </object_component>
      <object_component id="oc-2a9">
         <name>.const:LED_RED</name>
         <load_address>0x10e24</load_address>
         <run_address>0x10e24</run_address>
         <size>0xc</size>
         <input_file_ref idref="fl-25"/>
      </object_component>
      <object_component id="oc-24b">
         <name>.const:kSpg_Default</name>
         <load_address>0x10e30</load_address>
         <run_address>0x10e30</run_address>
         <size>0xa</size>
         <input_file_ref idref="fl-2d"/>
      </object_component>
      <object_component id="oc-377">
         <name>.const:halF</name>
         <load_address>0x10e3c</load_address>
         <run_address>0x10e3c</run_address>
         <size>0x8</size>
         <input_file_ref idref="fl-ea"/>
      </object_component>
      <object_component id="oc-37a">
         <name>.const:ln2HI</name>
         <load_address>0x10e44</load_address>
         <run_address>0x10e44</run_address>
         <size>0x8</size>
         <input_file_ref idref="fl-ea"/>
      </object_component>
      <object_component id="oc-37d">
         <name>.const:ln2LO</name>
         <load_address>0x10e4c</load_address>
         <run_address>0x10e4c</run_address>
         <size>0x8</size>
         <input_file_ref idref="fl-ea"/>
      </object_component>
      <object_component id="oc-4e2">
         <name>.cinit..data.load</name>
         <load_address>0x10e60</load_address>
         <run_address>0x10e60</run_address>
         <size>0x1a</size>
      </object_component>
      <object_component id="oc-4df">
         <name>__TI_handler_table</name>
         <load_address>0x10e7c</load_address>
         <run_address>0x10e7c</run_address>
         <size>0xc</size>
      </object_component>
      <object_component id="oc-4e1">
         <name>.cinit..bss.load</name>
         <load_address>0x10e88</load_address>
         <run_address>0x10e88</run_address>
         <size>0x8</size>
      </object_component>
      <object_component id="oc-4e0">
         <name>__TI_cinit_table</name>
         <load_address>0x10e90</load_address>
         <run_address>0x10e90</run_address>
         <size>0x10</size>
      </object_component>
      <object_component id="oc-d1">
         <name>.bss:g_sciTransfer_t</name>
         <uninitialized>true</uninitialized>
         <run_address>0x8001900</run_address>
         <size>0x50</size>
         <input_file_ref idref="fl-e"/>
      </object_component>
      <object_component id="oc-1df">
         <name>.bss:s_tx_ring</name>
         <uninitialized>true</uninitialized>
         <run_address>0x8001700</run_address>
         <size>0x200</size>
         <input_file_ref idref="fl-22"/>
      </object_component>
      <object_component id="oc-1e2">
         <name>.bss:s_rx_ring</name>
         <uninitialized>true</uninitialized>
         <run_address>0x8001500</run_address>
         <size>0x200</size>
         <input_file_ref idref="fl-22"/>
      </object_component>
      <object_component id="oc-1e5">
         <name>.bss</name>
         <uninitialized>true</uninitialized>
         <run_address>0x8001950</run_address>
         <size>0x1</size>
         <input_file_ref idref="fl-22"/>
      </object_component>
      <object_component id="oc-1c6">
         <name>.data</name>
         <load_address>0x8001974</load_address>
         <run_address>0x8001974</run_address>
         <size>0x18</size>
         <input_file_ref idref="fl-1e"/>
      </object_component>
      <object_component id="oc-1dc">
         <name>.data</name>
         <load_address>0x800198c</load_address>
         <run_address>0x800198c</run_address>
         <size>0x14</size>
         <input_file_ref idref="fl-22"/>
      </object_component>
      <object_component id="oc-3cf">
         <name>.data</name>
         <load_address>0x80019a0</load_address>
         <run_address>0x80019a0</run_address>
         <size>0xc</size>
         <input_file_ref idref="fl-23"/>
      </object_component>
      <object_component id="oc-3b7">
         <name>.data</name>
         <load_address>0x80019ac</load_address>
         <run_address>0x80019ac</run_address>
         <size>0x8</size>
         <input_file_ref idref="fl-24"/>
      </object_component>
      <object_component id="oc-38c">
         <name>.data</name>
         <load_address>0x8001972</load_address>
         <run_address>0x8001972</run_address>
         <size>0x1</size>
         <input_file_ref idref="fl-26"/>
      </object_component>
      <object_component id="oc-187">
         <name>.data</name>
         <load_address>0x8001954</load_address>
         <run_address>0x8001954</run_address>
         <size>0x1e</size>
         <input_file_ref idref="fl-2b"/>
      </object_component>
      <object_component id="oc-41f">
         <name>.data</name>
         <load_address>0x80019b4</load_address>
         <run_address>0x80019b4</run_address>
         <size>0x4</size>
         <input_file_ref idref="fl-fc"/>
      </object_component>
      <object_component id="oc-1ed">
         <name>.debug_info</name>
         <load_address>0x0</load_address>
         <run_address>0x0</run_address>
         <size>0x392</size>
         <input_file_ref idref="fl-2"/>
      </object_component>
      <object_component id="oc-303">
         <name>.debug_info</name>
         <load_address>0x392</load_address>
         <run_address>0x392</run_address>
         <size>0x113</size>
         <input_file_ref idref="fl-2"/>
      </object_component>
      <object_component id="oc-300">
         <name>.debug_info</name>
         <load_address>0x4a5</load_address>
         <run_address>0x4a5</run_address>
         <size>0x118</size>
         <input_file_ref idref="fl-2"/>
      </object_component>
      <object_component id="oc-17d">
         <name>.debug_info</name>
         <load_address>0x5bd</load_address>
         <run_address>0x5bd</run_address>
         <size>0xbe4</size>
         <input_file_ref idref="fl-2"/>
      </object_component>
      <object_component id="oc-23">
         <name>.debug_info</name>
         <load_address>0x11a1</load_address>
         <run_address>0x11a1</run_address>
         <size>0x17a</size>
         <input_file_ref idref="fl-2"/>
      </object_component>
      <object_component id="oc-212">
         <name>.debug_info</name>
         <load_address>0x131b</load_address>
         <run_address>0x131b</run_address>
         <size>0x791</size>
         <input_file_ref idref="fl-2"/>
      </object_component>
      <object_component id="oc-193">
         <name>.debug_info</name>
         <load_address>0x1aac</load_address>
         <run_address>0x1aac</run_address>
         <size>0x26b</size>
         <input_file_ref idref="fl-2"/>
      </object_component>
      <object_component id="oc-be">
         <name>.debug_info</name>
         <load_address>0x1d17</load_address>
         <run_address>0x1d17</run_address>
         <size>0x157</size>
         <input_file_ref idref="fl-2"/>
      </object_component>
      <object_component id="oc-dd">
         <name>.debug_info</name>
         <load_address>0x1e6e</load_address>
         <run_address>0x1e6e</run_address>
         <size>0x8b</size>
         <input_file_ref idref="fl-2"/>
      </object_component>
      <object_component id="oc-d8">
         <name>.debug_info</name>
         <load_address>0x1ef9</load_address>
         <run_address>0x1ef9</run_address>
         <size>0x18c</size>
         <input_file_ref idref="fl-2"/>
      </object_component>
      <object_component id="oc-315">
         <name>.debug_info</name>
         <load_address>0x2085</load_address>
         <run_address>0x2085</run_address>
         <size>0x2a4</size>
         <input_file_ref idref="fl-2"/>
      </object_component>
      <object_component id="oc-18c">
         <name>.debug_info</name>
         <load_address>0x2329</load_address>
         <run_address>0x2329</run_address>
         <size>0xbb</size>
         <input_file_ref idref="fl-2"/>
      </object_component>
      <object_component id="oc-e2">
         <name>.debug_info</name>
         <load_address>0x23e4</load_address>
         <run_address>0x23e4</run_address>
         <size>0x86</size>
         <input_file_ref idref="fl-2"/>
      </object_component>
      <object_component id="oc-310">
         <name>.debug_info</name>
         <load_address>0x246a</load_address>
         <run_address>0x246a</run_address>
         <size>0x38f</size>
         <input_file_ref idref="fl-2"/>
      </object_component>
      <object_component id="oc-1b6">
         <name>.debug_info</name>
         <load_address>0x27f9</load_address>
         <run_address>0x27f9</run_address>
         <size>0x36d</size>
         <input_file_ref idref="fl-2"/>
      </object_component>
      <object_component id="oc-31a">
         <name>.debug_info</name>
         <load_address>0x2b66</load_address>
         <run_address>0x2b66</run_address>
         <size>0x3b5</size>
         <input_file_ref idref="fl-3"/>
      </object_component>
      <object_component id="oc-ae">
         <name>.debug_info</name>
         <load_address>0x2f1b</load_address>
         <run_address>0x2f1b</run_address>
         <size>0x429</size>
         <input_file_ref idref="fl-3"/>
      </object_component>
      <object_component id="oc-198">
         <name>.debug_info</name>
         <load_address>0x3344</load_address>
         <run_address>0x3344</run_address>
         <size>0x102</size>
         <input_file_ref idref="fl-3"/>
      </object_component>
      <object_component id="oc-221">
         <name>.debug_info</name>
         <load_address>0x3446</load_address>
         <run_address>0x3446</run_address>
         <size>0x142</size>
         <input_file_ref idref="fl-3"/>
      </object_component>
      <object_component id="oc-19d">
         <name>.debug_info</name>
         <load_address>0x3588</load_address>
         <run_address>0x3588</run_address>
         <size>0x285</size>
         <input_file_ref idref="fl-3"/>
      </object_component>
      <object_component id="oc-1a2">
         <name>.debug_info</name>
         <load_address>0x380d</load_address>
         <run_address>0x380d</run_address>
         <size>0x44a</size>
         <input_file_ref idref="fl-3"/>
      </object_component>
      <object_component id="oc-1a7">
         <name>.debug_info</name>
         <load_address>0x3c57</load_address>
         <run_address>0x3c57</run_address>
         <size>0x1f9</size>
         <input_file_ref idref="fl-3"/>
      </object_component>
      <object_component id="oc-1ac">
         <name>.debug_info</name>
         <load_address>0x3e50</load_address>
         <run_address>0x3e50</run_address>
         <size>0x152</size>
         <input_file_ref idref="fl-3"/>
      </object_component>
      <object_component id="oc-1b1">
         <name>.debug_info</name>
         <load_address>0x3fa2</load_address>
         <run_address>0x3fa2</run_address>
         <size>0x70a</size>
         <input_file_ref idref="fl-3"/>
      </object_component>
      <object_component id="oc-20a">
         <name>.debug_info</name>
         <load_address>0x46ac</load_address>
         <run_address>0x46ac</run_address>
         <size>0x2ef</size>
         <input_file_ref idref="fl-5"/>
      </object_component>
      <object_component id="oc-8a">
         <name>.debug_info</name>
         <load_address>0x499b</load_address>
         <run_address>0x499b</run_address>
         <size>0x68e</size>
         <input_file_ref idref="fl-5"/>
      </object_component>
      <object_component id="oc-60">
         <name>.debug_info</name>
         <load_address>0x5029</load_address>
         <run_address>0x5029</run_address>
         <size>0x84</size>
         <input_file_ref idref="fl-5"/>
      </object_component>
      <object_component id="oc-10d">
         <name>.debug_info</name>
         <load_address>0x50ad</load_address>
         <run_address>0x50ad</run_address>
         <size>0x9e7</size>
         <input_file_ref idref="fl-5"/>
      </object_component>
      <object_component id="oc-120">
         <name>.debug_info</name>
         <load_address>0x5a94</load_address>
         <run_address>0x5a94</run_address>
         <size>0x381</size>
         <input_file_ref idref="fl-6"/>
      </object_component>
      <object_component id="oc-9b">
         <name>.debug_info</name>
         <load_address>0x5e15</load_address>
         <run_address>0x5e15</run_address>
         <size>0x10f6</size>
         <input_file_ref idref="fl-6"/>
      </object_component>
      <object_component id="oc-2c">
         <name>.debug_info</name>
         <load_address>0x6f0b</load_address>
         <run_address>0x6f0b</run_address>
         <size>0x1de</size>
         <input_file_ref idref="fl-6"/>
      </object_component>
      <object_component id="oc-11b">
         <name>.debug_info</name>
         <load_address>0x70e9</load_address>
         <run_address>0x70e9</run_address>
         <size>0x168</size>
         <input_file_ref idref="fl-6"/>
      </object_component>
      <object_component id="oc-349">
         <name>.debug_info</name>
         <load_address>0x7251</load_address>
         <run_address>0x7251</run_address>
         <size>0x372</size>
         <input_file_ref idref="fl-7"/>
      </object_component>
      <object_component id="oc-277">
         <name>.debug_info</name>
         <load_address>0x75c3</load_address>
         <run_address>0x75c3</run_address>
         <size>0x2884</size>
         <input_file_ref idref="fl-7"/>
      </object_component>
      <object_component id="oc-35">
         <name>.debug_info</name>
         <load_address>0x9e47</load_address>
         <run_address>0x9e47</run_address>
         <size>0x17a</size>
         <input_file_ref idref="fl-7"/>
      </object_component>
      <object_component id="oc-390">
         <name>.debug_info</name>
         <load_address>0x9fc1</load_address>
         <run_address>0x9fc1</run_address>
         <size>0xc6d</size>
         <input_file_ref idref="fl-7"/>
      </object_component>
      <object_component id="oc-226">
         <name>.debug_info</name>
         <load_address>0xac2e</load_address>
         <run_address>0xac2e</run_address>
         <size>0x396</size>
         <input_file_ref idref="fl-7"/>
      </object_component>
      <object_component id="oc-205">
         <name>.debug_info</name>
         <load_address>0xafc4</load_address>
         <run_address>0xafc4</run_address>
         <size>0x199</size>
         <input_file_ref idref="fl-7"/>
      </object_component>
      <object_component id="oc-32f">
         <name>.debug_info</name>
         <load_address>0xb15d</load_address>
         <run_address>0xb15d</run_address>
         <size>0x2e6</size>
         <input_file_ref idref="fl-8"/>
      </object_component>
      <object_component id="oc-1d7">
         <name>.debug_info</name>
         <load_address>0xb443</load_address>
         <run_address>0xb443</run_address>
         <size>0x750</size>
         <input_file_ref idref="fl-8"/>
      </object_component>
      <object_component id="oc-403">
         <name>.debug_info</name>
         <load_address>0xbb93</load_address>
         <run_address>0xbb93</run_address>
         <size>0x12a</size>
         <input_file_ref idref="fl-8"/>
      </object_component>
      <object_component id="oc-34c">
         <name>.debug_info</name>
         <load_address>0xbcbd</load_address>
         <run_address>0xbcbd</run_address>
         <size>0x35a</size>
         <input_file_ref idref="fl-9"/>
      </object_component>
      <object_component id="oc-397">
         <name>.debug_info</name>
         <load_address>0xc017</load_address>
         <run_address>0xc017</run_address>
         <size>0xe18</size>
         <input_file_ref idref="fl-9"/>
      </object_component>
      <object_component id="oc-217">
         <name>.debug_info</name>
         <load_address>0xce2f</load_address>
         <run_address>0xce2f</run_address>
         <size>0x547</size>
         <input_file_ref idref="fl-9"/>
      </object_component>
      <object_component id="oc-40e">
         <name>.debug_info</name>
         <load_address>0xd376</load_address>
         <run_address>0xd376</run_address>
         <size>0x44e</size>
         <input_file_ref idref="fl-9"/>
      </object_component>
      <object_component id="oc-114">
         <name>.debug_info</name>
         <load_address>0xd7c4</load_address>
         <run_address>0xd7c4</run_address>
         <size>0x470</size>
         <input_file_ref idref="fl-b"/>
      </object_component>
      <object_component id="oc-95">
         <name>.debug_info</name>
         <load_address>0xdc34</load_address>
         <run_address>0xdc34</run_address>
         <size>0xbae</size>
         <input_file_ref idref="fl-b"/>
      </object_component>
      <object_component id="oc-20d">
         <name>.debug_info</name>
         <load_address>0xe7e2</load_address>
         <run_address>0xe7e2</run_address>
         <size>0x306</size>
         <input_file_ref idref="fl-b"/>
      </object_component>
      <object_component id="oc-21c">
         <name>.debug_info</name>
         <load_address>0xeae8</load_address>
         <run_address>0xeae8</run_address>
         <size>0xadd</size>
         <input_file_ref idref="fl-b"/>
      </object_component>
      <object_component id="oc-115">
         <name>.debug_info</name>
         <load_address>0xf5c5</load_address>
         <run_address>0xf5c5</run_address>
         <size>0x6eb</size>
         <input_file_ref idref="fl-b"/>
      </object_component>
      <object_component id="oc-31d">
         <name>.debug_info</name>
         <load_address>0xfcb0</load_address>
         <run_address>0xfcb0</run_address>
         <size>0x1d4</size>
         <input_file_ref idref="fl-b"/>
      </object_component>
      <object_component id="oc-22b">
         <name>.debug_info</name>
         <load_address>0xfe84</load_address>
         <run_address>0xfe84</run_address>
         <size>0x243</size>
         <input_file_ref idref="fl-b"/>
      </object_component>
      <object_component id="oc-341">
         <name>.debug_info</name>
         <load_address>0x100c7</load_address>
         <run_address>0x100c7</run_address>
         <size>0x18e</size>
         <input_file_ref idref="fl-b"/>
      </object_component>
      <object_component id="oc-105">
         <name>.debug_info</name>
         <load_address>0x10255</load_address>
         <run_address>0x10255</run_address>
         <size>0x152</size>
         <input_file_ref idref="fl-c"/>
      </object_component>
      <object_component id="oc-31c">
         <name>.debug_info</name>
         <load_address>0x103a7</load_address>
         <run_address>0x103a7</run_address>
         <size>0x341</size>
         <input_file_ref idref="fl-d"/>
      </object_component>
      <object_component id="oc-1c1">
         <name>.debug_info</name>
         <load_address>0x106e8</load_address>
         <run_address>0x106e8</run_address>
         <size>0x1106</size>
         <input_file_ref idref="fl-d"/>
      </object_component>
      <object_component id="oc-38">
         <name>.debug_info</name>
         <load_address>0x117ee</load_address>
         <run_address>0x117ee</run_address>
         <size>0x203</size>
         <input_file_ref idref="fl-d"/>
      </object_component>
      <object_component id="oc-1ec">
         <name>.debug_info</name>
         <load_address>0x119f1</load_address>
         <run_address>0x119f1</run_address>
         <size>0x368</size>
         <input_file_ref idref="fl-e"/>
      </object_component>
      <object_component id="oc-d2">
         <name>.debug_info</name>
         <load_address>0x11d59</load_address>
         <run_address>0x11d59</run_address>
         <size>0x11b</size>
         <input_file_ref idref="fl-e"/>
      </object_component>
      <object_component id="oc-1d1">
         <name>.debug_info</name>
         <load_address>0x11e74</load_address>
         <run_address>0x11e74</run_address>
         <size>0xcd3</size>
         <input_file_ref idref="fl-e"/>
      </object_component>
      <object_component id="oc-3e">
         <name>.debug_info</name>
         <load_address>0x12b47</load_address>
         <run_address>0x12b47</run_address>
         <size>0x258</size>
         <input_file_ref idref="fl-e"/>
      </object_component>
      <object_component id="oc-33c">
         <name>.debug_info</name>
         <load_address>0x12d9f</load_address>
         <run_address>0x12d9f</run_address>
         <size>0x91</size>
         <input_file_ref idref="fl-e"/>
      </object_component>
      <object_component id="oc-7f">
         <name>.debug_info</name>
         <load_address>0x12e30</load_address>
         <run_address>0x12e30</run_address>
         <size>0x845</size>
         <input_file_ref idref="fl-f"/>
      </object_component>
      <object_component id="oc-45">
         <name>.debug_info</name>
         <load_address>0x13675</load_address>
         <run_address>0x13675</run_address>
         <size>0x13b</size>
         <input_file_ref idref="fl-11"/>
      </object_component>
      <object_component id="oc-324">
         <name>.debug_info</name>
         <load_address>0x137b0</load_address>
         <run_address>0x137b0</run_address>
         <size>0x5fb</size>
         <input_file_ref idref="fl-12"/>
      </object_component>
      <object_component id="oc-a7">
         <name>.debug_info</name>
         <load_address>0x13dab</load_address>
         <run_address>0x13dab</run_address>
         <size>0x242</size>
         <input_file_ref idref="fl-12"/>
      </object_component>
      <object_component id="oc-2b4">
         <name>.debug_info</name>
         <load_address>0x13fed</load_address>
         <run_address>0x13fed</run_address>
         <size>0x71</size>
         <input_file_ref idref="fl-12"/>
      </object_component>
      <object_component id="oc-2cd">
         <name>.debug_info</name>
         <load_address>0x1405e</load_address>
         <run_address>0x1405e</run_address>
         <size>0x135</size>
         <input_file_ref idref="fl-12"/>
      </object_component>
      <object_component id="oc-2dc">
         <name>.debug_info</name>
         <load_address>0x14193</load_address>
         <run_address>0x14193</run_address>
         <size>0x28c</size>
         <input_file_ref idref="fl-12"/>
      </object_component>
      <object_component id="oc-2e6">
         <name>.debug_info</name>
         <load_address>0x1441f</load_address>
         <run_address>0x1441f</run_address>
         <size>0x2ab</size>
         <input_file_ref idref="fl-12"/>
      </object_component>
      <object_component id="oc-16b">
         <name>.debug_info</name>
         <load_address>0x146ca</load_address>
         <run_address>0x146ca</run_address>
         <size>0x441</size>
         <input_file_ref idref="fl-12"/>
      </object_component>
      <object_component id="oc-2be">
         <name>.debug_info</name>
         <load_address>0x14b0b</load_address>
         <run_address>0x14b0b</run_address>
         <size>0x159</size>
         <input_file_ref idref="fl-12"/>
      </object_component>
      <object_component id="oc-2b9">
         <name>.debug_info</name>
         <load_address>0x14c64</load_address>
         <run_address>0x14c64</run_address>
         <size>0x475</size>
         <input_file_ref idref="fl-12"/>
      </object_component>
      <object_component id="oc-2d7">
         <name>.debug_info</name>
         <load_address>0x150d9</load_address>
         <run_address>0x150d9</run_address>
         <size>0x1d6</size>
         <input_file_ref idref="fl-12"/>
      </object_component>
      <object_component id="oc-364">
         <name>.debug_info</name>
         <load_address>0x152af</load_address>
         <run_address>0x152af</run_address>
         <size>0x12c</size>
         <input_file_ref idref="fl-12"/>
      </object_component>
      <object_component id="oc-2c8">
         <name>.debug_info</name>
         <load_address>0x153db</load_address>
         <run_address>0x153db</run_address>
         <size>0x2b9</size>
         <input_file_ref idref="fl-12"/>
      </object_component>
      <object_component id="oc-2c3">
         <name>.debug_info</name>
         <load_address>0x15694</load_address>
         <run_address>0x15694</run_address>
         <size>0x129</size>
         <input_file_ref idref="fl-12"/>
      </object_component>
      <object_component id="oc-2d2">
         <name>.debug_info</name>
         <load_address>0x157bd</load_address>
         <run_address>0x157bd</run_address>
         <size>0x151</size>
         <input_file_ref idref="fl-12"/>
      </object_component>
      <object_component id="oc-2e1">
         <name>.debug_info</name>
         <load_address>0x1590e</load_address>
         <run_address>0x1590e</run_address>
         <size>0x4a</size>
         <input_file_ref idref="fl-12"/>
      </object_component>
      <object_component id="oc-2eb">
         <name>.debug_info</name>
         <load_address>0x15958</load_address>
         <run_address>0x15958</run_address>
         <size>0x129</size>
         <input_file_ref idref="fl-12"/>
      </object_component>
      <object_component id="oc-2f0">
         <name>.debug_info</name>
         <load_address>0x15a81</load_address>
         <run_address>0x15a81</run_address>
         <size>0xd6</size>
         <input_file_ref idref="fl-12"/>
      </object_component>
      <object_component id="oc-3e1">
         <name>.debug_info</name>
         <load_address>0x15b57</load_address>
         <run_address>0x15b57</run_address>
         <size>0x72</size>
         <input_file_ref idref="fl-12"/>
      </object_component>
      <object_component id="oc-1ca">
         <name>.debug_info</name>
         <load_address>0x15bc9</load_address>
         <run_address>0x15bc9</run_address>
         <size>0x2c</size>
         <input_file_ref idref="fl-12"/>
      </object_component>
      <object_component id="oc-a3">
         <name>.debug_info</name>
         <load_address>0x15bf5</load_address>
         <run_address>0x15bf5</run_address>
         <size>0x472</size>
         <input_file_ref idref="fl-13"/>
      </object_component>
      <object_component id="oc-348">
         <name>.debug_info</name>
         <load_address>0x16067</load_address>
         <run_address>0x16067</run_address>
         <size>0x329</size>
         <input_file_ref idref="fl-14"/>
      </object_component>
      <object_component id="oc-200">
         <name>.debug_info</name>
         <load_address>0x16390</load_address>
         <run_address>0x16390</run_address>
         <size>0x457</size>
         <input_file_ref idref="fl-14"/>
      </object_component>
      <object_component id="oc-49">
         <name>.debug_info</name>
         <load_address>0x167e7</load_address>
         <run_address>0x167e7</run_address>
         <size>0x173</size>
         <input_file_ref idref="fl-15"/>
      </object_component>
      <object_component id="oc-20">
         <name>.debug_info</name>
         <load_address>0x1695a</load_address>
         <run_address>0x1695a</run_address>
         <size>0x313</size>
         <input_file_ref idref="fl-18"/>
      </object_component>
      <object_component id="oc-92">
         <name>.debug_info</name>
         <load_address>0x16c6d</load_address>
         <run_address>0x16c6d</run_address>
         <size>0x16c</size>
         <input_file_ref idref="fl-18"/>
      </object_component>
      <object_component id="oc-bc">
         <name>.debug_info</name>
         <load_address>0x16dd9</load_address>
         <run_address>0x16dd9</run_address>
         <size>0x56c</size>
         <input_file_ref idref="fl-19"/>
      </object_component>
      <object_component id="oc-29">
         <name>.debug_info</name>
         <load_address>0x17345</load_address>
         <run_address>0x17345</run_address>
         <size>0x115</size>
         <input_file_ref idref="fl-19"/>
      </object_component>
      <object_component id="oc-50">
         <name>.debug_info</name>
         <load_address>0x1745a</load_address>
         <run_address>0x1745a</run_address>
         <size>0x4c5</size>
         <input_file_ref idref="fl-19"/>
      </object_component>
      <object_component id="oc-55">
         <name>.debug_info</name>
         <load_address>0x1791f</load_address>
         <run_address>0x1791f</run_address>
         <size>0x230</size>
         <input_file_ref idref="fl-19"/>
      </object_component>
      <object_component id="oc-1bb">
         <name>.debug_info</name>
         <load_address>0x17b4f</load_address>
         <run_address>0x17b4f</run_address>
         <size>0x4f</size>
         <input_file_ref idref="fl-19"/>
      </object_component>
      <object_component id="oc-10b">
         <name>.debug_info</name>
         <load_address>0x17b9e</load_address>
         <run_address>0x17b9e</run_address>
         <size>0x417</size>
         <input_file_ref idref="fl-1a"/>
      </object_component>
      <object_component id="oc-84">
         <name>.debug_info</name>
         <load_address>0x17fb5</load_address>
         <run_address>0x17fb5</run_address>
         <size>0x672</size>
         <input_file_ref idref="fl-1a"/>
      </object_component>
      <object_component id="oc-2b3">
         <name>.debug_info</name>
         <load_address>0x18627</load_address>
         <run_address>0x18627</run_address>
         <size>0xffe</size>
         <input_file_ref idref="fl-1c"/>
      </object_component>
      <object_component id="oc-167">
         <name>.debug_info</name>
         <load_address>0x19625</load_address>
         <run_address>0x19625</run_address>
         <size>0x1e86</size>
         <input_file_ref idref="fl-1c"/>
      </object_component>
      <object_component id="oc-3c1">
         <name>.debug_info</name>
         <load_address>0x1b4ab</load_address>
         <run_address>0x1b4ab</run_address>
         <size>0x341</size>
         <input_file_ref idref="fl-1d"/>
      </object_component>
      <object_component id="oc-294">
         <name>.debug_info</name>
         <load_address>0x1b7ec</load_address>
         <run_address>0x1b7ec</run_address>
         <size>0x755</size>
         <input_file_ref idref="fl-1d"/>
      </object_component>
      <object_component id="oc-1cf">
         <name>.debug_info</name>
         <load_address>0x1bf41</load_address>
         <run_address>0x1bf41</run_address>
         <size>0x3e2</size>
         <input_file_ref idref="fl-1e"/>
      </object_component>
      <object_component id="oc-1c7">
         <name>.debug_info</name>
         <load_address>0x1c323</load_address>
         <run_address>0x1c323</run_address>
         <size>0x1e6</size>
         <input_file_ref idref="fl-1e"/>
      </object_component>
      <object_component id="oc-c5">
         <name>.debug_info</name>
         <load_address>0x1c509</load_address>
         <run_address>0x1c509</run_address>
         <size>0x6b2</size>
         <input_file_ref idref="fl-1e"/>
      </object_component>
      <object_component id="oc-43f">
         <name>.debug_info</name>
         <load_address>0x1cbbb</load_address>
         <run_address>0x1cbbb</run_address>
         <size>0x2fe</size>
         <input_file_ref idref="fl-1f"/>
      </object_component>
      <object_component id="oc-3a4">
         <name>.debug_info</name>
         <load_address>0x1ceb9</load_address>
         <run_address>0x1ceb9</run_address>
         <size>0x4b1</size>
         <input_file_ref idref="fl-1f"/>
      </object_component>
      <object_component id="oc-245">
         <name>.debug_info</name>
         <load_address>0x1d36a</load_address>
         <run_address>0x1d36a</run_address>
         <size>0x2fc</size>
         <input_file_ref idref="fl-20"/>
      </object_component>
      <object_component id="oc-242">
         <name>.debug_info</name>
         <load_address>0x1d666</load_address>
         <run_address>0x1d666</run_address>
         <size>0x12b</size>
         <input_file_ref idref="fl-20"/>
      </object_component>
      <object_component id="oc-154">
         <name>.debug_info</name>
         <load_address>0x1d791</load_address>
         <run_address>0x1d791</run_address>
         <size>0x1a4</size>
         <input_file_ref idref="fl-20"/>
      </object_component>
      <object_component id="oc-3ce">
         <name>.debug_info</name>
         <load_address>0x1d935</load_address>
         <run_address>0x1d935</run_address>
         <size>0x2bb</size>
         <input_file_ref idref="fl-21"/>
      </object_component>
      <object_component id="oc-3cb">
         <name>.debug_info</name>
         <load_address>0x1dbf0</load_address>
         <run_address>0x1dbf0</run_address>
         <size>0x126</size>
         <input_file_ref idref="fl-21"/>
      </object_component>
      <object_component id="oc-29f">
         <name>.debug_info</name>
         <load_address>0x1dd16</load_address>
         <run_address>0x1dd16</run_address>
         <size>0x4fb</size>
         <input_file_ref idref="fl-21"/>
      </object_component>
      <object_component id="oc-1e9">
         <name>.debug_info</name>
         <load_address>0x1e211</load_address>
         <run_address>0x1e211</run_address>
         <size>0x514</size>
         <input_file_ref idref="fl-22"/>
      </object_component>
      <object_component id="oc-1e0">
         <name>.debug_info</name>
         <load_address>0x1e725</load_address>
         <run_address>0x1e725</run_address>
         <size>0x116</size>
         <input_file_ref idref="fl-22"/>
      </object_component>
      <object_component id="oc-1dd">
         <name>.debug_info</name>
         <load_address>0x1e83b</load_address>
         <run_address>0x1e83b</run_address>
         <size>0x1f2</size>
         <input_file_ref idref="fl-22"/>
      </object_component>
      <object_component id="oc-1e3">
         <name>.debug_info</name>
         <load_address>0x1ea2d</load_address>
         <run_address>0x1ea2d</run_address>
         <size>0x116</size>
         <input_file_ref idref="fl-22"/>
      </object_component>
      <object_component id="oc-1e6">
         <name>.debug_info</name>
         <load_address>0x1eb43</load_address>
         <run_address>0x1eb43</run_address>
         <size>0x116</size>
         <input_file_ref idref="fl-22"/>
      </object_component>
      <object_component id="oc-cc">
         <name>.debug_info</name>
         <load_address>0x1ec59</load_address>
         <run_address>0x1ec59</run_address>
         <size>0xbea</size>
         <input_file_ref idref="fl-22"/>
      </object_component>
      <object_component id="oc-3d3">
         <name>.debug_info</name>
         <load_address>0x1f843</load_address>
         <run_address>0x1f843</run_address>
         <size>0x329</size>
         <input_file_ref idref="fl-23"/>
      </object_component>
      <object_component id="oc-3d0">
         <name>.debug_info</name>
         <load_address>0x1fb6c</load_address>
         <run_address>0x1fb6c</run_address>
         <size>0x195</size>
         <input_file_ref idref="fl-23"/>
      </object_component>
      <object_component id="oc-2a4">
         <name>.debug_info</name>
         <load_address>0x1fd01</load_address>
         <run_address>0x1fd01</run_address>
         <size>0x907</size>
         <input_file_ref idref="fl-23"/>
      </object_component>
      <object_component id="oc-3d4">
         <name>.debug_info</name>
         <load_address>0x20608</load_address>
         <run_address>0x20608</run_address>
         <size>0x86</size>
         <input_file_ref idref="fl-23"/>
      </object_component>
      <object_component id="oc-3bb">
         <name>.debug_info</name>
         <load_address>0x2068e</load_address>
         <run_address>0x2068e</run_address>
         <size>0x441</size>
         <input_file_ref idref="fl-24"/>
      </object_component>
      <object_component id="oc-3b8">
         <name>.debug_info</name>
         <load_address>0x20acf</load_address>
         <run_address>0x20acf</run_address>
         <size>0x13f</size>
         <input_file_ref idref="fl-24"/>
      </object_component>
      <object_component id="oc-280">
         <name>.debug_info</name>
         <load_address>0x20c0e</load_address>
         <run_address>0x20c0e</run_address>
         <size>0x1278</size>
         <input_file_ref idref="fl-24"/>
      </object_component>
      <object_component id="oc-1f5">
         <name>.debug_info</name>
         <load_address>0x21e86</load_address>
         <run_address>0x21e86</run_address>
         <size>0x2c</size>
         <input_file_ref idref="fl-24"/>
      </object_component>
      <object_component id="oc-45a">
         <name>.debug_info</name>
         <load_address>0x21eb2</load_address>
         <run_address>0x21eb2</run_address>
         <size>0x35</size>
         <input_file_ref idref="fl-24"/>
      </object_component>
      <object_component id="oc-39c">
         <name>.debug_info</name>
         <load_address>0x21ee7</load_address>
         <run_address>0x21ee7</run_address>
         <size>0x3b9</size>
         <input_file_ref idref="fl-25"/>
      </object_component>
      <object_component id="oc-2aa">
         <name>.debug_info</name>
         <load_address>0x222a0</load_address>
         <run_address>0x222a0</run_address>
         <size>0x119</size>
         <input_file_ref idref="fl-25"/>
      </object_component>
      <object_component id="oc-2ad">
         <name>.debug_info</name>
         <load_address>0x223b9</load_address>
         <run_address>0x223b9</run_address>
         <size>0x119</size>
         <input_file_ref idref="fl-25"/>
      </object_component>
      <object_component id="oc-2b0">
         <name>.debug_info</name>
         <load_address>0x224d2</load_address>
         <run_address>0x224d2</run_address>
         <size>0x119</size>
         <input_file_ref idref="fl-25"/>
      </object_component>
      <object_component id="oc-25e">
         <name>.debug_info</name>
         <load_address>0x225eb</load_address>
         <run_address>0x225eb</run_address>
         <size>0x658</size>
         <input_file_ref idref="fl-25"/>
      </object_component>
      <object_component id="oc-432">
         <name>.debug_info</name>
         <load_address>0x22c43</load_address>
         <run_address>0x22c43</run_address>
         <size>0x597</size>
         <input_file_ref idref="fl-26"/>
      </object_component>
      <object_component id="oc-38d">
         <name>.debug_info</name>
         <load_address>0x231da</load_address>
         <run_address>0x231da</run_address>
         <size>0x119</size>
         <input_file_ref idref="fl-26"/>
      </object_component>
      <object_component id="oc-387">
         <name>.debug_info</name>
         <load_address>0x232f3</load_address>
         <run_address>0x232f3</run_address>
         <size>0x11b</size>
         <input_file_ref idref="fl-26"/>
      </object_component>
      <object_component id="oc-38a">
         <name>.debug_info</name>
         <load_address>0x2340e</load_address>
         <run_address>0x2340e</run_address>
         <size>0x11b</size>
         <input_file_ref idref="fl-26"/>
      </object_component>
      <object_component id="oc-257">
         <name>.debug_info</name>
         <load_address>0x23529</load_address>
         <run_address>0x23529</run_address>
         <size>0xa6a</size>
         <input_file_ref idref="fl-26"/>
      </object_component>
      <object_component id="oc-3b0">
         <name>.debug_info</name>
         <load_address>0x23f93</load_address>
         <run_address>0x23f93</run_address>
         <size>0x457</size>
         <input_file_ref idref="fl-27"/>
      </object_component>
      <object_component id="oc-27a">
         <name>.debug_info</name>
         <load_address>0x243ea</load_address>
         <run_address>0x243ea</run_address>
         <size>0xf36</size>
         <input_file_ref idref="fl-27"/>
      </object_component>
      <object_component id="oc-24a">
         <name>.debug_info</name>
         <load_address>0x25320</load_address>
         <run_address>0x25320</run_address>
         <size>0x30f</size>
         <input_file_ref idref="fl-28"/>
      </object_component>
      <object_component id="oc-247">
         <name>.debug_info</name>
         <load_address>0x2562f</load_address>
         <run_address>0x2562f</run_address>
         <size>0x129</size>
         <input_file_ref idref="fl-28"/>
      </object_component>
      <object_component id="oc-159">
         <name>.debug_info</name>
         <load_address>0x25758</load_address>
         <run_address>0x25758</run_address>
         <size>0x1a8</size>
         <input_file_ref idref="fl-28"/>
      </object_component>
      <object_component id="oc-3a1">
         <name>.debug_info</name>
         <load_address>0x25900</load_address>
         <run_address>0x25900</run_address>
         <size>0x397</size>
         <input_file_ref idref="fl-29"/>
      </object_component>
      <object_component id="oc-26e">
         <name>.debug_info</name>
         <load_address>0x25c97</load_address>
         <run_address>0x25c97</run_address>
         <size>0xc96</size>
         <input_file_ref idref="fl-29"/>
      </object_component>
      <object_component id="oc-18b">
         <name>.debug_info</name>
         <load_address>0x2692d</load_address>
         <run_address>0x2692d</run_address>
         <size>0x3e8</size>
         <input_file_ref idref="fl-2b"/>
      </object_component>
      <object_component id="oc-188">
         <name>.debug_info</name>
         <load_address>0x26d15</load_address>
         <run_address>0x26d15</run_address>
         <size>0x2b3</size>
         <input_file_ref idref="fl-2b"/>
      </object_component>
      <object_component id="oc-b4">
         <name>.debug_info</name>
         <load_address>0x26fc8</load_address>
         <run_address>0x26fc8</run_address>
         <size>0x8d5</size>
         <input_file_ref idref="fl-2b"/>
      </object_component>
      <object_component id="oc-39f">
         <name>.debug_info</name>
         <load_address>0x2789d</load_address>
         <run_address>0x2789d</run_address>
         <size>0x2ab</size>
         <input_file_ref idref="fl-2c"/>
      </object_component>
      <object_component id="oc-269">
         <name>.debug_info</name>
         <load_address>0x27b48</load_address>
         <run_address>0x27b48</run_address>
         <size>0x215</size>
         <input_file_ref idref="fl-2c"/>
      </object_component>
      <object_component id="oc-24f">
         <name>.debug_info</name>
         <load_address>0x27d5d</load_address>
         <run_address>0x27d5d</run_address>
         <size>0x305</size>
         <input_file_ref idref="fl-2d"/>
      </object_component>
      <object_component id="oc-24c">
         <name>.debug_info</name>
         <load_address>0x28062</load_address>
         <run_address>0x28062</run_address>
         <size>0x11e</size>
         <input_file_ref idref="fl-2d"/>
      </object_component>
      <object_component id="oc-160">
         <name>.debug_info</name>
         <load_address>0x28180</load_address>
         <run_address>0x28180</run_address>
         <size>0x8ce</size>
         <input_file_ref idref="fl-2d"/>
      </object_component>
      <object_component id="oc-3bf">
         <name>.debug_info</name>
         <load_address>0x28a4e</load_address>
         <run_address>0x28a4e</run_address>
         <size>0x337</size>
         <input_file_ref idref="fl-2e"/>
      </object_component>
      <object_component id="oc-28d">
         <name>.debug_info</name>
         <load_address>0x28d85</load_address>
         <run_address>0x28d85</run_address>
         <size>0xc2a</size>
         <input_file_ref idref="fl-2e"/>
      </object_component>
      <object_component id="oc-3c9">
         <name>.debug_info</name>
         <load_address>0x299af</load_address>
         <run_address>0x299af</run_address>
         <size>0x315</size>
         <input_file_ref idref="fl-2f"/>
      </object_component>
      <object_component id="oc-298">
         <name>.debug_info</name>
         <load_address>0x29cc4</load_address>
         <run_address>0x29cc4</run_address>
         <size>0x8c0</size>
         <input_file_ref idref="fl-2f"/>
      </object_component>
      <object_component id="oc-3bd">
         <name>.debug_info</name>
         <load_address>0x2a584</load_address>
         <run_address>0x2a584</run_address>
         <size>0x2db</size>
         <input_file_ref idref="fl-30"/>
[...]
         <name>UartDecode_Duty01</name>
         <value>0x4f88</value>
         <object_component_ref idref="oc-27f"/>
      </symbol>
      <symbol id="sm-a7a">
         <name>UartTelemetry_Init</name>
         <value>0x4638</value>
         <object_component_ref idref="oc-27f"/>
      </symbol>
      <symbol id="sm-a7b">
         <name>UartDecode_CurrentA</name>
         <value>0x4fb4</value>
         <object_component_ref idref="oc-27f"/>
      </symbol>
      <symbol id="sm-a7c">
         <name>UartRx_Poll</name>
         <value>0x4c70</value>
         <object_component_ref idref="oc-27f"/>
      </symbol>
      <symbol id="sm-a7d">
         <name>UartTelemetryBurst_Tick</name>
         <value>0x4748</value>
         <object_component_ref idref="oc-27f"/>
      </symbol>
      <symbol id="sm-a7e">
         <name>UartRx_PopWaveform</name>
         <value>0x4d24</value>
         <object_component_ref idref="oc-27f"/>
      </symbol>
      <symbol id="sm-a7f">
         <name>UartDecode_Gain</name>
         <value>0x500c</value>
         <object_component_ref idref="oc-27f"/>
      </symbol>
      <symbol id="sm-a80">
         <name>UartRx_Init</name>
         <value>0x480c</value>
         <object_component_ref idref="oc-27f"/>
      </symbol>
      <symbol id="sm-a81">
         <name>UartTelemetry_SetPeriodMs</name>
         <value>0x4674</value>
         <object_component_ref idref="oc-27f"/>
      </symbol>
      <symbol id="sm-a82">
         <name>uart_encode_value</name>
         <value>0x46a4</value>
         <object_component_ref idref="oc-27f"/>
      </symbol>
      <symbol id="sm-a83">
         <name>UartDecode_PositionDeg</name>
         <value>0x4fe0</value>
         <object_component_ref idref="oc-27f"/>
      </symbol>
      <symbol id="sm-abc">
         <name>Led_Init</name>
         <value>0xf21c</value>
         <object_component_ref idref="oc-25c"/>
      </symbol>
      <symbol id="sm-abd">
         <name>Led_Off</name>
         <value>0xf2b8</value>
         <object_component_ref idref="oc-25c"/>
      </symbol>
      <symbol id="sm-abe">
         <name>LED_RED</name>
         <value>0x10e24</value>
         <object_component_ref idref="oc-2a9"/>
      </symbol>
      <symbol id="sm-abf">
         <name>LED_BLU</name>
         <value>0x10e0c</value>
         <object_component_ref idref="oc-2af"/>
      </symbol>
      <symbol id="sm-ac0">
         <name>Led_Toggle</name>
         <value>0xf2d0</value>
         <object_component_ref idref="oc-25c"/>
      </symbol>
      <symbol id="sm-ac1">
         <name>Led_Set</name>
         <value>0xf244</value>
         <object_component_ref idref="oc-25c"/>
      </symbol>
      <symbol id="sm-ac2">
         <name>Led_IsOn</name>
         <value>0xf374</value>
         <object_component_ref idref="oc-25c"/>
      </symbol>
      <symbol id="sm-ac3">
         <name>Led_On</name>
         <value>0xf2a0</value>
         <object_component_ref idref="oc-25c"/>
      </symbol>
      <symbol id="sm-ac4">
         <name>LED_GRN</name>
         <value>0x10e18</value>
         <object_component_ref idref="oc-2ac"/>
      </symbol>
      <symbol id="sm-b08">
         <name>DrvPwm_Coast</name>
         <value>0xde14</value>
         <object_component_ref idref="oc-256"/>
      </symbol>
      <symbol id="sm-b09">
         <name>DrvPwm_Init</name>
         <value>0xdc88</value>
         <object_component_ref idref="oc-256"/>
      </symbol>
      <symbol id="sm-b0a">
         <name>DrvPwm_Brake</name>
         <value>0xde30</value>
         <object_component_ref idref="oc-256"/>
      </symbol>
      <symbol id="sm-b0b">
         <name>DrvPwm_SetMode</name>
         <value>0xdda0</value>
         <object_component_ref idref="oc-256"/>
      </symbol>
      <symbol id="sm-b0c">
         <name>DrvPwm_SetDutyRawAB</name>
         <value>0xddc8</value>
         <object_component_ref idref="oc-256"/>
      </symbol>
      <symbol id="sm-b0d">
         <name>DrvPwm_Drive</name>
         <value>0xde44</value>
         <object_component_ref idref="oc-256"/>
      </symbol>
      <symbol id="sm-b0e">
         <name>DrvPwm_GetMode</name>
         <value>0xddbc</value>
         <object_component_ref idref="oc-256"/>
      </symbol>
      <symbol id="sm-b62">
         <name>PlantControl_Step1kHz</name>
         <value>0x7d78</value>
         <object_component_ref idref="oc-279"/>
      </symbol>
      <symbol id="sm-b63">
         <name>PlantControl_IsInPosition</name>
         <value>0x7e48</value>
         <object_component_ref idref="oc-279"/>
      </symbol>
      <symbol id="sm-b64">
         <name>PlantControl_Init</name>
         <value>0x7bd8</value>
         <object_component_ref idref="oc-279"/>
      </symbol>
      <symbol id="sm-b65">
         <name>PlantControl_ApplyAmpAdapter</name>
         <value>0x7e78</value>
         <object_component_ref idref="oc-279"/>
      </symbol>
      <symbol id="sm-b66">
         <name>PlantControl_Step1kHz_RefOnly</name>
         <value>0x7e24</value>
         <object_component_ref idref="oc-279"/>
      </symbol>
      <symbol id="sm-b67">
         <name>PlantControl_LastCommand</name>
         <value>0x7e60</value>
         <object_component_ref idref="oc-279"/>
      </symbol>
      <symbol id="sm-b68">
         <name>LimitCurrent_TRIPM1</name>
         <value>0x8090</value>
         <object_component_ref idref="oc-279"/>
      </symbol>
      <symbol id="sm-b69">
         <name>PlantSetDutyDir_Sine10Hz</name>
         <value>0x7fb4</value>
         <object_component_ref idref="oc-279"/>
      </symbol>
      <symbol id="sm-b6a">
         <name>PlantControl_Reset</name>
         <value>0x7d18</value>
         <object_component_ref idref="oc-279"/>
      </symbol>
      <symbol id="sm-b6b">
         <name>PlantControl_EnableCascade</name>
         <value>0x7cf8</value>
         <object_component_ref idref="oc-279"/>
      </symbol>
      <symbol id="sm-b6c">
         <name>PlantSetDutyDir</name>
         <value>0x7e9c</value>
         <object_component_ref idref="oc-279"/>
      </symbol>
      <symbol id="sm-b82">
         <name>PlantControl_BaseCfg</name>
         <value>0x109f0</value>
         <object_component_ref idref="oc-158"/>
      </symbol>
      <symbol id="sm-bbe">
         <name>BoardPwr_EnableVmot</name>
         <value>0xd504</value>
         <object_component_ref idref="oc-26d"/>
      </symbol>
      <symbol id="sm-bbf">
         <name>BoardPwr_IsPowerOk</name>
         <value>0xd710</value>
         <object_component_ref idref="oc-26d"/>
      </symbol>
      <symbol id="sm-bc0">
         <name>Laser_Enable</name>
         <value>0xd518</value>
         <object_component_ref idref="oc-26d"/>
      </symbol>
      <symbol id="sm-bc1">
         <name>BoardPwr_IsFaultLatched</name>
         <value>0xd728</value>
         <object_component_ref idref="oc-26d"/>
      </symbol>
      <symbol id="sm-bc2">
         <name>BoardPwr_ClearFault</name>
         <value>0xd6f4</value>
         <object_component_ref idref="oc-26d"/>
      </symbol>
      <symbol id="sm-bc3">
         <name>BoardPwr_Tick1kHz</name>
         <value>0xd5a0</value>
         <object_component_ref idref="oc-26d"/>
      </symbol>
      <symbol id="sm-bc4">
         <name>BoardPwr_ReadStatus</name>
         <value>0xd52c</value>
         <object_component_ref idref="oc-26d"/>
      </symbol>
      <symbol id="sm-bc5">
         <name>BoardPwr_Init</name>
         <value>0xd4ac</value>
         <object_component_ref idref="oc-26d"/>
      </symbol>
      <symbol id="sm-c20">
         <name>DrvAdc_ReadEnc_1kHz</name>
         <value>0xb95c</value>
         <object_component_ref idref="oc-b3"/>
      </symbol>
      <symbol id="sm-c21">
         <name>PlantControl_SetPosMaPow2</name>
         <value>0xbd78</value>
         <object_component_ref idref="oc-b3"/>
      </symbol>
      <symbol id="sm-c22">
         <name>DrvAdc_Pos_Init</name>
         <value>0xb818</value>
         <object_component_ref idref="oc-b3"/>
      </symbol>
      <symbol id="sm-c23">
         <name>DrvAdc_Pos_Reset</name>
         <value>0xb8d8</value>
         <object_component_ref idref="oc-b3"/>
      </symbol>
      <symbol id="sm-c24">
         <name>DrvAdc_PeekLast_Enc1</name>
         <value>0xbb44</value>
         <object_component_ref idref="oc-b3"/>
      </symbol>
      <symbol id="sm-c25">
         <name>DrvAdc_Init</name>
         <value>0xb7f4</value>
         <object_component_ref idref="oc-b3"/>
      </symbol>
      <symbol id="sm-c26">
         <name>DrvAdc_ReadCurr_10kHz</name>
         <value>0xbabc</value>
         <object_component_ref idref="oc-b3"/>
      </symbol>
      <symbol id="sm-c27">
         <name>DrvAdc_PeekLast_Acm1</name>
         <value>0xbb50</value>
         <object_component_ref idref="oc-b3"/>
      </symbol>
      <symbol id="sm-c28">
         <name>DrvAdc_PeekLast_Pcm1</name>
         <value>0xbb38</value>
         <object_component_ref idref="oc-b3"/>
      </symbol>
      <symbol id="sm-c29">
         <name>adcNotification</name>
         <value>0xbb5c</value>
         <object_component_ref idref="oc-b3"/>
      </symbol>
      <symbol id="sm-c3e">
         <name>IRef_Tick1kHz</name>
         <value>0xff18</value>
         <object_component_ref idref="oc-267"/>
      </symbol>
      <symbol id="sm-c3f">
         <name>IRef_Init</name>
         <value>0xfea8</value>
         <object_component_ref idref="oc-267"/>
      </symbol>
      <symbol id="sm-c7c">
         <name>SpGen_SetStepLsb</name>
         <value>0xd988</value>
         <object_component_ref idref="oc-15e"/>
      </symbol>
      <symbol id="sm-c7d">
         <name>SpGen_Arm</name>
         <value>0xd8d8</value>
         <object_component_ref idref="oc-15e"/>
      </symbol>
      <symbol id="sm-c7e">
         <name>SpGen_SetAdvanceMs</name>
         <value>0xd9ac</value>
         <object_component_ref idref="oc-15e"/>
      </symbol>
      <symbol id="sm-c7f">
         <name>SpGen_Get</name>
         <value>0xdb0c</value>
         <object_component_ref idref="oc-15e"/>
      </symbol>
      <symbol id="sm-c80">
         <name>SpGen_Disarm</name>
         <value>0xd96c</value>
         <object_component_ref idref="oc-15e"/>
      </symbol>
      <symbol id="sm-c81">
         <name>SpGen_Init</name>
         <value>0xd7a8</value>
         <object_component_ref idref="oc-15e"/>
      </symbol>
      <symbol id="sm-c82">
         <name>SpGen_DefaultCfg</name>
         <value>0xd7a0</value>
         <object_component_ref idref="oc-15e"/>
      </symbol>
      <symbol id="sm-c83">
         <name>SpGen_Tick1ms</name>
         <value>0xdab8</value>
         <object_component_ref idref="oc-15e"/>
      </symbol>
      <symbol id="sm-c84">
         <name>SpGen_RegisterAsRtiHook</name>
         <value>0xdb24</value>
         <object_component_ref idref="oc-15e"/>
      </symbol>
      <symbol id="sm-ccc">
         <name>WaveGen_StageFromTune</name>
         <value>0x845c</value>
         <object_component_ref idref="oc-28b"/>
      </symbol>
      <symbol id="sm-ccd">
         <name>WaveGen_Step</name>
         <value>0x869c</value>
         <object_component_ref idref="oc-28b"/>
      </symbol>
      <symbol id="sm-cce">
         <name>WaveGen_CommitIfStaged</name>
         <value>0x85bc</value>
         <object_component_ref idref="oc-28b"/>
      </symbol>
      <symbol id="sm-ccf">
         <name>SignalGens_UpdateFromStore</name>
         <value>0x893c</value>
         <object_component_ref idref="oc-28b"/>
      </symbol>
      <symbol id="sm-cd0">
         <name>SignalGens_Init</name>
         <value>0x88d8</value>
         <object_component_ref idref="oc-28b"/>
      </symbol>
      <symbol id="sm-cd1">
         <name>WaveGen_Init</name>
         <value>0x8360</value>
         <object_component_ref idref="oc-28b"/>
      </symbol>
      <symbol id="sm-d19">
         <name>PcmTest_Init</name>
         <value>0x8b60</value>
         <object_component_ref idref="oc-297"/>
      </symbol>
      <symbol id="sm-d1a">
         <name>PcmTest_Stop</name>
         <value>0x8c18</value>
         <object_component_ref idref="oc-297"/>
      </symbol>
      <symbol id="sm-d1b">
         <name>PcmTest_Start</name>
         <value>0x8c58</value>
         <object_component_ref idref="oc-297"/>
      </symbol>
      <symbol id="sm-d1c">
         <name>PcmTest_Tick10kHz</name>
         <value>0x8d44</value>
         <object_component_ref idref="oc-297"/>
      </symbol>
      <symbol id="sm-d3b">
         <name>TuningStore_ApplyWaveform</name>
         <value>0xee08</value>
         <object_component_ref idref="oc-285"/>
      </symbol>
      <symbol id="sm-d3c">
         <name>TuningStore_Version</name>
         <value>0xef5c</value>
         <object_component_ref idref="oc-285"/>
      </symbol>
      <symbol id="sm-d3d">
         <name>TuningStore_Init</name>
         <value>0xeda4</value>
         <object_component_ref idref="oc-285"/>
      </symbol>
      <symbol id="sm-d3e">
         <name>TuningStore_ApplyPid</name>
         <value>0xef00</value>
         <object_component_ref idref="oc-285"/>
      </symbol>
      <symbol id="sm-d8a">
         <name>expf</name>
         <value>0xef74</value>
         <object_component_ref idref="oc-250"/>
      </symbol>
      <symbol id="sm-d9a">
         <name>sqrtf</name>
         <value>0x10944</value>
         <object_component_ref idref="oc-3c2"/>
      </symbol>
      <symbol id="sm-da4">
         <name>lroundf</name>
         <value>0x109b4</value>
         <object_component_ref idref="oc-3b1"/>
      </symbol>
      <symbol id="sm-db5">
         <name>roundf</name>
         <value>0x106b4</value>
         <object_component_ref idref="oc-44f"/>
      </symbol>
      <symbol id="sm-dff">
         <name>sinf</name>
         <value>0xaa74</value>
         <object_component_ref idref="oc-3a9"/>
      </symbol>
      <symbol id="sm-e19">
         <name>floorl</name>
         <value>0x1000c</value>
         <object_component_ref idref="oc-327"/>
      </symbol>
      <symbol id="sm-e1a">
         <name>floor</name>
         <value>0x1000c</value>
         <object_component_ref idref="oc-327"/>
      </symbol>
      <symbol id="sm-e33">
         <name>memcpy</name>
         <value>0xfbb0</value>
         <object_component_ref idref="oc-65"/>
      </symbol>
      <symbol id="sm-e34">
         <name>__aeabi_memcpy</name>
         <value>0xfbb0</value>
         <object_component_ref idref="oc-65"/>
      </symbol>
      <symbol id="sm-e35">
         <name>__aeabi_memcpy8</name>
         <value>0xfbb0</value>
         <object_component_ref idref="oc-65"/>
      </symbol>
      <symbol id="sm-e36">
         <name>__aeabi_memcpy4</name>
         <value>0xfbb0</value>
         <object_component_ref idref="oc-65"/>
      </symbol>
      <symbol id="sm-e45">
         <name>__aeabi_memset</name>
         <value>0x10434</value>
         <object_component_ref idref="oc-fd"/>
      </symbol>
      <symbol id="sm-e46">
         <name>memset</name>
         <value>0x10440</value>
         <object_component_ref idref="oc-fd"/>
      </symbol>
      <symbol id="sm-e47">
         <name>__aeabi_memset8</name>
         <value>0x10434</value>
         <object_component_ref idref="oc-fd"/>
      </symbol>
      <symbol id="sm-e48">
         <name>__aeabi_memset4</name>
         <value>0x10434</value>
         <object_component_ref idref="oc-fd"/>
      </symbol>
      <symbol id="sm-e49">
         <name>__aeabi_memclr8</name>
         <value>0x10430</value>
         <object_component_ref idref="oc-fd"/>
      </symbol>
      <symbol id="sm-e4a">
         <name>__aeabi_memclr4</name>
         <value>0x10430</value>
         <object_component_ref idref="oc-fd"/>
      </symbol>
      <symbol id="sm-e4b">
         <name>__aeabi_memclr</name>
         <value>0x10430</value>
         <object_component_ref idref="oc-fd"/>
      </symbol>
      <symbol id="sm-e57">
         <name>__aeabi_idivmod</name>
         <value>0x10850</value>
         <object_component_ref idref="oc-262"/>
      </symbol>
      <symbol id="sm-e58">
         <name>__aeabi_idiv</name>
         <value>0x10850</value>
         <object_component_ref idref="oc-262"/>
      </symbol>
      <symbol id="sm-e64">
         <name>__aeabi_uidivmod</name>
         <value>0x108f4</value>
         <object_component_ref idref="oc-182"/>
      </symbol>
      <symbol id="sm-e65">
         <name>__aeabi_uidiv</name>
         <value>0x108f4</value>
         <object_component_ref idref="oc-182"/>
      </symbol>
      <symbol id="sm-e8d">
         <name>__TI_auto_init_nobinit_nopinit</name>
         <value>0x10730</value>
         <object_component_ref idref="oc-122"/>
      </symbol>
      <symbol id="sm-ea0">
         <name>__TI_zero_init</name>
         <value>0x109c8</value>
         <object_component_ref idref="oc-77"/>
      </symbol>
      <symbol id="sm-eb7">
         <name>__TI_decompress_none</name>
         <value>0x109a0</value>
         <object_component_ref idref="oc-15"/>
      </symbol>
      <symbol id="sm-eda">
         <name>__TI_decompress_lzss</name>
         <value>0x10624</value>
         <object_component_ref idref="oc-f"/>
      </symbol>
      <symbol id="sm-ee5">
         <name>C$$EXIT</name>
         <value>0x109fc</value>
         <object_component_ref idref="oc-170"/>
      </symbol>
      <symbol id="sm-ee6">
         <name>abort</name>
         <value>0x109fc</value>
         <object_component_ref idref="oc-170"/>
      </symbol>
      <symbol id="sm-f4d">
         <name>__kernel_rem_pio2</name>
         <value>0x9b08</value>
         <object_component_ref idref="oc-440"/>
      </symbol>
      <symbol id="sm-f63">
         <name>__aeabi_errno_addr</name>
         <value>0x109d8</value>
         <object_component_ref idref="oc-371"/>
      </symbol>
      <symbol id="sm-f64">
         <name>errno</name>
         <value>0x80019b4</value>
         <object_component_ref idref="oc-41f"/>
      </symbol>
      <symbol id="sm-f79">
         <name>floorf</name>
         <value>0x104e0</value>
         <object_component_ref idref="oc-498"/>
      </symbol>
      <symbol id="sm-f93">
         <name>scalbn</name>
         <value>0x10140</value>
         <object_component_ref idref="oc-480"/>
      </symbol>
      <symbol id="sm-f94">
         <name>scalbnl</name>
         <value>0x10140</value>
         <object_component_ref idref="oc-480"/>
      </symbol>
      <symbol id="sm-f95">
         <name>ldexpl</name>
         <value>0x10140</value>
         <object_component_ref idref="oc-480"/>
      </symbol>
      <symbol id="sm-f96">
         <name>ldexp</name>
         <value>0x10140</value>
         <object_component_ref idref="oc-480"/>
      </symbol>
      <symbol id="sm-fa0">
         <name>__aeabi_idiv0</name>
         <value>0x10a0c</value>
         <object_component_ref idref="oc-306"/>
      </symbol>
      <symbol id="sm-fa1">
         <name>__aeabi_ldiv0</name>
         <value>0x10a0c</value>
         <object_component_ref idref="oc-306"/>
      </symbol>
      <symbol id="sm-fab">
         <name>copysign</name>
         <value>0x10978</value>
         <object_component_ref idref="oc-4a2"/>
      </symbol>
      <symbol id="sm-fac">
         <name>copysignl</name>
         <value>0x10978</value>
         <object_component_ref idref="oc-4a2"/>
      </symbol>
      <symbol id="sm-fad">
         <name>__TI_static_base__</name>
         <value>0x0</value>
      </symbol>
      <symbol id="sm-fb0">
         <name>SHT$$INIT_ARRAY$$Base</name>
         <value>0x0</value>
      </symbol>
      <symbol id="sm-fb1">
         <name>SHT$$INIT_ARRAY$$Limit</name>
         <value>0x0</value>
      </symbol>
      <symbol id="sm-fb2">
         <name>_system_post_cinit</name>
         <value>0x0</value>
      </symbol>
   </symbol_table>
   <title>Link successful</title>
</link_info>
