<?xml version="1.0" encoding="ISO-8859-1" ?>
<link_info>
   <banner>TI ARM Linker PC v20.2.7.LTS</banner>
   <copyright>Copyright (c) 1996-2018 Texas Instruments Incorporated</copyright>
   <link_time>0x697a43f5</link_time>
   <link_errors>0x0</link_errors>
   <output_file>DC_Maxon_DRV8871.out</output_file>
   <entry_point>
      <name>_c_int00</name>
      <address>0xfbc0</address>
   </entry_point>
   <input_file_list>
      <input_file id="fl-2">
         <path>.\source\</path>
         <kind>object</kind>
         <file>HL_adc.obj</file>
         <name>HL_adc.obj</name>
      </input_file>
      <input_file id="fl-3">
         <path>.\source\</path>
         <kind>object</kind>
         <file>HL_epc.obj</file>
         <name>HL_epc.obj</name>
      </input_file>
      <input_file id="fl-4">
         <path>.\source\</path>
         <kind>object</kind>
         <file>HL_errata.obj</file>
         <name>HL_errata.obj</name>
      </input_file>
      <input_file id="fl-5">
         <path>.\source\</path>
         <kind>object</kind>
         <file>HL_errata_SSWF021_45.obj</file>
         <name>HL_errata_SSWF021_45.obj</name>
      </input_file>
      <input_file id="fl-6">
         <path>.\source\</path>
         <kind>object</kind>
         <file>HL_esm.obj</file>
         <name>HL_esm.obj</name>
      </input_file>
      <input_file id="fl-7">
         <path>.\source\</path>
         <kind>object</kind>
         <file>HL_etpwm.obj</file>
         <name>HL_etpwm.obj</name>
      </input_file>
      <input_file id="fl-8">
         <path>.\source\</path>
         <kind>object</kind>
         <file>HL_gio.obj</file>
         <name>HL_gio.obj</name>
      </input_file>
      <input_file id="fl-9">
         <path>.\source\</path>
         <kind>object</kind>
         <file>HL_mibspi.obj</file>
         <name>HL_mibspi.obj</name>
      </input_file>
      <input_file id="fl-a">
         <path>.\source\</path>
         <kind>object</kind>
         <file>HL_nmpu.obj</file>
         <name>HL_nmpu.obj</name>
      </input_file>
      <input_file id="fl-b">
         <path>.\source\</path>
         <kind>object</kind>
         <file>HL_notification.obj</file>
         <name>HL_notification.obj</name>
      </input_file>
      <input_file id="fl-c">
         <path>.\source\</path>
         <kind>object</kind>
         <file>HL_pinmux.obj</file>
         <name>HL_pinmux.obj</name>
      </input_file>
      <input_file id="fl-d">
         <path>.\source\</path>
         <kind>object</kind>
         <file>HL_rti.obj</file>
         <name>HL_rti.obj</name>
      </input_file>
      <input_file id="fl-e">
         <path>.\source\</path>
         <kind>object</kind>
         <file>HL_sci.obj</file>
         <name>HL_sci.obj</name>
      </input_file>
      <input_file id="fl-f">
         <path>.\source\</path>
         <kind>object</kind>
         <file>HL_sys_core.obj</file>
         <name>HL_sys_core.obj</name>
      </input_file>
      <input_file id="fl-10">
         <path>.\source\</path>
         <kind>object</kind>
         <file>HL_sys_dma.obj</file>
         <name>HL_sys_dma.obj</name>
      </input_file>
      <input_file id="fl-11">
         <path>.\source\</path>
         <kind>object</kind>
         <file>HL_sys_intvecs.obj</file>
         <name>HL_sys_intvecs.obj</name>
      </input_file>
      <input_file id="fl-12">
         <path>.\source\</path>
         <kind>object</kind>
         <file>HL_sys_main.obj</file>
         <name>HL_sys_main.obj</name>
      </input_file>
      <input_file id="fl-13">
         <path>.\source\</path>
         <kind>object</kind>
         <file>HL_sys_mpu.obj</file>
         <name>HL_sys_mpu.obj</name>
      </input_file>
      <input_file id="fl-14">
         <path>.\source\</path>
         <kind>object</kind>
         <file>HL_sys_pcr.obj</file>
         <name>HL_sys_pcr.obj</name>
      </input_file>
      <input_file id="fl-15">
         <path>.\source\</path>
         <kind>object</kind>
         <file>HL_sys_phantom.obj</file>
         <name>HL_sys_phantom.obj</name>
      </input_file>
      <input_file id="fl-16">
         <path>.\source\</path>
         <kind>object</kind>
         <file>HL_sys_pmm.obj</file>
         <name>HL_sys_pmm.obj</name>
      </input_file>
      <input_file id="fl-17">
         <path>.\source\</path>
         <kind>object</kind>
         <file>HL_sys_pmu.obj</file>
         <name>HL_sys_pmu.obj</name>
      </input_file>
      <input_file id="fl-18">
         <path>.\source\</path>
         <kind>object</kind>
         <file>HL_sys_startup.obj</file>
         <name>HL_sys_startup.obj</name>
      </input_file>
      <input_file id="fl-19">
         <path>.\source\</path>
         <kind>object</kind>
         <file>HL_sys_vim.obj</file>
         <name>HL_sys_vim.obj</name>
      </input_file>
      <input_file id="fl-1a">
         <path>.\source\</path>
         <kind>object</kind>
         <file>HL_system.obj</file>
         <name>HL_system.obj</name>
      </input_file>
      <input_file id="fl-1b">
         <path>.\source\app\</path>
         <kind>object</kind>
         <file>app_calibrator.obj</file>
         <name>app_calibrator.obj</name>
      </input_file>
      <input_file id="fl-1c">
         <path>.\source\app\</path>
         <kind>object</kind>
         <file>app_orchestrator.obj</file>
         <name>app_orchestrator.obj</name>
      </input_file>
      <input_file id="fl-1d">
         <path>.\source\button\</path>
         <kind>object</kind>
         <file>pushbutton.obj</file>
         <name>pushbutton.obj</name>
      </input_file>
      <input_file id="fl-1e">
         <path>.\source\control_timer\</path>
         <kind>object</kind>
         <file>drv_rti.obj</file>
         <name>drv_rti.obj</name>
      </input_file>
      <input_file id="fl-1f">
         <path>.\source\controller\</path>
         <kind>object</kind>
         <file>ctrl_pid.obj</file>
         <name>ctrl_pid.obj</name>
      </input_file>
      <input_file id="fl-20">
         <path>.\source\controller\</path>
         <kind>object</kind>
         <file>ctrl_pid_defaults.obj</file>
         <name>ctrl_pid_defaults.obj</name>
      </input_file>
      <input_file id="fl-21">
         <path>.\source\controller\</path>
         <kind>object</kind>
         <file>current_ctrl.obj</file>
         <name>current_ctrl.obj</name>
      </input_file>
      <input_file id="fl-22">
         <path>.\source\debug\</path>
         <kind>object</kind>
         <file>drv_sci.obj</file>
         <name>drv_sci.obj</name>
      </input_file>
      <input_file id="fl-23">
         <path>.\source\debug\</path>
         <kind>object</kind>
         <file>uart.obj</file>
         <name>uart.obj</name>
      </input_file>
      <input_file id="fl-24">
         <path>.\source\debug\</path>
         <kind>object</kind>
         <file>uart_to_qt.obj</file>
         <name>uart_to_qt.obj</name>
      </input_file>
      <input_file id="fl-25">
         <path>.\source\leds\</path>
         <kind>object</kind>
         <file>signaling_leds.obj</file>
         <name>signaling_leds.obj</name>
      </input_file>
      <input_file id="fl-26">
         <path>.\source\motor_driver\</path>
         <kind>object</kind>
         <file>drv_etpwm.obj</file>
         <name>drv_etpwm.obj</name>
      </input_file>
      <input_file id="fl-27">
         <path>.\source\plant\</path>
         <kind>object</kind>
         <file>plant_control.obj</file>
         <name>plant_control.obj</name>
      </input_file>
      <input_file id="fl-28">
         <path>.\source\plant\</path>
         <kind>object</kind>
         <file>plant_control_defaults.obj</file>
         <name>plant_control_defaults.obj</name>
      </input_file>
      <input_file id="fl-29">
         <path>.\source\power_up_ups\</path>
         <kind>object</kind>
         <file>board_power.obj</file>
         <name>board_power.obj</name>
      </input_file>
      <input_file id="fl-2a">
         <path>.\source\sampling_adc\</path>
         <kind>object</kind>
         <file>current_ctrl.obj</file>
         <name>current_ctrl.obj</name>
      </input_file>
      <input_file id="fl-2b">
         <path>.\source\sampling_adc\</path>
         <kind>object</kind>
         <file>drv_adc.obj</file>
         <name>drv_adc.obj</name>
      </input_file>
      <input_file id="fl-2c">
         <path>.\source\setpoint\</path>
         <kind>object</kind>
         <file>sp_CurGen.obj</file>
         <name>sp_CurGen.obj</name>
      </input_file>
      <input_file id="fl-2d">
         <path>.\source\setpoint\</path>
         <kind>object</kind>
         <file>sp_gen.obj</file>
         <name>sp_gen.obj</name>
      </input_file>
      <input_file id="fl-2e">
         <path>.\source\tests\</path>
         <kind>object</kind>
         <file>pcm_tests.obj</file>
         <name>pcm_tests.obj</name>
      </input_file>
      <input_file id="fl-2f">
         <path>.\source\tuning\</path>
         <kind>object</kind>
         <file>tuning_store.obj</file>
         <name>tuning_store.obj</name>
      </input_file>
      <input_file id="fl-33">
         <kind>object</kind>
         <file>&lt;internal&gt;</file>
         <name>&lt;internal&gt;</name>
      </input_file>
      <input_file id="fl-e9">
         <path>C:\ti\ccs1270\ccs\tools\compiler\ti-cgt-arm_20.2.7.LTS\lib\</path>
         <kind>archive</kind>
         <file>rtsv7R4_A_le_v3D16_eabi.lib</file>
         <name>e_expf.c.obj</name>
      </input_file>
      <input_file id="fl-ea">
         <path>C:\ti\ccs1270\ccs\tools\compiler\ti-cgt-arm_20.2.7.LTS\lib\</path>
         <kind>archive</kind>
         <file>rtsv7R4_A_le_v3D16_eabi.lib</file>
         <name>e_sqrtf.c.obj</name>
      </input_file>
      <input_file id="fl-eb">
         <path>C:\ti\ccs1270\ccs\tools\compiler\ti-cgt-arm_20.2.7.LTS\lib\</path>
         <kind>archive</kind>
         <file>rtsv7R4_A_le_v3D16_eabi.lib</file>
         <name>s_lrintf.c.obj</name>
      </input_file>
      <input_file id="fl-ec">
         <path>C:\ti\ccs1270\ccs\tools\compiler\ti-cgt-arm_20.2.7.LTS\lib\</path>
         <kind>archive</kind>
         <file>rtsv7R4_A_le_v3D16_eabi.lib</file>
         <name>s_lroundf.c.obj</name>
      </input_file>
      <input_file id="fl-ed">
         <path>C:\ti\ccs1270\ccs\tools\compiler\ti-cgt-arm_20.2.7.LTS\lib\</path>
         <kind>archive</kind>
         <file>rtsv7R4_A_le_v3D16_eabi.lib</file>
         <name>s_rintf.c.obj</name>
      </input_file>
      <input_file id="fl-ee">
         <path>C:\ti\ccs1270\ccs\tools\compiler\ti-cgt-arm_20.2.7.LTS\lib\</path>
         <kind>archive</kind>
         <file>rtsv7R4_A_le_v3D16_eabi.lib</file>
         <name>s_roundf.c.obj</name>
      </input_file>
      <input_file id="fl-ef">
         <path>C:\ti\ccs1270\ccs\tools\compiler\ti-cgt-arm_20.2.7.LTS\lib\</path>
         <kind>archive</kind>
         <file>rtsv7R4_A_le_v3D16_eabi.lib</file>
         <name>s_sinf.c.obj</name>
      </input_file>
      <input_file id="fl-f0">
         <path>C:\ti\ccs1270\ccs\tools\compiler\ti-cgt-arm_20.2.7.LTS\lib\</path>
         <kind>archive</kind>
         <file>rtsv7R4_A_le_v3D16_eabi.lib</file>
         <name>s_floor.c.obj</name>
      </input_file>
      <input_file id="fl-f1">
         <path>C:\ti\ccs1270\ccs\tools\compiler\ti-cgt-arm_20.2.7.LTS\lib\</path>
         <kind>archive</kind>
         <file>rtsv7R4_A_le_v3D16_eabi.lib</file>
         <name>ti_fenv.c.obj</name>
      </input_file>
      <input_file id="fl-f2">
         <path>C:\ti\ccs1270\ccs\tools\compiler\ti-cgt-arm_20.2.7.LTS\lib\</path>
         <kind>archive</kind>
         <file>rtsv7R4_A_le_v3D16_eabi.lib</file>
         <name>memcpy32.asm.obj</name>
      </input_file>
      <input_file id="fl-f3">
         <path>C:\ti\ccs1270\ccs\tools\compiler\ti-cgt-arm_20.2.7.LTS\lib\</path>
         <kind>archive</kind>
         <file>rtsv7R4_A_le_v3D16_eabi.lib</file>
         <name>memset32.asm.obj</name>
      </input_file>
      <input_file id="fl-f4">
         <path>C:\ti\ccs1270\ccs\tools\compiler\ti-cgt-arm_20.2.7.LTS\lib\</path>
         <kind>archive</kind>
         <file>rtsv7R4_A_le_v3D16_eabi.lib</file>
         <name>i_div32.asm.obj</name>
      </input_file>
      <input_file id="fl-f5">
         <path>C:\ti\ccs1270\ccs\tools\compiler\ti-cgt-arm_20.2.7.LTS\lib\</path>
         <kind>archive</kind>
         <file>rtsv7R4_A_le_v3D16_eabi.lib</file>
         <name>u_div32.asm.obj</name>
      </input_file>
      <input_file id="fl-f6">
         <path>C:\ti\ccs1270\ccs\tools\compiler\ti-cgt-arm_20.2.7.LTS\lib\</path>
         <kind>archive</kind>
         <file>rtsv7R4_A_le_v3D16_eabi.lib</file>
         <name>autoinit.c.obj</name>
      </input_file>
      <input_file id="fl-f7">
         <path>C:\ti\ccs1270\ccs\tools\compiler\ti-cgt-arm_20.2.7.LTS\lib\</path>
         <kind>archive</kind>
         <file>rtsv7R4_A_le_v3D16_eabi.lib</file>
         <name>cpy_tbl.c.obj</name>
      </input_file>
      <input_file id="fl-f8">
         <path>C:\ti\ccs1270\ccs\tools\compiler\ti-cgt-arm_20.2.7.LTS\lib\</path>
         <kind>archive</kind>
         <file>rtsv7R4_A_le_v3D16_eabi.lib</file>
         <name>copy_zero_init.c.obj</name>
      </input_file>
      <input_file id="fl-f9">
         <path>C:\ti\ccs1270\ccs\tools\compiler\ti-cgt-arm_20.2.7.LTS\lib\</path>
         <kind>archive</kind>
         <file>rtsv7R4_A_le_v3D16_eabi.lib</file>
         <name>copy_decompress_none.c.obj</name>
      </input_file>
      <input_file id="fl-fa">
         <path>C:\ti\ccs1270\ccs\tools\compiler\ti-cgt-arm_20.2.7.LTS\lib\</path>
         <kind>archive</kind>
         <file>rtsv7R4_A_le_v3D16_eabi.lib</file>
         <name>copy_decompress_lzss.c.obj</name>
      </input_file>
      <input_file id="fl-fb">
         <path>C:\ti\ccs1270\ccs\tools\compiler\ti-cgt-arm_20.2.7.LTS\lib\</path>
         <kind>archive</kind>
         <file>rtsv7R4_A_le_v3D16_eabi.lib</file>
         <name>exit.c.obj</name>
      </input_file>
      <input_file id="fl-fc">
         <path>C:\ti\ccs1270\ccs\tools\compiler\ti-cgt-arm_20.2.7.LTS\lib\</path>
         <kind>archive</kind>
         <file>rtsv7R4_A_le_v3D16_eabi.lib</file>
         <name>_lock.c.obj</name>
      </input_file>
      <input_file id="fl-fd">
         <path>C:\ti\ccs1270\ccs\tools\compiler\ti-cgt-arm_20.2.7.LTS\lib\</path>
         <kind>archive</kind>
         <file>rtsv7R4_A_le_v3D16_eabi.lib</file>
         <name>signal.c.obj</name>
      </input_file>
      <input_file id="fl-fe">
         <path>C:\ti\ccs1270\ccs\tools\compiler\ti-cgt-arm_20.2.7.LTS\lib\</path>
         <kind>archive</kind>
         <file>rtsv7R4_A_le_v3D16_eabi.lib</file>
         <name>k_rem_pio2.c.obj</name>
      </input_file>
      <input_file id="fl-ff">
         <path>C:\ti\ccs1270\ccs\tools\compiler\ti-cgt-arm_20.2.7.LTS\lib\</path>
         <kind>archive</kind>
         <file>rtsv7R4_A_le_v3D16_eabi.lib</file>
         <name>errno.c.obj</name>
      </input_file>
      <input_file id="fl-100">
         <path>C:\ti\ccs1270\ccs\tools\compiler\ti-cgt-arm_20.2.7.LTS\lib\</path>
         <kind>archive</kind>
         <file>rtsv7R4_A_le_v3D16_eabi.lib</file>
         <name>s_floorf.c.obj</name>
      </input_file>
      <input_file id="fl-101">
         <path>C:\ti\ccs1270\ccs\tools\compiler\ti-cgt-arm_20.2.7.LTS\lib\</path>
         <kind>archive</kind>
         <file>rtsv7R4_A_le_v3D16_eabi.lib</file>
         <name>s_scalbn.c.obj</name>
      </input_file>
      <input_file id="fl-102">
         <path>C:\ti\ccs1270\ccs\tools\compiler\ti-cgt-arm_20.2.7.LTS\lib\</path>
         <kind>archive</kind>
         <file>rtsv7R4_A_le_v3D16_eabi.lib</file>
         <name>div0.asm.obj</name>
      </input_file>
      <input_file id="fl-103">
         <path>C:\ti\ccs1270\ccs\tools\compiler\ti-cgt-arm_20.2.7.LTS\lib\</path>
         <kind>archive</kind>
         <file>rtsv7R4_A_le_v3D16_eabi.lib</file>
         <name>s_copysign.c.obj</name>
      </input_file>
   </input_file_list>
   <object_component_list>
      <object_component id="oc-43">
         <name>.intvecs</name>
         <load_address>0x0</load_address>
         <run_address>0x0</run_address>
         <size>0x20</size>
         <input_file_ref idref="fl-11"/>
      </object_component>
      <object_component id="oc-273">
         <name>.text</name>
         <load_address>0x20</load_address>
         <run_address>0x20</run_address>
         <size>0x2174</size>
         <input_file_ref idref="fl-7"/>
      </object_component>
      <object_component id="oc-164">
         <name>.text</name>
         <load_address>0x2194</load_address>
         <run_address>0x2194</run_address>
         <size>0x1198</size>
         <input_file_ref idref="fl-1c"/>
      </object_component>
      <object_component id="oc-390">
         <name>.text</name>
         <load_address>0x332c</load_address>
         <run_address>0x332c</run_address>
         <size>0x109c</size>
         <input_file_ref idref="fl-9"/>
      </object_component>
      <object_component id="oc-27f">
         <name>.text</name>
         <load_address>0x43c8</load_address>
         <run_address>0x43c8</run_address>
         <size>0xe30</size>
         <input_file_ref idref="fl-24"/>
      </object_component>
      <object_component id="oc-17c">
         <name>.text</name>
         <load_address>0x51f8</load_address>
         <run_address>0x51f8</run_address>
         <size>0xaec</size>
         <input_file_ref idref="fl-2"/>
      </object_component>
      <object_component id="oc-104">
         <name>.text</name>
         <load_address>0x5ce4</load_address>
         <run_address>0x5ce4</run_address>
         <size>0x9c8</size>
         <input_file_ref idref="fl-c"/>
      </object_component>
      <object_component id="oc-82">
         <name>.text</name>
         <load_address>0x66ac</load_address>
         <run_address>0x66ac</run_address>
         <size>0x998</size>
         <input_file_ref idref="fl-1a"/>
      </object_component>
      <object_component id="oc-4f">
         <name>.text</name>
         <load_address>0x7044</load_address>
         <run_address>0x7044</run_address>
         <size>0x938</size>
         <input_file_ref idref="fl-19"/>
      </object_component>
      <object_component id="oc-279">
         <name>.text</name>
         <load_address>0x797c</load_address>
         <run_address>0x797c</run_address>
         <size>0x914</size>
         <input_file_ref idref="fl-27"/>
      </object_component>
      <object_component id="oc-291">
         <name>.text</name>
         <load_address>0x8290</load_address>
         <run_address>0x8290</run_address>
         <size>0x888</size>
         <input_file_ref idref="fl-2e"/>
      </object_component>
      <object_component id="oc-1d0">
         <name>.text</name>
         <load_address>0x8b18</load_address>
         <run_address>0x8b18</run_address>
         <size>0x87c</size>
         <input_file_ref idref="fl-e"/>
      </object_component>
      <object_component id="oc-44e">
         <name>.text:__kernel_rem_pio2</name>
         <load_address>0x9394</load_address>
         <run_address>0x9394</run_address>
         <size>0x790</size>
         <input_file_ref idref="fl-fe"/>
      </object_component>
      <object_component id="oc-9a">
         <name>.text</name>
         <load_address>0x9b24</load_address>
         <run_address>0x9b24</run_address>
         <size>0x78c</size>
         <input_file_ref idref="fl-6"/>
      </object_component>
      <object_component id="oc-3a4">
         <name>.text:sinf</name>
         <load_address>0xa2b0</load_address>
         <run_address>0xa2b0</run_address>
         <size>0x748</size>
         <input_file_ref idref="fl-ef"/>
      </object_component>
      <object_component id="oc-1c0">
         <name>.text</name>
         <load_address>0xa9f8</load_address>
         <run_address>0xa9f8</run_address>
         <size>0x698</size>
         <input_file_ref idref="fl-d"/>
      </object_component>
      <object_component id="oc-b3">
         <name>.text</name>
         <load_address>0xb090</load_address>
         <run_address>0xb090</run_address>
         <size>0x670</size>
         <input_file_ref idref="fl-2b"/>
      </object_component>
      <object_component id="oc-88">
         <name>.text</name>
         <load_address>0xb700</load_address>
         <run_address>0xb700</run_address>
         <size>0x664</size>
         <input_file_ref idref="fl-5"/>
      </object_component>
      <object_component id="oc-cb">
         <name>.text</name>
         <load_address>0xbd64</load_address>
         <run_address>0xbd64</run_address>
         <size>0x5b0</size>
         <input_file_ref idref="fl-22"/>
      </object_component>
      <object_component id="oc-1d6">
         <name>.text</name>
         <load_address>0xc314</load_address>
         <run_address>0xc314</run_address>
         <size>0x484</size>
         <input_file_ref idref="fl-8"/>
      </object_component>
      <object_component id="oc-28b">
         <name>.text</name>
         <load_address>0xc798</load_address>
         <run_address>0xc798</run_address>
         <size>0x444</size>
         <input_file_ref idref="fl-1d"/>
      </object_component>
      <object_component id="oc-26d">
         <name>.text</name>
         <load_address>0xcbdc</load_address>
         <run_address>0xcbdc</run_address>
         <size>0x408</size>
         <input_file_ref idref="fl-29"/>
      </object_component>
      <object_component id="oc-15e">
         <name>.text</name>
         <load_address>0xcfe4</load_address>
         <run_address>0xcfe4</run_address>
         <size>0x400</size>
         <input_file_ref idref="fl-2d"/>
      </object_component>
      <object_component id="oc-256">
         <name>.text</name>
         <load_address>0xd3e4</load_address>
         <run_address>0xd3e4</run_address>
         <size>0x3c8</size>
         <input_file_ref idref="fl-26"/>
      </object_component>
      <object_component id="oc-7d">
         <name>.text</name>
         <load_address>0xd7ac</load_address>
         <run_address>0xd7ac</run_address>
         <size>0x3c4</size>
         <input_file_ref idref="fl-f"/>
      </object_component>
      <object_component id="oc-29d">
         <name>.text</name>
         <load_address>0xdb70</load_address>
         <run_address>0xdb70</run_address>
         <size>0x374</size>
         <input_file_ref idref="fl-23"/>
      </object_component>
      <object_component id="oc-a0">
         <name>.text</name>
         <load_address>0xdee4</load_address>
         <run_address>0xdee4</run_address>
         <size>0x36c</size>
         <input_file_ref idref="fl-13"/>
      </object_component>
      <object_component id="oc-4e">
         <name>.text:retain</name>
         <load_address>0xe250</load_address>
         <run_address>0xe250</run_address>
         <size>0x33c</size>
         <input_file_ref idref="fl-19"/>
      </object_component>
      <object_component id="oc-250">
         <name>.text:expf</name>
         <load_address>0xe58c</load_address>
         <run_address>0xe58c</run_address>
         <size>0x25c</size>
         <input_file_ref idref="fl-e9"/>
      </object_component>
      <object_component id="oc-285">
         <name>.text</name>
         <load_address>0xe7e8</load_address>
         <run_address>0xe7e8</run_address>
         <size>0x250</size>
         <input_file_ref idref="fl-2f"/>
      </object_component>
      <object_component id="oc-25c">
         <name>.text</name>
         <load_address>0xea38</load_address>
         <run_address>0xea38</run_address>
         <size>0x214</size>
         <input_file_ref idref="fl-25"/>
      </object_component>
      <object_component id="oc-297">
         <name>.text</name>
         <load_address>0xec4c</load_address>
         <run_address>0xec4c</run_address>
         <size>0x210</size>
         <input_file_ref idref="fl-21"/>
      </object_component>
      <object_component id="oc-39e">
         <name>.text</name>
         <load_address>0xee5c</load_address>
         <run_address>0xee5c</run_address>
         <size>0x208</size>
         <input_file_ref idref="fl-1f"/>
      </object_component>
      <object_component id="oc-3d">
         <name>.text:retain</name>
         <load_address>0xf064</load_address>
         <run_address>0xf064</run_address>
         <size>0x204</size>
         <input_file_ref idref="fl-e"/>
      </object_component>
      <object_component id="oc-c4">
         <name>.text</name>
         <load_address>0xf268</load_address>
         <run_address>0xf268</run_address>
         <size>0x1b0</size>
         <input_file_ref idref="fl-1e"/>
      </object_component>
      <object_component id="oc-65">
         <name>.text</name>
         <load_address>0xf418</load_address>
         <run_address>0xf418</run_address>
         <size>0x180</size>
         <input_file_ref idref="fl-f2"/>
      </object_component>
      <object_component id="oc-2b">
         <name>.text:retain</name>
         <load_address>0xf598</load_address>
         <run_address>0xf598</run_address>
         <size>0x178</size>
         <input_file_ref idref="fl-6"/>
      </object_component>
      <object_component id="oc-267">
         <name>.text</name>
         <load_address>0xf710</load_address>
         <run_address>0xf710</run_address>
         <size>0x164</size>
         <input_file_ref idref="fl-2c"/>
      </object_component>
      <object_component id="oc-322">
         <name>.text:floor</name>
         <load_address>0xf874</load_address>
         <run_address>0xf874</run_address>
         <size>0x134</size>
         <input_file_ref idref="fl-f0"/>
      </object_component>
      <object_component id="oc-49f">
         <name>.text:scalbn</name>
         <load_address>0xf9a8</load_address>
         <run_address>0xf9a8</run_address>
         <size>0x11c</size>
         <input_file_ref idref="fl-101"/>
      </object_component>
      <object_component id="oc-94">
         <name>.text</name>
         <load_address>0xfac4</load_address>
         <run_address>0xfac4</run_address>
         <size>0xfc</size>
         <input_file_ref idref="fl-b"/>
      </object_component>
      <object_component id="oc-1c">
         <name>.text:retain</name>
         <load_address>0xfbc0</load_address>
         <run_address>0xfbc0</run_address>
         <size>0xd8</size>
         <input_file_ref idref="fl-18"/>
      </object_component>
      <object_component id="oc-fd">
         <name>.text</name>
         <load_address>0xfc98</load_address>
         <run_address>0xfc98</run_address>
         <size>0xb0</size>
         <input_file_ref idref="fl-f3"/>
      </object_component>
      <object_component id="oc-4b7">
         <name>.text:floorf</name>
         <load_address>0xfd48</load_address>
         <run_address>0xfd48</run_address>
         <size>0xa4</size>
         <input_file_ref idref="fl-100"/>
      </object_component>
      <object_component id="oc-37">
         <name>.text:retain</name>
         <load_address>0xfdec</load_address>
         <run_address>0xfdec</run_address>
         <size>0xa0</size>
         <input_file_ref idref="fl-d"/>
      </object_component>
      <object_component id="oc-f">
         <name>.text:decompress:lzss:__TI_decompress_lzss</name>
         <load_address>0xfe8c</load_address>
         <run_address>0xfe8c</run_address>
         <size>0x90</size>
         <input_file_ref idref="fl-fa"/>
      </object_component>
      <object_component id="oc-2a3">
         <name>.text:lrintf</name>
         <load_address>0xff1c</load_address>
         <run_address>0xff1c</run_address>
         <size>0x7c</size>
         <input_file_ref idref="fl-eb"/>
      </object_component>
      <object_component id="oc-45d">
         <name>.text:roundf</name>
         <load_address>0xff98</load_address>
         <run_address>0xff98</run_address>
         <size>0x7c</size>
         <input_file_ref idref="fl-ee"/>
      </object_component>
      <object_component id="oc-3d2">
         <name>.text:rintf</name>
         <load_address>0x10014</load_address>
         <run_address>0x10014</run_address>
         <size>0x6c</size>
         <input_file_ref idref="fl-ed"/>
      </object_component>
      <object_component id="oc-122">
         <name>.text:__TI_auto_init_nobinit_nopinit:__TI_auto_init_nobinit_nopinit</name>
         <load_address>0x10080</load_address>
         <run_address>0x10080</run_address>
         <size>0x68</size>
         <input_file_ref idref="fl-f6"/>
      </object_component>
      <object_component id="oc-a6">
         <name>.text</name>
         <load_address>0x100e8</load_address>
         <run_address>0x100e8</run_address>
         <size>0x64</size>
         <input_file_ref idref="fl-12"/>
      </object_component>
      <object_component id="oc-4c5">
         <name>.text:signal</name>
         <load_address>0x1014c</load_address>
         <run_address>0x1014c</run_address>
         <size>0x5c</size>
         <input_file_ref idref="fl-fd"/>
      </object_component>
      <object_component id="oc-22">
         <name>.text:retain</name>
         <load_address>0x101a8</load_address>
         <run_address>0x101a8</run_address>
         <size>0x54</size>
         <input_file_ref idref="fl-2"/>
      </object_component>
      <object_component id="oc-262">
         <name>.text</name>
         <load_address>0x101fc</load_address>
         <run_address>0x101fc</run_address>
         <size>0x54</size>
         <input_file_ref idref="fl-f4"/>
      </object_component>
      <object_component id="oc-31">
         <name>.text:retain</name>
         <load_address>0x10250</load_address>
         <run_address>0x10250</run_address>
         <size>0x50</size>
         <input_file_ref idref="fl-7"/>
      </object_component>
      <object_component id="oc-182">
         <name>.text</name>
         <load_address>0x102a0</load_address>
         <run_address>0x102a0</run_address>
         <size>0x50</size>
         <input_file_ref idref="fl-f5"/>
      </object_component>
      <object_component id="oc-482">
         <name>.text:raise</name>
         <load_address>0x102f0</load_address>
         <run_address>0x102f0</run_address>
         <size>0x4c</size>
         <input_file_ref idref="fl-fd"/>
      </object_component>
      <object_component id="oc-3bb">
         <name>.text:sqrtf</name>
         <load_address>0x1033c</load_address>
         <run_address>0x1033c</run_address>
         <size>0x34</size>
         <input_file_ref idref="fl-ea"/>
      </object_component>
      <object_component id="oc-4cd">
         <name>.text:copysign</name>
         <load_address>0x10370</load_address>
         <run_address>0x10370</run_address>
         <size>0x28</size>
         <input_file_ref idref="fl-103"/>
      </object_component>
      <object_component id="oc-15">
         <name>.text:decompress:none:__TI_decompress_none</name>
         <load_address>0x10398</load_address>
         <run_address>0x10398</run_address>
         <size>0x14</size>
         <input_file_ref idref="fl-f9"/>
      </object_component>
      <object_component id="oc-3ac">
         <name>.text:lroundf</name>
         <load_address>0x103ac</load_address>
         <run_address>0x103ac</run_address>
         <size>0x14</size>
         <input_file_ref idref="fl-ec"/>
      </object_component>
      <object_component id="oc-77">
         <name>.text:decompress:ZI:__TI_zero_init</name>
         <load_address>0x103c0</load_address>
         <run_address>0x103c0</run_address>
         <size>0x10</size>
         <input_file_ref idref="fl-f8"/>
      </object_component>
      <object_component id="oc-36c">
         <name>.text:__aeabi_errno_addr</name>
         <load_address>0x103d0</load_address>
         <run_address>0x103d0</run_address>
         <size>0xc</size>
         <input_file_ref idref="fl-ff"/>
      </object_component>
      <object_component id="oc-152">
         <name>.text</name>
         <load_address>0x103dc</load_address>
         <run_address>0x103dc</run_address>
         <size>0xc</size>
         <input_file_ref idref="fl-20"/>
      </object_component>
      <object_component id="oc-158">
         <name>.text</name>
         <load_address>0x103e8</load_address>
         <run_address>0x103e8</run_address>
         <size>0xc</size>
         <input_file_ref idref="fl-28"/>
      </object_component>
      <object_component id="oc-3d8">
         <name>.text:__softfloat_float_raise</name>
         <load_address>0x103f4</load_address>
         <run_address>0x103f4</run_address>
         <size>0x8</size>
         <input_file_ref idref="fl-f1"/>
      </object_component>
      <object_component id="oc-170">
         <name>.text:abort:abort</name>
         <load_address>0x103fc</load_address>
         <run_address>0x103fc</run_address>
         <size>0x8</size>
         <input_file_ref idref="fl-fb"/>
      </object_component>
      <object_component id="oc-8e">
         <name>.text</name>
         <load_address>0x10404</load_address>
         <run_address>0x10404</run_address>
         <size>0x4</size>
         <input_file_ref idref="fl-18"/>
      </object_component>
      <object_component id="oc-3f6">
         <name>.text:_nop</name>
         <load_address>0x10408</load_address>
         <run_address>0x10408</run_address>
         <size>0x4</size>
         <input_file_ref idref="fl-fc"/>
      </object_component>
      <object_component id="oc-48">
         <name>.text:retain</name>
         <load_address>0x1040c</load_address>
         <run_address>0x1040c</run_address>
         <size>0x4</size>
         <input_file_ref idref="fl-15"/>
      </object_component>
      <object_component id="oc-301">
         <name>.text</name>
         <load_address>0x10410</load_address>
         <run_address>0x10410</run_address>
         <size>0x4</size>
         <input_file_ref idref="fl-102"/>
      </object_component>
      <object_component id="oc-28">
         <name>.const:s_vim_init</name>
         <load_address>0x10420</load_address>
         <run_address>0x10420</run_address>
         <size>0x200</size>
         <input_file_ref idref="fl-19"/>
      </object_component>
      <object_component id="oc-4a8">
         <name>.const:ipio2</name>
         <load_address>0x10620</load_address>
         <run_address>0x10620</run_address>
         <size>0x108</size>
         <input_file_ref idref="fl-fe"/>
      </object_component>
      <object_component id="oc-4ab">
         <name>.const:PIo2</name>
         <load_address>0x10728</load_address>
         <run_address>0x10728</run_address>
         <size>0x40</size>
         <input_file_ref idref="fl-fe"/>
      </object_component>
      <object_component id="oc-246">
         <name>.const:kPlant_Base</name>
         <load_address>0x10768</load_address>
         <run_address>0x10768</run_address>
         <size>0x20</size>
         <input_file_ref idref="fl-28"/>
      </object_component>
      <object_component id="oc-3c3">
         <name>.const:kCur_Default</name>
         <load_address>0x10788</load_address>
         <run_address>0x10788</run_address>
         <size>0x18</size>
         <input_file_ref idref="fl-21"/>
      </object_component>
      <object_component id="oc-2fa">
         <name>.const:s_adcFiFoSize</name>
         <load_address>0x107a0</load_address>
         <run_address>0x107a0</run_address>
         <size>0x18</size>
         <input_file_ref idref="fl-2"/>
      </object_component>
      <object_component id="oc-2fd">
         <name>.const:s_adcSelect</name>
         <load_address>0x107b8</load_address>
         <run_address>0x107b8</run_address>
         <size>0x18</size>
         <input_file_ref idref="fl-2"/>
      </object_component>
      <object_component id="oc-241">
         <name>.const:kPid_Default</name>
         <load_address>0x107d0</load_address>
         <run_address>0x107d0</run_address>
         <size>0x14</size>
         <input_file_ref idref="fl-20"/>
      </object_component>
      <object_component id="oc-4a5">
         <name>.const:init_jk</name>
         <load_address>0x107e4</load_address>
         <run_address>0x107e4</run_address>
         <size>0x10</size>
         <input_file_ref idref="fl-fe"/>
      </object_component>
      <object_component id="oc-381">
         <name>.const:$P$T0$1</name>
         <load_address>0x107f4</load_address>
         <run_address>0x107f4</run_address>
         <size>0xc</size>
         <input_file_ref idref="fl-26"/>
      </object_component>
      <object_component id="oc-384">
         <name>.const:$P$T1$2</name>
         <load_address>0x10800</load_address>
         <run_address>0x10800</run_address>
         <size>0xc</size>
         <input_file_ref idref="fl-26"/>
      </object_component>
      <object_component id="oc-2af">
         <name>.const:LED_BLU</name>
         <load_address>0x1080c</load_address>
         <run_address>0x1080c</run_address>
         <size>0xc</size>
         <input_file_ref idref="fl-25"/>
      </object_component>
      <object_component id="oc-2ac">
         <name>.const:LED_GRN</name>
         <load_address>0x10818</load_address>
         <run_address>0x10818</run_address>
         <size>0xc</size>
         <input_file_ref idref="fl-25"/>
      </object_component>
      <object_component id="oc-2a9">
         <name>.const:LED_RED</name>
         <load_address>0x10824</load_address>
         <run_address>0x10824</run_address>
         <size>0xc</size>
         <input_file_ref idref="fl-25"/>
      </object_component>
      <object_component id="oc-24b">
         <name>.const:kSpg_Default</name>
         <load_address>0x10830</load_address>
         <run_address>0x10830</run_address>
         <size>0xa</size>
         <input_file_ref idref="fl-2d"/>
      </object_component>
      <object_component id="oc-47d">
         <name>.const:TWO23</name>
         <load_address>0x1083c</load_address>
         <run_address>0x1083c</run_address>
         <size>0x8</size>
         <input_file_ref idref="fl-ed"/>
      </object_component>
      <object_component id="oc-372">
         <name>.const:halF</name>
         <load_address>0x10844</load_address>
         <run_address>0x10844</run_address>
         <size>0x8</size>
         <input_file_ref idref="fl-e9"/>
      </object_component>
      <object_component id="oc-375">
         <name>.const:ln2HI</name>
         <load_address>0x1084c</load_address>
         <run_address>0x1084c</run_address>
         <size>0x8</size>
         <input_file_ref idref="fl-e9"/>
      </object_component>
      <object_component id="oc-378">
         <name>.const:ln2LO</name>
         <load_address>0x10854</load_address>
         <run_address>0x10854</run_address>
         <size>0x8</size>
         <input_file_ref idref="fl-e9"/>
      </object_component>
      <object_component id="oc-51a">
         <name>.cinit..data.load</name>
         <load_address>0x10860</load_address>
         <run_address>0x10860</run_address>
         <size>0x24</size>
      </object_component>
      <object_component id="oc-517">
         <name>__TI_handler_table</name>
         <load_address>0x10884</load_address>
         <run_address>0x10884</run_address>
         <size>0xc</size>
      </object_component>
      <object_component id="oc-519">
         <name>.cinit..bss.load</name>
         <load_address>0x10890</load_address>
         <run_address>0x10890</run_address>
         <size>0x8</size>
      </object_component>
      <object_component id="oc-518">
         <name>__TI_cinit_table</name>
         <load_address>0x10898</load_address>
         <run_address>0x10898</run_address>
         <size>0x10</size>
      </object_component>
      <object_component id="oc-d1">
         <name>.bss:g_sciTransfer_t</name>
         <uninitialized>true</uninitialized>
         <run_address>0x8001900</run_address>
         <size>0x50</size>
         <input_file_ref idref="fl-e"/>
      </object_component>
      <object_component id="oc-1df">
         <name>.bss:s_tx_ring</name>
         <uninitialized>true</uninitialized>
         <run_address>0x8001700</run_address>
         <size>0x200</size>
         <input_file_ref idref="fl-22"/>
      </object_component>
      <object_component id="oc-1e2">
         <name>.bss:s_rx_ring</name>
         <uninitialized>true</uninitialized>
         <run_address>0x8001500</run_address>
         <size>0x200</size>
         <input_file_ref idref="fl-22"/>
      </object_component>
      <object_component id="oc-1e5">
         <name>.bss</name>
         <uninitialized>true</uninitialized>
         <run_address>0x8001950</run_address>
         <size>0x1</size>
         <input_file_ref idref="fl-22"/>
      </object_component>
      <object_component id="oc-1c6">
         <name>.data</name>
         <load_address>0x80019f4</load_address>
         <run_address>0x80019f4</run_address>
         <size>0x18</size>
         <input_file_ref idref="fl-1e"/>
      </object_component>
      <object_component id="oc-1dc">
         <name>.data</name>
         <load_address>0x8001a0c</load_address>
         <run_address>0x8001a0c</run_address>
         <size>0x14</size>
         <input_file_ref idref="fl-22"/>
      </object_component>
      <object_component id="oc-3c8">
         <name>.data</name>
         <load_address>0x8001a2c</load_address>
         <run_address>0x8001a2c</run_address>
         <size>0xc</size>
         <input_file_ref idref="fl-23"/>
      </object_component>
      <object_component id="oc-3b2">
         <name>.data</name>
         <load_address>0x8001a40</load_address>
         <run_address>0x8001a40</run_address>
         <size>0x8</size>
         <input_file_ref idref="fl-24"/>
      </object_component>
      <object_component id="oc-387">
         <name>.data</name>
         <load_address>0x80019f2</load_address>
         <run_address>0x80019f2</run_address>
         <size>0x1</size>
         <input_file_ref idref="fl-26"/>
      </object_component>
      <object_component id="oc-187">
         <name>.data</name>
         <load_address>0x80019d4</load_address>
         <run_address>0x80019d4</run_address>
         <size>0x1e</size>
         <input_file_ref idref="fl-2b"/>
      </object_component>
      <object_component id="oc-3de">
         <name>.data</name>
         <load_address>0x8001a20</load_address>
         <run_address>0x8001a20</run_address>
         <size>0xc</size>
         <input_file_ref idref="fl-f1"/>
      </object_component>
      <object_component id="oc-2f4">
         <name>.data:$O1$$</name>
         <load_address>0x8001a38</load_address>
         <run_address>0x8001a38</run_address>
         <size>0x8</size>
         <input_file_ref idref="fl-fc"/>
      </object_component>
      <object_component id="oc-4e1">
         <name>.data:sigTable</name>
         <load_address>0x8001954</load_address>
         <run_address>0x8001954</run_address>
         <size>0x80</size>
         <input_file_ref idref="fl-fd"/>
      </object_component>
      <object_component id="oc-42d">
         <name>.data</name>
         <load_address>0x8001a48</load_address>
         <run_address>0x8001a48</run_address>
         <size>0x4</size>
         <input_file_ref idref="fl-ff"/>
      </object_component>
      <object_component id="oc-1ed">
         <name>.debug_info</name>
         <load_address>0x0</load_address>
         <run_address>0x0</run_address>
         <size>0x392</size>
         <input_file_ref idref="fl-2"/>
      </object_component>
      <object_component id="oc-2fe">
         <name>.debug_info</name>
         <load_address>0x392</load_address>
         <run_address>0x392</run_address>
         <size>0x113</size>
         <input_file_ref idref="fl-2"/>
      </object_component>
      <object_component id="oc-2fb">
         <name>.debug_info</name>
         <load_address>0x4a5</load_address>
         <run_address>0x4a5</run_address>
         <size>0x118</size>
         <input_file_ref idref="fl-2"/>
      </object_component>
      <object_component id="oc-17e">
         <name>.debug_info</name>
         <load_address>0x5bd</load_address>
         <run_address>0x5bd</run_address>
         <size>0xbe4</size>
         <input_file_ref idref="fl-2"/>
      </object_component>
      <object_component id="oc-23">
         <name>.debug_info</name>
         <load_address>0x11a1</load_address>
         <run_address>0x11a1</run_address>
         <size>0x17a</size>
         <input_file_ref idref="fl-2"/>
      </object_component>
      <object_component id="oc-212">
         <name>.debug_info</name>
         <load_address>0x131b</load_address>
         <run_address>0x131b</run_address>
         <size>0x791</size>
         <input_file_ref idref="fl-2"/>
      </object_component>
      <object_component id="oc-193">
         <name>.debug_info</name>
         <load_address>0x1aac</load_address>
         <run_address>0x1aac</run_address>
         <size>0x26b</size>
         <input_file_ref idref="fl-2"/>
      </object_component>
      <object_component id="oc-be">
         <name>.debug_info</name>
         <load_address>0x1d17</load_address>
         <run_address>0x1d17</run_address>
         <size>0x157</size>
         <input_file_ref idref="fl-2"/>
      </object_component>
      <object_component id="oc-dd">
         <name>.debug_info</name>
         <load_address>0x1e6e</load_address>
         <run_address>0x1e6e</run_address>
         <size>0x8b</size>
         <input_file_ref idref="fl-2"/>
      </object_component>
      <object_component id="oc-d8">
         <name>.debug_info</name>
         <load_address>0x1ef9</load_address>
         <run_address>0x1ef9</run_address>
         <size>0x18c</size>
         <input_file_ref idref="fl-2"/>
      </object_component>
      <object_component id="oc-310">
         <name>.debug_info</name>
         <load_address>0x2085</load_address>
         <run_address>0x2085</run_address>
         <size>0x2a4</size>
         <input_file_ref idref="fl-2"/>
      </object_component>
      <object_component id="oc-18c">
         <name>.debug_info</name>
         <load_address>0x2329</load_address>
         <run_address>0x2329</run_address>
         <size>0xbb</size>
         <input_file_ref idref="fl-2"/>
      </object_component>
      <object_component id="oc-e2">
         <name>.debug_info</name>
         <load_address>0x23e4</load_address>
         <run_address>0x23e4</run_address>
         <size>0x86</size>
         <input_file_ref idref="fl-2"/>
      </object_component>
      <object_component id="oc-30b">
         <name>.debug_info</name>
         <load_address>0x246a</load_address>
         <run_address>0x246a</run_address>
         <size>0x38f</size>
         <input_file_ref idref="fl-2"/>
      </object_component>
      <object_component id="oc-1b6">
         <name>.debug_info</name>
         <load_address>0x27f9</load_address>
         <run_address>0x27f9</run_address>
         <size>0x36d</size>
         <input_file_ref idref="fl-2"/>
      </object_component>
      <object_component id="oc-315">
         <name>.debug_info</name>
         <load_address>0x2b66</load_address>
         <run_address>0x2b66</run_address>
         <size>0x3b5</size>
         <input_file_ref idref="fl-3"/>
      </object_component>
      <object_component id="oc-ae">
         <name>.debug_info</name>
         <load_address>0x2f1b</load_address>
         <run_address>0x2f1b</run_address>
         <size>0x429</size>
         <input_file_ref idref="fl-3"/>
      </object_component>
      <object_component id="oc-198">
         <name>.debug_info</name>
         <load_address>0x3344</load_address>
         <run_address>0x3344</run_address>
         <size>0x102</size>
         <input_file_ref idref="fl-3"/>
      </object_component>
      <object_component id="oc-221">
         <name>.debug_info</name>
         <load_address>0x3446</load_address>
         <run_address>0x3446</run_address>
         <size>0x142</size>
         <input_file_ref idref="fl-3"/>
      </object_component>
      <object_component id="oc-19d">
         <name>.debug_info</name>
         <load_address>0x3588</load_address>
         <run_address>0x3588</run_address>
         <size>0x285</size>
         <input_file_ref idref="fl-3"/>
      </object_component>
      <object_component id="oc-1a2">
         <name>.debug_info</name>
         <load_address>0x380d</load_address>
         <run_address>0x380d</run_address>
         <size>0x44a</size>
         <input_file_ref idref="fl-3"/>
      </object_component>
      <object_component id="oc-1a7">
         <name>.debug_info</name>
         <load_address>0x3c57</load_address>
         <run_address>0x3c57</run_address>
         <size>0x1f9</size>
         <input_file_ref idref="fl-3"/>
      </object_component>
      <object_component id="oc-1ac">
         <name>.debug_info</name>
         <load_address>0x3e50</load_address>
         <run_address>0x3e50</run_address>
         <size>0x152</size>
         <input_file_ref idref="fl-3"/>
      </object_component>
      <object_component id="oc-1b1">
         <name>.debug_info</name>
         <load_address>0x3fa2</load_address>
         <run_address>0x3fa2</run_address>
         <size>0x70a</size>
         <input_file_ref idref="fl-3"/>
      </object_component>
      <object_component id="oc-20a">
         <name>.debug_info</name>
         <load_address>0x46ac</load_address>
         <run_address>0x46ac</run_address>
         <size>0x2ef</size>
         <input_file_ref idref="fl-5"/>
      </object_component>
      <object_component id="oc-8a">
         <name>.debug_info</name>
         <load_address>0x499b</load_address>
         <run_address>0x499b</run_address>
         <size>0x68e</size>
         <input_file_ref idref="fl-5"/>
      </object_component>
      <object_component id="oc-60">
         <name>.debug_info</name>
         <load_address>0x5029</load_address>
         <run_address>0x5029</run_address>
         <size>0x84</size>
         <input_file_ref idref="fl-5"/>
      </object_component>
      <object_component id="oc-10d">
         <name>.debug_info</name>
         <load_address>0x50ad</load_address>
         <run_address>0x50ad</run_address>
         <size>0x9e7</size>
         <input_file_ref idref="fl-5"/>
      </object_component>
      <object_component id="oc-120">
         <name>.debug_info</name>
         <load_address>0x5a94</load_address>
         <run_address>0x5a94</run_address>
         <size>0x381</size>
         <input_file_ref idref="fl-6"/>
      </object_component>
      <object_component id="oc-9b">
         <name>.debug_info</name>
         <load_address>0x5e15</load_address>
         <run_address>0x5e15</run_address>
         <size>0x10f6</size>
         <input_file_ref idref="fl-6"/>
      </object_component>
      <object_component id="oc-2c">
         <name>.debug_info</name>
         <load_address>0x6f0b</load_address>
         <run_address>0x6f0b</run_address>
         <size>0x1de</size>
         <input_file_ref idref="fl-6"/>
      </object_component>
      <object_component id="oc-11b">
         <name>.debug_info</name>
         <load_address>0x70e9</load_address>
         <run_address>0x70e9</run_address>
         <size>0x168</size>
         <input_file_ref idref="fl-6"/>
      </object_component>
      <object_component id="oc-344">
         <name>.debug_info</name>
         <load_address>0x7251</load_address>
         <run_address>0x7251</run_address>
         <size>0x372</size>
         <input_file_ref idref="fl-7"/>
      </object_component>
      <object_component id="oc-277">
         <name>.debug_info</name>
         <load_address>0x75c3</load_address>
         <run_address>0x75c3</run_address>
         <size>0x2884</size>
         <input_file_ref idref="fl-7"/>
      </object_component>
      <object_component id="oc-35">
         <name>.debug_info</name>
         <load_address>0x9e47</load_address>
         <run_address>0x9e47</run_address>
         <size>0x17a</size>
         <input_file_ref idref="fl-7"/>
      </object_component>
      <object_component id="oc-38b">
         <name>.debug_info</name>
         <load_address>0x9fc1</load_address>
         <run_address>0x9fc1</run_address>
         <size>0xc6d</size>
         <input_file_ref idref="fl-7"/>
      </object_component>
      <object_component id="oc-226">
         <name>.debug_info</name>
         <load_address>0xac2e</load_address>
         <run_address>0xac2e</run_address>
         <size>0x396</size>
         <input_file_ref idref="fl-7"/>
      </object_component>
      <object_component id="oc-205">
         <name>.debug_info</name>
         <load_address>0xafc4</load_address>
         <run_address>0xafc4</run_address>
         <size>0x199</size>
         <input_file_ref idref="fl-7"/>
      </object_component>
      <object_component id="oc-32a">
         <name>.debug_info</name>
         <load_address>0xb15d</load_address>
         <run_address>0xb15d</run_address>
         <size>0x2e6</size>
         <input_file_ref idref="fl-8"/>
      </object_component>
      <object_component id="oc-1d7">
         <name>.debug_info</name>
         <load_address>0xb443</load_address>
         <run_address>0xb443</run_address>
         <size>0x750</size>
         <input_file_ref idref="fl-8"/>
      </object_component>
      <object_component id="oc-411">
         <name>.debug_info</name>
         <load_address>0xbb93</load_address>
         <run_address>0xbb93</run_address>
         <size>0x12a</size>
         <input_file_ref idref="fl-8"/>
      </object_component>
      <object_component id="oc-347">
         <name>.debug_info</name>
         <load_address>0xbcbd</load_address>
         <run_address>0xbcbd</run_address>
         <size>0x35a</size>
         <input_file_ref idref="fl-9"/>
      </object_component>
      <object_component id="oc-391">
         <name>.debug_info</name>
         <load_address>0xc017</load_address>
         <run_address>0xc017</run_address>
         <size>0xe18</size>
         <input_file_ref idref="fl-9"/>
      </object_component>
      <object_component id="oc-217">
         <name>.debug_info</name>
         <load_address>0xce2f</load_address>
         <run_address>0xce2f</run_address>
         <size>0x547</size>
         <input_file_ref idref="fl-9"/>
      </object_component>
      <object_component id="oc-41c">
         <name>.debug_info</name>
         <load_address>0xd376</load_address>
         <run_address>0xd376</run_address>
         <size>0x44e</size>
         <input_file_ref idref="fl-9"/>
      </object_component>
      <object_component id="oc-114">
         <name>.debug_info</name>
         <load_address>0xd7c4</load_address>
         <run_address>0xd7c4</run_address>
         <size>0x470</size>
         <input_file_ref idref="fl-b"/>
      </object_component>
      <object_component id="oc-97">
         <name>.debug_info</name>
         <load_address>0xdc34</load_address>
         <run_address>0xdc34</run_address>
         <size>0xbae</size>
         <input_file_ref idref="fl-b"/>
      </object_component>
      <object_component id="oc-20d">
         <name>.debug_info</name>
         <load_address>0xe7e2</load_address>
         <run_address>0xe7e2</run_address>
         <size>0x306</size>
         <input_file_ref idref="fl-b"/>
      </object_component>
      <object_component id="oc-21c">
         <name>.debug_info</name>
         <load_address>0xeae8</load_address>
         <run_address>0xeae8</run_address>
         <size>0xadd</size>
         <input_file_ref idref="fl-b"/>
      </object_component>
      <object_component id="oc-115">
         <name>.debug_info</name>
         <load_address>0xf5c5</load_address>
         <run_address>0xf5c5</run_address>
         <size>0x6eb</size>
         <input_file_ref idref="fl-b"/>
      </object_component>
      <object_component id="oc-318">
         <name>.debug_info</name>
         <load_address>0xfcb0</load_address>
         <run_address>0xfcb0</run_address>
         <size>0x1d4</size>
         <input_file_ref idref="fl-b"/>
      </object_component>
      <object_component id="oc-22b">
         <name>.debug_info</name>
         <load_address>0xfe84</load_address>
         <run_address>0xfe84</run_address>
         <size>0x243</size>
         <input_file_ref idref="fl-b"/>
      </object_component>
      <object_component id="oc-33c">
         <name>.debug_info</name>
         <load_address>0x100c7</load_address>
         <run_address>0x100c7</run_address>
         <size>0x18e</size>
         <input_file_ref idref="fl-b"/>
      </object_component>
      <object_component id="oc-105">
         <name>.debug_info</name>
         <load_address>0x10255</load_address>
         <run_address>0x10255</run_address>
         <size>0x152</size>
         <input_file_ref idref="fl-c"/>
      </object_component>
      <object_component id="oc-317">
         <name>.debug_info</name>
         <load_address>0x103a7</load_address>
         <run_address>0x103a7</run_address>
         <size>0x341</size>
         <input_file_ref idref="fl-d"/>
      </object_component>
      <object_component id="oc-1c1">
         <name>.debug_info</name>
         <load_address>0x106e8</load_address>
         <run_address>0x106e8</run_address>
         <size>0x1106</size>
         <input_file_ref idref="fl-d"/>
      </object_component>
      <object_component id="oc-38">
         <name>.debug_info</name>
         <load_address>0x117ee</load_address>
         <run_address>0x117ee</run_address>
         <size>0x203</size>
         <input_file_ref idref="fl-d"/>
      </object_component>
      <object_component id="oc-1ec">
         <name>.debug_info</name>
         <load_address>0x119f1</load_address>
         <run_address>0x119f1</run_address>
         <size>0x368</size>
         <input_file_ref idref="fl-e"/>
      </object_component>
      <object_component id="oc-d2">
         <name>.debug_info</name>
         <load_address>0x11d59</load_address>
         <run_address>0x11d59</run_address>
         <size>0x11b</size>
         <input_file_ref idref="fl-e"/>
      </object_component>
      <object_component id="oc-1d1">
         <name>.debug_info</name>
         <load_address>0x11e74</load_address>
         <run_address>0x11e74</run_address>
         <size>0xcd3</size>
         <input_file_ref idref="fl-e"/>
      </object_component>
      <object_component id="oc-3e">
         <name>.debug_info</name>
         <load_address>0x12b47</load_address>
         <run_address>0x12b47</run_address>
         <size>0x258</size>
         <input_file_ref idref="fl-e"/>
      </object_component>
      <object_component id="oc-337">
         <name>.debug_info</name>
         <load_address>0x12d9f</load_address>
         <run_address>0x12d9f</run_address>
         <size>0x91</size>
         <input_file_ref idref="fl-e"/>
      </object_component>
      <object_component id="oc-80">
         <name>.debug_info</name>
         <load_address>0x12e30</load_address>
         <run_address>0x12e30</run_address>
         <size>0x845</size>
         <input_file_ref idref="fl-f"/>
      </object_component>
      <object_component id="oc-45">
         <name>.debug_info</name>
         <load_address>0x13675</load_address>
         <run_address>0x13675</run_address>
         <size>0x13b</size>
         <input_file_ref idref="fl-11"/>
      </object_component>
      <object_component id="oc-31f">
         <name>.debug_info</name>
         <load_address>0x137b0</load_address>
         <run_address>0x137b0</run_address>
         <size>0x5fb</size>
         <input_file_ref idref="fl-12"/>
      </object_component>
      <object_component id="oc-a7">
         <name>.debug_info</name>
         <load_address>0x13dab</load_address>
         <run_address>0x13dab</run_address>
         <size>0x242</size>
         <input_file_ref idref="fl-12"/>
      </object_component>
      <object_component id="oc-2b4">
         <name>.debug_info</name>
         <load_address>0x13fed</load_address>
         <run_address>0x13fed</run_address>
         <size>0x71</size>
         <input_file_ref idref="fl-12"/>
      </object_component>
      <object_component id="oc-2cd">
         <name>.debug_info</name>
         <load_address>0x1405e</load_address>
         <run_address>0x1405e</run_address>
         <size>0x135</size>
         <input_file_ref idref="fl-12"/>
      </object_component>
      <object_component id="oc-2e1">
         <name>.debug_info</name>
         <load_address>0x14193</load_address>
         <run_address>0x14193</run_address>
         <size>0x2ab</size>
         <input_file_ref idref="fl-12"/>
      </object_component>
      <object_component id="oc-16b">
         <name>.debug_info</name>
         <load_address>0x1443e</load_address>
         <run_address>0x1443e</run_address>
         <size>0x402</size>
         <input_file_ref idref="fl-12"/>
      </object_component>
      <object_component id="oc-2be">
         <name>.debug_info</name>
         <load_address>0x14840</load_address>
         <run_address>0x14840</run_address>
         <size>0x159</size>
         <input_file_ref idref="fl-12"/>
      </object_component>
      <object_component id="oc-2b9">
         <name>.debug_info</name>
         <load_address>0x14999</load_address>
         <run_address>0x14999</run_address>
         <size>0x511</size>
         <input_file_ref idref="fl-12"/>
      </object_component>
      <object_component id="oc-2d7">
         <name>.debug_info</name>
         <load_address>0x14eaa</load_address>
         <run_address>0x14eaa</run_address>
         <size>0x1d6</size>
         <input_file_ref idref="fl-12"/>
      </object_component>
      <object_component id="oc-35f">
         <name>.debug_info</name>
         <load_address>0x15080</load_address>
         <run_address>0x15080</run_address>
         <size>0x12c</size>
         <input_file_ref idref="fl-12"/>
      </object_component>
      <object_component id="oc-2c8">
         <name>.debug_info</name>
         <load_address>0x151ac</load_address>
         <run_address>0x151ac</run_address>
         <size>0x2b9</size>
         <input_file_ref idref="fl-12"/>
      </object_component>
      <object_component id="oc-2c3">
         <name>.debug_info</name>
         <load_address>0x15465</load_address>
         <run_address>0x15465</run_address>
         <size>0x129</size>
         <input_file_ref idref="fl-12"/>
      </object_component>
      <object_component id="oc-2d2">
         <name>.debug_info</name>
         <load_address>0x1558e</load_address>
         <run_address>0x1558e</run_address>
         <size>0x151</size>
         <input_file_ref idref="fl-12"/>
      </object_component>
      <object_component id="oc-2dc">
         <name>.debug_info</name>
         <load_address>0x156df</load_address>
         <run_address>0x156df</run_address>
         <size>0x4a</size>
         <input_file_ref idref="fl-12"/>
      </object_component>
      <object_component id="oc-2e6">
         <name>.debug_info</name>
         <load_address>0x15729</load_address>
         <run_address>0x15729</run_address>
         <size>0x129</size>
         <input_file_ref idref="fl-12"/>
      </object_component>
      <object_component id="oc-2eb">
         <name>.debug_info</name>
         <load_address>0x15852</load_address>
         <run_address>0x15852</run_address>
         <size>0xd6</size>
         <input_file_ref idref="fl-12"/>
      </object_component>
      <object_component id="oc-3ef">
         <name>.debug_info</name>
         <load_address>0x15928</load_address>
         <run_address>0x15928</run_address>
         <size>0x72</size>
         <input_file_ref idref="fl-12"/>
      </object_component>
      <object_component id="oc-1ca">
         <name>.debug_info</name>
         <load_address>0x1599a</load_address>
         <run_address>0x1599a</run_address>
         <size>0x2c</size>
         <input_file_ref idref="fl-12"/>
      </object_component>
      <object_component id="oc-a2">
         <name>.debug_info</name>
         <load_address>0x159c6</load_address>
         <run_address>0x159c6</run_address>
         <size>0x472</size>
         <input_file_ref idref="fl-13"/>
      </object_component>
      <object_component id="oc-343">
         <name>.debug_info</name>
         <load_address>0x15e38</load_address>
         <run_address>0x15e38</run_address>
         <size>0x329</size>
         <input_file_ref idref="fl-14"/>
      </object_component>
      <object_component id="oc-200">
         <name>.debug_info</name>
         <load_address>0x16161</load_address>
         <run_address>0x16161</run_address>
         <size>0x457</size>
         <input_file_ref idref="fl-14"/>
      </object_component>
      <object_component id="oc-4b">
         <name>.debug_info</name>
         <load_address>0x165b8</load_address>
         <run_address>0x165b8</run_address>
         <size>0x173</size>
         <input_file_ref idref="fl-15"/>
      </object_component>
      <object_component id="oc-20">
         <name>.debug_info</name>
         <load_address>0x1672b</load_address>
         <run_address>0x1672b</run_address>
         <size>0x313</size>
         <input_file_ref idref="fl-18"/>
      </object_component>
      <object_component id="oc-92">
         <name>.debug_info</name>
         <load_address>0x16a3e</load_address>
         <run_address>0x16a3e</run_address>
         <size>0x16c</size>
         <input_file_ref idref="fl-18"/>
      </object_component>
      <object_component id="oc-bc">
         <name>.debug_info</name>
         <load_address>0x16baa</load_address>
         <run_address>0x16baa</run_address>
         <size>0x56c</size>
         <input_file_ref idref="fl-19"/>
      </object_component>
      <object_component id="oc-29">
         <name>.debug_info</name>
         <load_address>0x17116</load_address>
         <run_address>0x17116</run_address>
         <size>0x115</size>
         <input_file_ref idref="fl-19"/>
      </object_component>
      <object_component id="oc-50">
         <name>.debug_info</name>
         <load_address>0x1722b</load_address>
         <run_address>0x1722b</run_address>
         <size>0x4c5</size>
         <input_file_ref idref="fl-19"/>
      </object_component>
      <object_component id="oc-55">
         <name>.debug_info</name>
         <load_address>0x176f0</load_address>
         <run_address>0x176f0</run_address>
         <size>0x230</size>
         <input_file_ref idref="fl-19"/>
      </object_component>
      <object_component id="oc-1bb">
         <name>.debug_info</name>
         <load_address>0x17920</load_address>
         <run_address>0x17920</run_address>
         <size>0x4f</size>
         <input_file_ref idref="fl-19"/>
      </object_component>
      <object_component id="oc-10b">
         <name>.debug_info</name>
         <load_address>0x1796f</load_address>
         <run_address>0x1796f</run_address>
         <size>0x417</size>
         <input_file_ref idref="fl-1a"/>
      </object_component>
      <object_component id="oc-84">
         <name>.debug_info</name>
         <load_address>0x17d86</load_address>
         <run_address>0x17d86</run_address>
         <size>0x672</size>
         <input_file_ref idref="fl-1a"/>
      </object_component>
      <object_component id="oc-2b3">
         <name>.debug_info</name>
         <load_address>0x183f8</load_address>
         <run_address>0x183f8</run_address>
         <size>0x1006</size>
         <input_file_ref idref="fl-1c"/>
      </object_component>
      <object_component id="oc-166">
         <name>.debug_info</name>
         <load_address>0x193fe</load_address>
         <run_address>0x193fe</run_address>
         <size>0x1e15</size>
         <input_file_ref idref="fl-1c"/>
      </object_component>
      <object_component id="oc-3ba">
         <name>.debug_info</name>
         <load_address>0x1b213</load_address>
         <run_address>0x1b213</run_address>
         <size>0x341</size>
         <input_file_ref idref="fl-1d"/>
      </object_component>
      <object_component id="oc-28e">
         <name>.debug_info</name>
         <load_address>0x1b554</load_address>
         <run_address>0x1b554</run_address>
         <size>0x755</size>
         <input_file_ref idref="fl-1d"/>
      </object_component>
      <object_component id="oc-1cf">
         <name>.debug_info</name>
         <load_address>0x1bca9</load_address>
         <run_address>0x1bca9</run_address>
         <size>0x3e2</size>
         <input_file_ref idref="fl-1e"/>
      </object_component>
      <object_component id="oc-1c7">
         <name>.debug_info</name>
         <load_address>0x1c08b</load_address>
         <run_address>0x1c08b</run_address>
         <size>0x1e6</size>
         <input_file_ref idref="fl-1e"/>
      </object_component>
      <object_component id="oc-c6">
         <name>.debug_info</name>
         <load_address>0x1c271</load_address>
         <run_address>0x1c271</run_address>
         <size>0x6b2</size>
         <input_file_ref idref="fl-1e"/>
      </object_component>
      <object_component id="oc-44d">
         <name>.debug_info</name>
         <load_address>0x1c923</load_address>
         <run_address>0x1c923</run_address>
         <size>0x2fe</size>
         <input_file_ref idref="fl-1f"/>
      </object_component>
      <object_component id="oc-39f">
         <name>.debug_info</name>
         <load_address>0x1cc21</load_address>
         <run_address>0x1cc21</run_address>
         <size>0x4b1</size>
         <input_file_ref idref="fl-1f"/>
      </object_component>
      <object_component id="oc-245">
         <name>.debug_info</name>
         <load_address>0x1d0d2</load_address>
         <run_address>0x1d0d2</run_address>
         <size>0x2fc</size>
         <input_file_ref idref="fl-20"/>
      </object_component>
      <object_component id="oc-242">
         <name>.debug_info</name>
         <load_address>0x1d3ce</load_address>
         <run_address>0x1d3ce</run_address>
         <size>0x12b</size>
         <input_file_ref idref="fl-20"/>
      </object_component>
      <object_component id="oc-154">
         <name>.debug_info</name>
         <load_address>0x1d4f9</load_address>
         <run_address>0x1d4f9</run_address>
         <size>0x1a4</size>
         <input_file_ref idref="fl-20"/>
      </object_component>
      <object_component id="oc-3c7">
         <name>.debug_info</name>
         <load_address>0x1d69d</load_address>
         <run_address>0x1d69d</run_address>
         <size>0x2bb</size>
         <input_file_ref idref="fl-21"/>
      </object_component>
      <object_component id="oc-3c4">
         <name>.debug_info</name>
         <load_address>0x1d958</load_address>
         <run_address>0x1d958</run_address>
         <size>0x126</size>
         <input_file_ref idref="fl-21"/>
      </object_component>
      <object_component id="oc-299">
         <name>.debug_info</name>
         <load_address>0x1da7e</load_address>
         <run_address>0x1da7e</run_address>
         <size>0x4fb</size>
         <input_file_ref idref="fl-21"/>
      </object_component>
      <object_component id="oc-1e9">
         <name>.debug_info</name>
         <load_address>0x1df79</load_address>
         <run_address>0x1df79</run_address>
         <size>0x514</size>
         <input_file_ref idref="fl-22"/>
      </object_component>
      <object_component id="oc-1e0">
         <name>.debug_info</name>
         <load_address>0x1e48d</load_address>
         <run_address>0x1e48d</run_address>
         <size>0x116</size>
         <input_file_ref idref="fl-22"/>
      </object_component>
      <object_component id="oc-1dd">
         <name>.debug_info</name>
         <load_address>0x1e5a3</load_address>
         <run_address>0x1e5a3</run_address>
         <size>0x1f2</size>
         <input_file_ref idref="fl-22"/>
      </object_component>
      <object_component id="oc-1e3">
         <name>.debug_info</name>
         <load_address>0x1e795</load_address>
         <run_address>0x1e795</run_address>
         <size>0x116</size>
         <input_file_ref idref="fl-22"/>
      </object_component>
      <object_component id="oc-1e6">
         <name>.debug_info</name>
         <load_address>0x1e8ab</load_address>
         <run_address>0x1e8ab</run_address>
         <size>0x116</size>
         <input_file_ref idref="fl-22"/>
      </object_component>
      <object_component id="oc-cc">
         <name>.debug_info</name>
         <load_address>0x1e9c1</load_address>
         <run_address>0x1e9c1</run_address>
         <size>0xbea</size>
         <input_file_ref idref="fl-22"/>
      </object_component>
      <object_component id="oc-3cc">
         <name>.debug_info</name>
         <load_address>0x1f5ab</load_address>
         <run_address>0x1f5ab</run_address>
         <size>0x329</size>
         <input_file_ref idref="fl-23"/>
      </object_component>
      <object_component id="oc-3c9">
         <name>.debug_info</name>
         <load_address>0x1f8d4</load_address>
         <run_address>0x1f8d4</run_address>
         <size>0x195</size>
         <input_file_ref idref="fl-23"/>
      </object_component>
      <object_component id="oc-29e">
         <name>.debug_info</name>
         <load_address>0x1fa69</load_address>
         <run_address>0x1fa69</run_address>
         <size>0x907</size>
         <input_file_ref idref="fl-23"/>
      </object_component>
      <object_component id="oc-3cd">
         <name>.debug_info</name>
         <load_address>0x20370</load_address>
         <run_address>0x20370</run_address>
         <size>0x86</size>
         <input_file_ref idref="fl-23"/>
      </object_component>
      <object_component id="oc-3b6">
         <name>.debug_info</name>
         <load_address>0x203f6</load_address>
         <run_address>0x203f6</run_address>
         <size>0x45a</size>
         <input_file_ref idref="fl-24"/>
      </object_component>
      <object_component id="oc-3b3">
         <name>.debug_info</name>
         <load_address>0x20850</load_address>
         <run_address>0x20850</run_address>
         <size>0x13f</size>
         <input_file_ref idref="fl-24"/>
      </object_component>
      <object_component id="oc-280">
         <name>.debug_info</name>
         <load_address>0x2098f</load_address>
         <run_address>0x2098f</run_address>
         <size>0x171e</size>
         <input_file_ref idref="fl-24"/>
      </object_component>
      <object_component id="oc-1f5">
         <name>.debug_info</name>
         <load_address>0x220ad</load_address>
         <run_address>0x220ad</run_address>
         <size>0x2c</size>
         <input_file_ref idref="fl-24"/>
      </object_component>
      <object_component id="oc-468">
         <name>.debug_info</name>
         <load_address>0x220d9</load_address>
         <run_address>0x220d9</run_address>
         <size>0x35</size>
         <input_file_ref idref="fl-24"/>
      </object_component>
      <object_component id="oc-397">
         <name>.debug_info</name>
         <load_address>0x2210e</load_address>
         <run_address>0x2210e</run_address>
         <size>0x3b9</size>
         <input_file_ref idref="fl-25"/>
      </object_component>
      <object_component id="oc-2aa">
         <name>.debug_info</name>
         <load_address>0x224c7</load_address>
         <run_address>0x224c7</run_address>
         <size>0x119</size>
         <input_file_ref idref="fl-25"/>
      </object_component>
      <object_component id="oc-2ad">
         <name>.debug_info</name>
         <load_address>0x225e0</load_address>
         <run_address>0x225e0</run_address>
         <size>0x119</size>
         <input_file_ref idref="fl-25"/>
      </object_component>
      <object_component id="oc-2b0">
         <name>.debug_info</name>
         <load_address>0x226f9</load_address>
         <run_address>0x226f9</run_address>
         <size>0x119</size>
         <input_file_ref idref="fl-25"/>
      </object_component>
      <object_component id="oc-260">
         <name>.debug_info</name>
         <load_address>0x22812</load_address>
         <run_address>0x22812</run_address>
         <size>0x658</size>
         <input_file_ref idref="fl-25"/>
      </object_component>
      <object_component id="oc-440">
         <name>.debug_info</name>
         <load_address>0x22e6a</load_address>
         <run_address>0x22e6a</run_address>
         <size>0x597</size>
         <input_file_ref idref="fl-26"/>
      </object_component>
      <object_component id="oc-388">
         <name>.debug_info</name>
         <load_address>0x23401</load_address>
         <run_address>0x23401</run_address>
         <size>0x119</size>
         <input_file_ref idref="fl-26"/>
      </object_component>
      <object_component id="oc-382">
         <name>.debug_info</name>
         <load_address>0x2351a</load_address>
         <run_address>0x2351a</run_address>
         <size>0x11b</size>
         <input_file_ref idref="fl-26"/>
      </object_component>
      <object_component id="oc-385">
         <name>.debug_info</name>
         <load_address>0x23635</load_address>
         <run_address>0x23635</run_address>
         <size>0x11b</size>
         <input_file_ref idref="fl-26"/>
      </object_component>
      <object_component id="oc-259">
         <name>.debug_info</name>
         <load_address>0x23750</load_address>
         <run_address>0x23750</run_address>
         <size>0xa6a</size>
         <input_file_ref idref="fl-26"/>
      </object_component>
      <object_component id="oc-3ab">
         <name>.debug_info</name>
         <load_address>0x241ba</load_address>
         <run_address>0x241ba</run_address>
         <size>0x457</size>
         <input_file_ref idref="fl-27"/>
      </object_component>
      <object_component id="oc-27a">
         <name>.debug_info</name>
         <load_address>0x24611</load_address>
         <run_address>0x24611</run_address>
         <size>0xf36</size>
         <input_file_ref idref="fl-27"/>
      </object_component>
      <object_component id="oc-24a">
         <name>.debug_info</name>
         <load_address>0x25547</load_address>
         <run_address>0x25547</run_address>
         <size>0x30f</size>
         <input_file_ref idref="fl-28"/>
      </object_component>
      <object_component id="oc-247">
         <name>.debug_info</name>
         <load_address>0x25856</load_address>
         <run_address>0x25856</run_address>
         <size>0x129</size>
         <input_file_ref idref="fl-28"/>
      </object_component>
      <object_component id="oc-15a">
         <name>.debug_info</name>
         <load_address>0x2597f</load_address>
         <run_address>0x2597f</run_address>
         <size>0x1a8</size>
         <input_file_ref idref="fl-28"/>
      </object_component>
      <object_component id="oc-39c">
         <name>.debug_info</name>
         <load_address>0x25b27</load_address>
         <run_address>0x25b27</run_address>
         <size>0x397</size>
         <input_file_ref idref="fl-29"/>
      </object_component>
      <object_component id="oc-26f">
         <name>.debug_info</name>
         <load_address>0x25ebe</load_address>
         <run_address>0x25ebe</run_address>
         <size>0xc96</size>
         <input_file_ref idref="fl-29"/>
      </object_component>
      <object_component id="oc-18b">
         <name>.debug_info</name>
         <load_address>0x26b54</load_address>
         <run_address>0x26b54</run_address>
         <size>0x3e8</size>
         <input_file_ref idref="fl-2b"/>
      </object_component>
      <object_component id="oc-188">
         <name>.debug_info</name>
         <load_address>0x26f3c</load_address>
         <run_address>0x26f3c</run_address>
         <size>0x2b3</size>
[...]
      </symbol>
      <symbol id="sm-a7c">
         <name>UartRx_PopWaveform</name>
         <value>0x4ed4</value>
         <object_component_ref idref="oc-27f"/>
      </symbol>
      <symbol id="sm-a7d">
         <name>UartDecode_Gain</name>
         <value>0x51bc</value>
         <object_component_ref idref="oc-27f"/>
      </symbol>
      <symbol id="sm-a7e">
         <name>UartRx_Init</name>
         <value>0x49bc</value>
         <object_component_ref idref="oc-27f"/>
      </symbol>
      <symbol id="sm-a7f">
         <name>UartTelemetry_SetPeriodMs</name>
         <value>0x4788</value>
         <object_component_ref idref="oc-27f"/>
      </symbol>
      <symbol id="sm-a80">
         <name>uart_encode_value</name>
         <value>0x46a8</value>
         <object_component_ref idref="oc-27f"/>
      </symbol>
      <symbol id="sm-a81">
         <name>UartDecode_PositionDeg</name>
         <value>0x5190</value>
         <object_component_ref idref="oc-27f"/>
      </symbol>
      <symbol id="sm-aba">
         <name>Led_Init</name>
         <value>0xea84</value>
         <object_component_ref idref="oc-25c"/>
      </symbol>
      <symbol id="sm-abb">
         <name>Led_Off</name>
         <value>0xeb20</value>
         <object_component_ref idref="oc-25c"/>
      </symbol>
      <symbol id="sm-abc">
         <name>LED_RED</name>
         <value>0x10824</value>
         <object_component_ref idref="oc-2a9"/>
      </symbol>
      <symbol id="sm-abd">
         <name>LED_BLU</name>
         <value>0x1080c</value>
         <object_component_ref idref="oc-2af"/>
      </symbol>
      <symbol id="sm-abe">
         <name>Led_Toggle</name>
         <value>0xeb38</value>
         <object_component_ref idref="oc-25c"/>
      </symbol>
      <symbol id="sm-abf">
         <name>Led_Set</name>
         <value>0xeaac</value>
         <object_component_ref idref="oc-25c"/>
      </symbol>
      <symbol id="sm-ac0">
         <name>Led_IsOn</name>
         <value>0xebdc</value>
         <object_component_ref idref="oc-25c"/>
      </symbol>
      <symbol id="sm-ac1">
         <name>Led_On</name>
         <value>0xeb08</value>
         <object_component_ref idref="oc-25c"/>
      </symbol>
      <symbol id="sm-ac2">
         <name>LED_GRN</name>
         <value>0x10818</value>
         <object_component_ref idref="oc-2ac"/>
      </symbol>
      <symbol id="sm-b06">
         <name>DrvPwm_Coast</name>
         <value>0xd6b0</value>
         <object_component_ref idref="oc-256"/>
      </symbol>
      <symbol id="sm-b07">
         <name>DrvPwm_Init</name>
         <value>0xd524</value>
         <object_component_ref idref="oc-256"/>
      </symbol>
      <symbol id="sm-b08">
         <name>DrvPwm_Brake</name>
         <value>0xd6cc</value>
         <object_component_ref idref="oc-256"/>
      </symbol>
      <symbol id="sm-b09">
         <name>DrvPwm_SetMode</name>
         <value>0xd63c</value>
         <object_component_ref idref="oc-256"/>
      </symbol>
      <symbol id="sm-b0a">
         <name>DrvPwm_SetDutyRawAB</name>
         <value>0xd664</value>
         <object_component_ref idref="oc-256"/>
      </symbol>
      <symbol id="sm-b0b">
         <name>DrvPwm_Drive</name>
         <value>0xd6e0</value>
         <object_component_ref idref="oc-256"/>
      </symbol>
      <symbol id="sm-b0c">
         <name>DrvPwm_GetMode</name>
         <value>0xd658</value>
         <object_component_ref idref="oc-256"/>
      </symbol>
      <symbol id="sm-b60">
         <name>PlantControl_Step1kHz</name>
         <value>0x7f28</value>
         <object_component_ref idref="oc-279"/>
      </symbol>
      <symbol id="sm-b61">
         <name>PlantControl_IsInPosition</name>
         <value>0x7ff8</value>
         <object_component_ref idref="oc-279"/>
      </symbol>
      <symbol id="sm-b62">
         <name>PlantControl_Init</name>
         <value>0x7d88</value>
         <object_component_ref idref="oc-279"/>
      </symbol>
      <symbol id="sm-b63">
         <name>PlantControl_ApplyAmpAdapter</name>
         <value>0x8028</value>
         <object_component_ref idref="oc-279"/>
      </symbol>
      <symbol id="sm-b64">
         <name>PlantControl_Step1kHz_RefOnly</name>
         <value>0x7fd4</value>
         <object_component_ref idref="oc-279"/>
      </symbol>
      <symbol id="sm-b65">
         <name>PlantControl_LastCommand</name>
         <value>0x8010</value>
         <object_component_ref idref="oc-279"/>
      </symbol>
      <symbol id="sm-b66">
         <name>LimitCurrent_TRIPM1</name>
         <value>0x8240</value>
         <object_component_ref idref="oc-279"/>
      </symbol>
      <symbol id="sm-b67">
         <name>PlantSetDutyDir_Sine10Hz</name>
         <value>0x8164</value>
         <object_component_ref idref="oc-279"/>
      </symbol>
      <symbol id="sm-b68">
         <name>PlantControl_Reset</name>
         <value>0x7ec8</value>
         <object_component_ref idref="oc-279"/>
      </symbol>
      <symbol id="sm-b69">
         <name>PlantControl_EnableCascade</name>
         <value>0x7ea8</value>
         <object_component_ref idref="oc-279"/>
      </symbol>
      <symbol id="sm-b6a">
         <name>PlantSetDutyDir</name>
         <value>0x804c</value>
         <object_component_ref idref="oc-279"/>
      </symbol>
      <symbol id="sm-b80">
         <name>PlantControl_BaseCfg</name>
         <value>0x103e8</value>
         <object_component_ref idref="oc-158"/>
      </symbol>
      <symbol id="sm-bbc">
         <name>BoardPwr_EnableVmot</name>
         <value>0xcda0</value>
         <object_component_ref idref="oc-26d"/>
      </symbol>
      <symbol id="sm-bbd">
         <name>BoardPwr_IsPowerOk</name>
         <value>0xcfac</value>
         <object_component_ref idref="oc-26d"/>
      </symbol>
      <symbol id="sm-bbe">
         <name>Laser_Enable</name>
         <value>0xcdb4</value>
         <object_component_ref idref="oc-26d"/>
      </symbol>
      <symbol id="sm-bbf">
         <name>BoardPwr_IsFaultLatched</name>
         <value>0xcfc4</value>
         <object_component_ref idref="oc-26d"/>
      </symbol>
      <symbol id="sm-bc0">
         <name>BoardPwr_ClearFault</name>
         <value>0xcf90</value>
         <object_component_ref idref="oc-26d"/>
      </symbol>
      <symbol id="sm-bc1">
         <name>BoardPwr_Tick1kHz</name>
         <value>0xce3c</value>
         <object_component_ref idref="oc-26d"/>
      </symbol>
      <symbol id="sm-bc2">
         <name>BoardPwr_ReadStatus</name>
         <value>0xcdc8</value>
         <object_component_ref idref="oc-26d"/>
      </symbol>
      <symbol id="sm-bc3">
         <name>BoardPwr_Init</name>
         <value>0xcd48</value>
         <object_component_ref idref="oc-26d"/>
      </symbol>
      <symbol id="sm-c1e">
         <name>DrvAdc_ReadEnc_1kHz</name>
         <value>0xb1f8</value>
         <object_component_ref idref="oc-b3"/>
      </symbol>
      <symbol id="sm-c1f">
         <name>PlantControl_SetPosMaPow2</name>
         <value>0xb614</value>
         <object_component_ref idref="oc-b3"/>
      </symbol>
      <symbol id="sm-c20">
         <name>DrvAdc_Pos_Init</name>
         <value>0xb0b4</value>
         <object_component_ref idref="oc-b3"/>
      </symbol>
      <symbol id="sm-c21">
         <name>DrvAdc_Pos_Reset</name>
         <value>0xb174</value>
         <object_component_ref idref="oc-b3"/>
      </symbol>
      <symbol id="sm-c22">
         <name>DrvAdc_PeekLast_Enc1</name>
         <value>0xb3e0</value>
         <object_component_ref idref="oc-b3"/>
      </symbol>
      <symbol id="sm-c23">
         <name>DrvAdc_Init</name>
         <value>0xb090</value>
         <object_component_ref idref="oc-b3"/>
      </symbol>
      <symbol id="sm-c24">
         <name>DrvAdc_ReadCurr_10kHz</name>
         <value>0xb358</value>
         <object_component_ref idref="oc-b3"/>
      </symbol>
      <symbol id="sm-c25">
         <name>DrvAdc_PeekLast_Acm1</name>
         <value>0xb3ec</value>
         <object_component_ref idref="oc-b3"/>
      </symbol>
      <symbol id="sm-c26">
         <name>DrvAdc_PeekLast_Pcm1</name>
         <value>0xb3d4</value>
         <object_component_ref idref="oc-b3"/>
      </symbol>
      <symbol id="sm-c27">
         <name>adcNotification</name>
         <value>0xb3f8</value>
         <object_component_ref idref="oc-b3"/>
      </symbol>
      <symbol id="sm-c3c">
         <name>IRef_Tick1kHz</name>
         <value>0xf780</value>
         <object_component_ref idref="oc-267"/>
      </symbol>
      <symbol id="sm-c3d">
         <name>IRef_Init</name>
         <value>0xf710</value>
         <object_component_ref idref="oc-267"/>
      </symbol>
      <symbol id="sm-c7a">
         <name>SpGen_SetStepLsb</name>
         <value>0xd224</value>
         <object_component_ref idref="oc-15e"/>
      </symbol>
      <symbol id="sm-c7b">
         <name>SpGen_Arm</name>
         <value>0xd174</value>
         <object_component_ref idref="oc-15e"/>
      </symbol>
      <symbol id="sm-c7c">
         <name>SpGen_SetAdvanceMs</name>
         <value>0xd248</value>
         <object_component_ref idref="oc-15e"/>
      </symbol>
      <symbol id="sm-c7d">
         <name>SpGen_Get</name>
         <value>0xd3a8</value>
         <object_component_ref idref="oc-15e"/>
      </symbol>
      <symbol id="sm-c7e">
         <name>SpGen_Disarm</name>
         <value>0xd208</value>
         <object_component_ref idref="oc-15e"/>
      </symbol>
      <symbol id="sm-c7f">
         <name>SpGen_Init</name>
         <value>0xd044</value>
         <object_component_ref idref="oc-15e"/>
      </symbol>
      <symbol id="sm-c80">
         <name>SpGen_DefaultCfg</name>
         <value>0xd03c</value>
         <object_component_ref idref="oc-15e"/>
      </symbol>
      <symbol id="sm-c81">
         <name>SpGen_Tick1ms</name>
         <value>0xd354</value>
         <object_component_ref idref="oc-15e"/>
      </symbol>
      <symbol id="sm-c82">
         <name>SpGen_RegisterAsRtiHook</name>
         <value>0xd3c0</value>
         <object_component_ref idref="oc-15e"/>
      </symbol>
      <symbol id="sm-cca">
         <name>PcmTest_Init</name>
         <value>0x83fc</value>
         <object_component_ref idref="oc-291"/>
      </symbol>
      <symbol id="sm-ccb">
         <name>PcmTest_Stop</name>
         <value>0x84b4</value>
         <object_component_ref idref="oc-291"/>
      </symbol>
      <symbol id="sm-ccc">
         <name>PcmTest_Start</name>
         <value>0x84f4</value>
         <object_component_ref idref="oc-291"/>
      </symbol>
      <symbol id="sm-ccd">
         <name>PcmTest_Tick10kHz</name>
         <value>0x85e0</value>
         <object_component_ref idref="oc-291"/>
      </symbol>
      <symbol id="sm-cea">
         <name>TuningStore_ApplyWaveform</name>
         <value>0xe8e8</value>
         <object_component_ref idref="oc-285"/>
      </symbol>
      <symbol id="sm-ceb">
         <name>TuningStore_Version</name>
         <value>0xea20</value>
         <object_component_ref idref="oc-285"/>
      </symbol>
      <symbol id="sm-cec">
         <name>TuningStore_Init</name>
         <value>0xe89c</value>
         <object_component_ref idref="oc-285"/>
      </symbol>
      <symbol id="sm-ced">
         <name>TuningStore_ApplyPid</name>
         <value>0xe9c4</value>
         <object_component_ref idref="oc-285"/>
      </symbol>
      <symbol id="sm-d39">
         <name>expf</name>
         <value>0xe58c</value>
         <object_component_ref idref="oc-250"/>
      </symbol>
      <symbol id="sm-d49">
         <name>sqrtf</name>
         <value>0x1033c</value>
         <object_component_ref idref="oc-3bb"/>
      </symbol>
      <symbol id="sm-d61">
         <name>lrintf</name>
         <value>0xff1c</value>
         <object_component_ref idref="oc-2a3"/>
      </symbol>
      <symbol id="sm-d6b">
         <name>lroundf</name>
         <value>0x103ac</value>
         <object_component_ref idref="oc-3ac"/>
      </symbol>
      <symbol id="sm-d8c">
         <name>rintf</name>
         <value>0x10014</value>
         <object_component_ref idref="oc-3d2"/>
      </symbol>
      <symbol id="sm-d9d">
         <name>roundf</name>
         <value>0xff98</value>
         <object_component_ref idref="oc-45d"/>
      </symbol>
      <symbol id="sm-ddd">
         <name>sinf</name>
         <value>0xa310</value>
         <object_component_ref idref="oc-3a4"/>
      </symbol>
      <symbol id="sm-df7">
         <name>floorl</name>
         <value>0xf874</value>
         <object_component_ref idref="oc-322"/>
      </symbol>
      <symbol id="sm-df8">
         <name>floor</name>
         <value>0xf874</value>
         <object_component_ref idref="oc-322"/>
      </symbol>
      <symbol id="sm-e0a">
         <name>__softfloat_float_exception_mask</name>
         <value>0x8001a24</value>
         <object_component_ref idref="oc-3de"/>
      </symbol>
      <symbol id="sm-e0b">
         <name>__softfloat_float_raise</name>
         <value>0x103f4</value>
         <object_component_ref idref="oc-3d8"/>
      </symbol>
      <symbol id="sm-e0c">
         <name>__softfloat_float_rounding_mode</name>
         <value>0x8001a28</value>
         <object_component_ref idref="oc-3de"/>
      </symbol>
      <symbol id="sm-e0d">
         <name>__softfloat_float_exception_flags</name>
         <value>0x8001a20</value>
         <object_component_ref idref="oc-3de"/>
      </symbol>
      <symbol id="sm-e26">
         <name>memcpy</name>
         <value>0xf418</value>
         <object_component_ref idref="oc-65"/>
      </symbol>
      <symbol id="sm-e27">
         <name>__aeabi_memcpy</name>
         <value>0xf418</value>
         <object_component_ref idref="oc-65"/>
      </symbol>
      <symbol id="sm-e28">
         <name>__aeabi_memcpy8</name>
         <value>0xf418</value>
         <object_component_ref idref="oc-65"/>
      </symbol>
      <symbol id="sm-e29">
         <name>__aeabi_memcpy4</name>
         <value>0xf418</value>
         <object_component_ref idref="oc-65"/>
      </symbol>
      <symbol id="sm-e38">
         <name>__aeabi_memset</name>
         <value>0xfc9c</value>
         <object_component_ref idref="oc-fd"/>
      </symbol>
      <symbol id="sm-e39">
         <name>memset</name>
         <value>0xfca8</value>
         <object_component_ref idref="oc-fd"/>
      </symbol>
      <symbol id="sm-e3a">
         <name>__aeabi_memset8</name>
         <value>0xfc9c</value>
         <object_component_ref idref="oc-fd"/>
      </symbol>
      <symbol id="sm-e3b">
         <name>__aeabi_memset4</name>
         <value>0xfc9c</value>
         <object_component_ref idref="oc-fd"/>
      </symbol>
      <symbol id="sm-e3c">
         <name>__aeabi_memclr8</name>
         <value>0xfc98</value>
         <object_component_ref idref="oc-fd"/>
      </symbol>
      <symbol id="sm-e3d">
         <name>__aeabi_memclr4</name>
         <value>0xfc98</value>
         <object_component_ref idref="oc-fd"/>
      </symbol>
      <symbol id="sm-e3e">
         <name>__aeabi_memclr</name>
         <value>0xfc98</value>
         <object_component_ref idref="oc-fd"/>
      </symbol>
      <symbol id="sm-e4a">
         <name>__aeabi_idivmod</name>
         <value>0x101fc</value>
         <object_component_ref idref="oc-262"/>
      </symbol>
      <symbol id="sm-e4b">
         <name>__aeabi_idiv</name>
         <value>0x101fc</value>
         <object_component_ref idref="oc-262"/>
      </symbol>
      <symbol id="sm-e57">
         <name>__aeabi_uidivmod</name>
         <value>0x102a0</value>
         <object_component_ref idref="oc-182"/>
      </symbol>
      <symbol id="sm-e58">
         <name>__aeabi_uidiv</name>
         <value>0x102a0</value>
         <object_component_ref idref="oc-182"/>
      </symbol>
      <symbol id="sm-e80">
         <name>__TI_auto_init_nobinit_nopinit</name>
         <value>0x10080</value>
         <object_component_ref idref="oc-122"/>
      </symbol>
      <symbol id="sm-e93">
         <name>__TI_zero_init</name>
         <value>0x103c0</value>
         <object_component_ref idref="oc-77"/>
      </symbol>
      <symbol id="sm-eaa">
         <name>__TI_decompress_none</name>
         <value>0x10398</value>
         <object_component_ref idref="oc-15"/>
      </symbol>
      <symbol id="sm-ecd">
         <name>__TI_decompress_lzss</name>
         <value>0xfe8c</value>
         <object_component_ref idref="oc-f"/>
      </symbol>
      <symbol id="sm-ed8">
         <name>C$$EXIT</name>
         <value>0x103fc</value>
         <object_component_ref idref="oc-170"/>
      </symbol>
      <symbol id="sm-ed9">
         <name>abort</name>
         <value>0x103fc</value>
         <object_component_ref idref="oc-170"/>
      </symbol>
      <symbol id="sm-eee">
         <name>_nop</name>
         <value>0x10408</value>
         <object_component_ref idref="oc-3f6"/>
      </symbol>
      <symbol id="sm-eef">
         <name>_lock</name>
         <value>0x8001a38</value>
         <object_component_ref idref="oc-2f4"/>
      </symbol>
      <symbol id="sm-ef0">
         <name>_unlock</name>
         <value>0x8001a3c</value>
         <object_component_ref idref="oc-2f4"/>
      </symbol>
      <symbol id="sm-f17">
         <name>raise</name>
         <value>0x102f0</value>
         <object_component_ref idref="oc-482"/>
      </symbol>
      <symbol id="sm-f18">
         <name>signal</name>
         <value>0x1014c</value>
         <object_component_ref idref="oc-4c5"/>
      </symbol>
      <symbol id="sm-f7e">
         <name>__kernel_rem_pio2</name>
         <value>0x93a4</value>
         <object_component_ref idref="oc-44e"/>
      </symbol>
      <symbol id="sm-f94">
         <name>__aeabi_errno_addr</name>
         <value>0x103d0</value>
         <object_component_ref idref="oc-36c"/>
      </symbol>
      <symbol id="sm-f95">
         <name>errno</name>
         <value>0x8001a48</value>
         <object_component_ref idref="oc-42d"/>
      </symbol>
      <symbol id="sm-faa">
         <name>floorf</name>
         <value>0xfd48</value>
         <object_component_ref idref="oc-4b7"/>
      </symbol>
      <symbol id="sm-fc4">
         <name>scalbn</name>
         <value>0xf9a8</value>
         <object_component_ref idref="oc-49f"/>
      </symbol>
      <symbol id="sm-fc5">
         <name>scalbnl</name>
         <value>0xf9a8</value>
         <object_component_ref idref="oc-49f"/>
      </symbol>
      <symbol id="sm-fc6">
         <name>ldexpl</name>
         <value>0xf9a8</value>
         <object_component_ref idref="oc-49f"/>
      </symbol>
      <symbol id="sm-fc7">
         <name>ldexp</name>
         <value>0xf9a8</value>
         <object_component_ref idref="oc-49f"/>
      </symbol>
      <symbol id="sm-fd1">
         <name>__aeabi_idiv0</name>
         <value>0x10410</value>
         <object_component_ref idref="oc-301"/>
      </symbol>
      <symbol id="sm-fd2">
         <name>__aeabi_ldiv0</name>
         <value>0x10410</value>
         <object_component_ref idref="oc-301"/>
      </symbol>
      <symbol id="sm-fdc">
         <name>copysign</name>
         <value>0x10370</value>
         <object_component_ref idref="oc-4cd"/>
      </symbol>
      <symbol id="sm-fdd">
         <name>copysignl</name>
         <value>0x10370</value>
         <object_component_ref idref="oc-4cd"/>
      </symbol>
      <symbol id="sm-fde">
         <name>__TI_static_base__</name>
         <value>0x0</value>
      </symbol>
      <symbol id="sm-fe1">
         <name>SHT$$INIT_ARRAY$$Base</name>
         <value>0x0</value>
      </symbol>
      <symbol id="sm-fe2">
         <name>SHT$$INIT_ARRAY$$Limit</name>
         <value>0x0</value>
      </symbol>
      <symbol id="sm-fe3">
         <name>_system_post_cinit</name>
         <value>0x0</value>
      </symbol>
   </symbol_table>
   <title>Link successful</title>
</link_info>
