******************************************************************************
                  TI ARM Linker PC v20.2.7                     
******************************************************************************
>> Linked Wed Jan 28 18:14:29 2026

OUTPUT FILE NAME:   <DC_Maxon_DRV8871.out>
ENTRY POINT SYMBOL: "_c_int00"  address: 0000fbc0


MEMORY CONFIGURATION

         name            origin    length      used     unused   attr    fill
----------------------  --------  ---------  --------  --------  ----  --------
  VECTORS               00000000   00000020  00000020  00000000     X
  FLASH0                00000020   001fffe0  00010878  001ef768  R  X
  FLASH1                00200000   00200000  00000000  00200000  R  X
  STACKS                08000000   00001500  00000000  00001500  RW  
  RAM                   08001500   0007eb00  00000549  0007e5b7  RW  


SEGMENT ALLOCATION MAP

run origin  load origin   length   init length attrs members
----------  ----------- ---------- ----------- ----- -------
00000000    00000000    00010414   00010414    r-x
  00000000    00000000    00000020   00000020    r-x .intvecs
  00000020    00000020    000103f4   000103f4    r-x .text
00010420    00010420    00000488   00000488    r--
  00010420    00010420    0000043c   0000043c    r-- .const
  00010860    00010860    00000048   00000048    r-- .cinit
08001500    08001500    0000054c   00000000    rw-
  08001500    08001500    00000451   00000000    rw- .bss
  08001954    08001954    000000f8   00000000    rw- .data


SECTION ALLOCATION MAP

 output                                  attributes/
section   page    origin      length       input sections
--------  ----  ----------  ----------   ----------------
.intvecs   0    00000000    00000020     
                  00000000    00000020     HL_sys_intvecs.obj (.intvecs)

.text      0    00000020    000103f4     
                  00000020    00002174     HL_etpwm.obj (.text)
                  00002194    00001198     app_orchestrator.obj (.text)
                  0000332c    0000109c     HL_mibspi.obj (.text)
                  000043c8    00000e30     uart_to_qt.obj (.text)
                  000051f8    00000aec     HL_adc.obj (.text)
                  00005ce4    000009c8     HL_pinmux.obj (.text)
                  000066ac    00000998     HL_system.obj (.text)
                  00007044    00000938     HL_sys_vim.obj (.text)
                  0000797c    00000914     plant_control.obj (.text)
                  00008290    00000888     pcm_tests.obj (.text)
                  00008b18    0000087c     HL_sci.obj (.text)
                  00009394    00000790     rtsv7R4_A_le_v3D16_eabi.lib : k_rem_pio2.c.obj (.text:__kernel_rem_pio2)
                  00009b24    0000078c     HL_esm.obj (.text)
                  0000a2b0    00000748     rtsv7R4_A_le_v3D16_eabi.lib : s_sinf.c.obj (.text:sinf)
                  0000a9f8    00000698     HL_rti.obj (.text)
                  0000b090    00000670     drv_adc.obj (.text)
                  0000b700    00000664     HL_errata_SSWF021_45.obj (.text)
                  0000bd64    000005b0     drv_sci.obj (.text)
                  0000c314    00000484     HL_gio.obj (.text)
                  0000c798    00000444     pushbutton.obj (.text)
                  0000cbdc    00000408     board_power.obj (.text)
                  0000cfe4    00000400     sp_gen.obj (.text)
                  0000d3e4    000003c8     drv_etpwm.obj (.text)
                  0000d7ac    000003c4     HL_sys_core.obj (.text)
                  0000db70    00000374     uart.obj (.text)
                  0000dee4    0000036c     HL_sys_mpu.obj (.text)
                  0000e250    0000033c     HL_sys_vim.obj (.text:retain)
                  0000e58c    0000025c     rtsv7R4_A_le_v3D16_eabi.lib : e_expf.c.obj (.text:expf)
                  0000e7e8    00000250     tuning_store.obj (.text)
                  0000ea38    00000214     signaling_leds.obj (.text)
                  0000ec4c    00000210     current_ctrl.obj (.text)
                  0000ee5c    00000208     ctrl_pid.obj (.text)
                  0000f064    00000204     HL_sci.obj (.text:retain)
                  0000f268    000001b0     drv_rti.obj (.text)
                  0000f418    00000180     rtsv7R4_A_le_v3D16_eabi.lib : memcpy32.asm.obj (.text)
                  0000f598    00000178     HL_esm.obj (.text:retain)
                  0000f710    00000164     sp_CurGen.obj (.text)
                  0000f874    00000134     rtsv7R4_A_le_v3D16_eabi.lib : s_floor.c.obj (.text:floor)
                  0000f9a8    0000011c                                 : s_scalbn.c.obj (.text:scalbn)
                  0000fac4    000000fc     HL_notification.obj (.text)
                  0000fbc0    000000d8     HL_sys_startup.obj (.text:retain)
                  0000fc98    000000b0     rtsv7R4_A_le_v3D16_eabi.lib : memset32.asm.obj (.text)
                  0000fd48    000000a4                                 : s_floorf.c.obj (.text:floorf)
                  0000fdec    000000a0     HL_rti.obj (.text:retain)
                  0000fe8c    00000090     rtsv7R4_A_le_v3D16_eabi.lib : copy_decompress_lzss.c.obj (.text:decompress:lzss:__TI_decompress_lzss)
                  0000ff1c    0000007c                                 : s_lrintf.c.obj (.text:lrintf)
                  0000ff98    0000007c                                 : s_roundf.c.obj (.text:roundf)
                  00010014    0000006c                                 : s_rintf.c.obj (.text:rintf)
                  00010080    00000068                                 : autoinit.c.obj (.text:__TI_auto_init_nobinit_nopinit:__TI_auto_init_nobinit_nopinit)
                  000100e8    00000064     HL_sys_main.obj (.text)
                  0001014c    0000005c     rtsv7R4_A_le_v3D16_eabi.lib : signal.c.obj (.text:signal)
                  000101a8    00000054     HL_adc.obj (.text:retain)
                  000101fc    00000054     rtsv7R4_A_le_v3D16_eabi.lib : i_div32.asm.obj (.text)
                  00010250    00000050     HL_etpwm.obj (.text:retain)
                  000102a0    00000050     rtsv7R4_A_le_v3D16_eabi.lib : u_div32.asm.obj (.text)
                  000102f0    0000004c                                 : signal.c.obj (.text:raise)
                  0001033c    00000034                                 : e_sqrtf.c.obj (.text:sqrtf)
                  00010370    00000028                                 : s_copysign.c.obj (.text:copysign)
                  00010398    00000014                                 : copy_decompress_none.c.obj (.text:decompress:none:__TI_decompress_none)
                  000103ac    00000014                                 : s_lroundf.c.obj (.text:lroundf)
                  000103c0    00000010                                 : copy_zero_init.c.obj (.text:decompress:ZI:__TI_zero_init)
                  000103d0    0000000c                                 : errno.c.obj (.text:__aeabi_errno_addr)
                  000103dc    0000000c     ctrl_pid_defaults.obj (.text)
                  000103e8    0000000c     plant_control_defaults.obj (.text)
                  000103f4    00000008     rtsv7R4_A_le_v3D16_eabi.lib : ti_fenv.c.obj (.text:__softfloat_float_raise)
                  000103fc    00000008                                 : exit.c.obj (.text:abort:abort)
                  00010404    00000004     HL_sys_startup.obj (.text)
                  00010408    00000004     rtsv7R4_A_le_v3D16_eabi.lib : _lock.c.obj (.text:_nop)
                  0001040c    00000004     HL_sys_phantom.obj (.text:retain)
                  00010410    00000004     rtsv7R4_A_le_v3D16_eabi.lib : div0.asm.obj (.text)

.const     0    00010420    0000043c     
                  00010420    00000200     HL_sys_vim.obj (.const:s_vim_init)
                  00010620    00000108     rtsv7R4_A_le_v3D16_eabi.lib : k_rem_pio2.c.obj (.const:ipio2)
                  00010728    00000040                                 : k_rem_pio2.c.obj (.const:PIo2)
                  00010768    00000020     plant_control_defaults.obj (.const:kPlant_Base)
                  00010788    00000018     current_ctrl.obj (.const:kCur_Default)
                  000107a0    00000018     HL_adc.obj (.const:s_adcFiFoSize)
                  000107b8    00000018     HL_adc.obj (.const:s_adcSelect)
                  000107d0    00000014     ctrl_pid_defaults.obj (.const:kPid_Default)
                  000107e4    00000010     rtsv7R4_A_le_v3D16_eabi.lib : k_rem_pio2.c.obj (.const:init_jk)
                  000107f4    0000000c     drv_etpwm.obj (.const:$P$T0$1)
                  00010800    0000000c     drv_etpwm.obj (.const:$P$T1$2)
                  0001080c    0000000c     signaling_leds.obj (.const:LED_BLU)
                  00010818    0000000c     signaling_leds.obj (.const:LED_GRN)
                  00010824    0000000c     signaling_leds.obj (.const:LED_RED)
                  00010830    0000000a     sp_gen.obj (.const:kSpg_Default)
                  0001083a    00000002     --HOLE-- [fill = 0]
                  0001083c    00000008     rtsv7R4_A_le_v3D16_eabi.lib : s_rintf.c.obj (.const:TWO23)
                  00010844    00000008                                 : e_expf.c.obj (.const:halF)
                  0001084c    00000008                                 : e_expf.c.obj (.const:ln2HI)
                  00010854    00000008                                 : e_expf.c.obj (.const:ln2LO)

.cinit     0    00010860    00000048     
                  00010860    00000024     (.cinit..data.load) [load image, compression = lzss]
                  00010884    0000000c     (__TI_handler_table)
                  00010890    00000008     (.cinit..bss.load) [load image, compression = zero_init]
                  00010898    00000010     (__TI_cinit_table)

.bss       0    08001500    00000451     UNINITIALIZED
                  08001500    00000200     drv_sci.obj (.bss:s_rx_ring)
                  08001700    00000200     drv_sci.obj (.bss:s_tx_ring)
                  08001900    00000050     HL_sci.obj (.bss:g_sciTransfer_t)
                  08001950    00000001     drv_sci.obj (.bss)

.data      0    08001954    000000f8     UNINITIALIZED
                  08001954    00000080     rtsv7R4_A_le_v3D16_eabi.lib : signal.c.obj (.data:sigTable)
                  080019d4    0000001e     drv_adc.obj (.data)
                  080019f2    00000001     drv_etpwm.obj (.data)
                  080019f3    00000001     --HOLE--
                  080019f4    00000018     drv_rti.obj (.data)
                  08001a0c    00000014     drv_sci.obj (.data)
                  08001a20    0000000c     rtsv7R4_A_le_v3D16_eabi.lib : ti_fenv.c.obj (.data)
                  08001a2c    0000000c     uart.obj (.data)
                  08001a38    00000008     rtsv7R4_A_le_v3D16_eabi.lib : _lock.c.obj (.data:$O1$$)
                  08001a40    00000008     uart_to_qt.obj (.data)
                  08001a48    00000004     rtsv7R4_A_le_v3D16_eabi.lib : errno.c.obj (.data)

__llvm_prf_cnts 
*          0    08001500    00000000     UNINITIALIZED

MODULE SUMMARY

       Module                       code    ro data   rw data
       ------                       ----    -------   -------
    .\source\
       HL_etpwm.obj                 8644    0         0      
       HL_mibspi.obj                4252    0         0      
       HL_sys_vim.obj               3188    512       0      
       HL_adc.obj                   2880    48        0      
       HL_sci.obj                   2688    0         80     
       HL_pinmux.obj                2504    0         0      
       HL_system.obj                2456    0         0      
       HL_esm.obj                   2308    0         0      
       HL_rti.obj                   1848    0         0      
       HL_errata_SSWF021_45.obj     1636    0         0      
       HL_gio.obj                   1156    0         0      
       HL_sys_core.obj              964     0         0      
       HL_sys_mpu.obj               876     0         0      
       HL_notification.obj          252     0         0      
       HL_sys_startup.obj           220     0         0      
       HL_sys_main.obj              100     0         0      
       HL_sys_intvecs.obj           32      0         0      
       HL_sys_phantom.obj           4       0         0      
    +--+----------------------------+-------+---------+---------+
       Total:                       36008   560       80     
                                                             
    .\source\app\
       app_orchestrator.obj         4504    0         0      
    +--+----------------------------+-------+---------+---------+
       Total:                       4504    0         0      
                                                             
    .\source\button\
       pushbutton.obj               1092    0         0      
    +--+----------------------------+-------+---------+---------+
       Total:                       1092    0         0      
                                                             
    .\source\control_timer\
       drv_rti.obj                  432     0         24     
    +--+----------------------------+-------+---------+---------+
       Total:                       432     0         24     
                                                             
    .\source\controller\
       current_ctrl.obj             528     24        0      
       ctrl_pid.obj                 520     0         0      
       ctrl_pid_defaults.obj        12      20        0      
    +--+----------------------------+-------+---------+---------+
       Total:                       1060    44        0      
                                                             
    .\source\debug\
       uart_to_qt.obj               3632    0         8      
       drv_sci.obj                  1456    0         1045   
       uart.obj                     884     0         12     
    +--+----------------------------+-------+---------+---------+
       Total:                       5972    0         1065   
                                                             
    .\source\leds\
       signaling_leds.obj           532     36        0      
    +--+----------------------------+-------+---------+---------+
       Total:                       532     36        0      
                                                             
    .\source\motor_driver\
       drv_etpwm.obj                968     24        1      
    +--+----------------------------+-------+---------+---------+
       Total:                       968     24        1      
                                                             
    .\source\plant\
       plant_control.obj            2324    0         0      
       plant_control_defaults.obj   12      32        0      
    +--+----------------------------+-------+---------+---------+
       Total:                       2336    32        0      
                                                             
    .\source\power_up_ups\
       board_power.obj              1032    0         0      
    +--+----------------------------+-------+---------+---------+
       Total:                       1032    0         0      
                                                             
    .\source\sampling_adc\
       drv_adc.obj                  1648    0         30     
    +--+----------------------------+-------+---------+---------+
       Total:                       1648    0         30     
                                                             
    .\source\setpoint\
       sp_gen.obj                   1024    10        0      
       sp_CurGen.obj                356     0         0      
    +--+----------------------------+-------+---------+---------+
       Total:                       1380    10        0      
                                                             
    .\source\tests\
       pcm_tests.obj                2184    0         0      
    +--+----------------------------+-------+---------+---------+
       Total:                       2184    0         0      
                                                             
    .\source\tuning\
       tuning_store.obj             592     0         0      
    +--+----------------------------+-------+---------+---------+
       Total:                       592     0         0      
                                                             
    C:\ti\ccs1270\ccs\tools\compiler\ti-cgt-arm_20.2.7.LTS\lib\rtsv7R4_A_le_v3D16_eabi.lib
       k_rem_pio2.c.obj             1936    344       0      
       s_sinf.c.obj                 1864    0         0      
       e_expf.c.obj                 604     24        0      
       memcpy32.asm.obj             384     0         0      
       s_floor.c.obj                308     0         0      
       signal.c.obj                 168     0         128    
       s_scalbn.c.obj               284     0         0      
       memset32.asm.obj             176     0         0      
       s_floorf.c.obj               164     0         0      
       copy_decompress_lzss.c.obj   144     0         0      
       s_lrintf.c.obj               124     0         0      
       s_roundf.c.obj               124     0         0      
       s_rintf.c.obj                108     8         0      
       autoinit.c.obj               104     0         0      
       i_div32.asm.obj              84      0         0      
       u_div32.asm.obj              80      0         0      
       e_sqrtf.c.obj                52      0         0      
       s_copysign.c.obj             40      0         0      
       copy_decompress_none.c.obj   20      0         0      
       s_lroundf.c.obj              20      0         0      
       ti_fenv.c.obj                8       0         12     
       copy_zero_init.c.obj         16      0         0      
       errno.c.obj                  12      0         4      
       _lock.c.obj                  4       0         8      
       exit.c.obj                   8       0         0      
       div0.asm.obj                 4       0         0      
    +--+----------------------------+-------+---------+---------+
       Total:                       6840    376       152    
                                                             
       Linker Generated:            0       72        0      
    +--+----------------------------+-------+---------+---------+
       Grand Total:                 66580   1154      1352   


LINKER GENERATED COPY TABLES

__TI_cinit_table @ 00010898 records: 2, size/record: 8, table size: 16
	.data: load addr=00010860, load size=00000024 bytes, run addr=08001954, run size=000000f8 bytes, compression=lzss
	.bss: load addr=00010890, load size=00000008 bytes, run addr=08001500, run size=00000451 bytes, compression=zero_init


LINKER GENERATED HANDLER TABLE

__TI_handler_table @ 00010884 records: 3, size/record: 4, table size: 12
	index: 0, handler: __TI_zero_init
	index: 1, handler: __TI_decompress_lzss
	index: 2, handler: __TI_decompress_none


GLOBAL SYMBOLS: SORTED ALPHABETICALLY BY Name 

address   name                                
-------   ----                                
000032dc  AppOrch_Faults                      
000027bc  AppOrch_Init                        
000032f4  AppOrch_RequestShutdown             
000032c4  AppOrch_State                       
00002fac  AppOrch_Tick10kHz                   
00002904  AppOrch_Tick1kHz                    
0000cf90  BoardPwr_ClearFault                 
0000cda0  BoardPwr_EnableVmot                 
0000cd48  BoardPwr_Init                       
0000cfc4  BoardPwr_IsFaultLatched             
0000cfac  BoardPwr_IsPowerOk                  
0000cdc8  BoardPwr_ReadStatus                 
0000ce3c  BoardPwr_Tick1kHz                   
0000cb94  Btn_ClearLongPress                  
0000c840  Btn_Init                            
0000cb7c  Btn_LongPressLatched                
0000cb24  Btn_PopClickBurst                   
0000c960  Btn_Tick1kHz                        
0000cbb0  Btn_TriggerHarakiri                 
000103fc  C$$EXIT                             
000103dc  CtrlPid_DefaultCfg                  
0000ee84  CtrlPid_Init                        
0000eeb4  CtrlPid_Reset                       
0000eee8  CtrlPid_Step                        
0000eca0  CurPi_DefaultCfg                    
0000eca8  CurPi_Init                          
0000ecd8  CurPi_Reset                         
0000ed18  CurPi_Step                          
0000b090  DrvAdc_Init                         
0000b3ec  DrvAdc_PeekLast_Acm1                
0000b3e0  DrvAdc_PeekLast_Enc1                
0000b3d4  DrvAdc_PeekLast_Pcm1                
0000b0b4  DrvAdc_Pos_Init                     
0000b174  DrvAdc_Pos_Reset                    
0000b358  DrvAdc_ReadCurr_10kHz               
0000b1f8  DrvAdc_ReadEnc_1kHz                 
0000d6cc  DrvPwm_Brake                        
0000d6b0  DrvPwm_Coast                        
0000d6e0  DrvPwm_Drive                        
0000d658  DrvPwm_GetMode                      
0000d524  DrvPwm_Init                         
0000d664  DrvPwm_SetDutyRawAB                 
0000d63c  DrvPwm_SetMode                      
0000f300  DrvRtiFast_ConsumeTick              
0000f290  DrvRtiFast_Init_10kHz               
0000f2b4  DrvRti_ConsumeTick                  
0000f268  DrvRti_Init_1kHz                    
0000f34c  DrvRti_Millis                       
0000f358  DrvRti_RegisterHook                 
0000f374  DrvRti_RegisterHook_Fast            
0000c170  DrvSci_Dropped                      
0000c044  DrvSci_Init                         
0000c1b0  DrvSci_Read                         
0000c188  DrvSci_ReadByte                     
0000c17c  DrvSci_RxAvailable                  
0000c228  DrvSci_RxDropped                    
0000c0d0  DrvSci_Write                        
0000f710  IRef_Init                           
0000f780  IRef_Tick1kHz                       
0000adc4  IsdwdKeySequenceCorrect             
0001080c  LED_BLU                             
00010818  LED_GRN                             
00010824  LED_RED                             
0000cdb4  Laser_Enable                        
0000ea84  Led_Init                            
0000ebdc  Led_IsOn                            
0000eb20  Led_Off                             
0000eb08  Led_On                              
0000eaac  Led_Set                             
0000eb38  Led_Toggle                          
00008240  LimitCurrent_TRIPM1                 
000083fc  PcmTest_Init                        
000084f4  PcmTest_Start                       
000084b4  PcmTest_Stop                        
000085e0  PcmTest_Tick10kHz                   
00008028  PlantControl_ApplyAmpAdapter        
000103e8  PlantControl_BaseCfg                
00007ea8  PlantControl_EnableCascade          
00007d88  PlantControl_Init                   
00007ff8  PlantControl_IsInPosition           
00008010  PlantControl_LastCommand            
00007ec8  PlantControl_Reset                  
0000b614  PlantControl_SetPosMaPow2           
00007f28  PlantControl_Step1kHz               
00007fd4  PlantControl_Step1kHz_RefOnly       
0000804c  PlantSetDutyDir                     
00008164  PlantSetDutyDir_Sine10Hz            
UNDEFED   SHT$$INIT_ARRAY$$Base               
UNDEFED   SHT$$INIT_ARRAY$$Limit              
0000d174  SpGen_Arm                           
0000d03c  SpGen_DefaultCfg                    
0000d208  SpGen_Disarm                        
0000d3a8  SpGen_Get                           
0000d044  SpGen_Init                          
0000d3c0  SpGen_RegisterAsRtiHook             
0000d248  SpGen_SetAdvanceMs                  
0000d224  SpGen_SetStepLsb                    
0000d354  SpGen_Tick1ms                       
0000e9c4  TuningStore_ApplyPid                
0000e8e8  TuningStore_ApplyWaveform           
0000e89c  TuningStore_Init                    
0000ea20  TuningStore_Version                 
00005164  UartDecode_CurrentA                 
00005138  UartDecode_Duty01                   
000051bc  UartDecode_Gain                     
00005190  UartDecode_PositionDeg              
000049bc  UartRx_Init                         
00004e20  UartRx_Poll                         
00005084  UartRx_PopPid                       
00004ed4  UartRx_PopWaveform                  
000048f8  UartTelemetryBurst_Tick             
0000474c  UartTelemetry_Init                  
00004788  UartTelemetry_SetPeriodMs           
000047b8  UartTelemetry_Tick                  
0000dc24  Uart_Init                           
0000dd08  Uart_TrySendCur                     
0000de24  Uart_TrySendCurSigned_mA            
0000dd84  Uart_TrySendCur_mA                  
0000dc8c  Uart_TrySendPos                     
00010898  __TI_CINIT_Base                     
000108a8  __TI_CINIT_Limit                    
00010884  __TI_Handler_Table_Base             
00010890  __TI_Handler_Table_Limit            
0000db68  __TI_PINIT_Base                     
0000db6c  __TI_PINIT_Limit                    
00010080  __TI_auto_init_nobinit_nopinit      
0000fe8c  __TI_decompress_lzss                
00010398  __TI_decompress_none                
ffffffff  __TI_pprof_out_hndl                 
ffffffff  __TI_prof_data_size                 
ffffffff  __TI_prof_data_start                
00000000  __TI_static_base__                  
000103c0  __TI_zero_init                      
000103d0  __aeabi_errno_addr                  
000101fc  __aeabi_idiv                        
00010410  __aeabi_idiv0                       
000101fc  __aeabi_idivmod                     
00010410  __aeabi_ldiv0                       
0000fc98  __aeabi_memclr                      
0000fc98  __aeabi_memclr4                     
0000fc98  __aeabi_memclr8                     
0000f418  __aeabi_memcpy                      
0000f418  __aeabi_memcpy4                     
0000f418  __aeabi_memcpy8                     
0000fc9c  __aeabi_memset                      
0000fc9c  __aeabi_memset4                     
0000fc9c  __aeabi_memset8                     
000102a0  __aeabi_uidiv                       
000102a0  __aeabi_uidivmod                    
ffffffff  __binit__                           
ffffffff  __c_args__                          
000093a4  __kernel_rem_pio2                   
08001a20  __softfloat_float_exception_flags   
08001a24  __softfloat_float_exception_mask    
000103f4  __softfloat_float_raise             
08001a28  __softfloat_float_rounding_mode     
08001500  __start___llvm_prf_cnts             
08001500  __stop___llvm_prf_cnts              
0000fbc0  _c_int00                            
0000db1c  _cacheDisable_                      
0000dad8  _cacheEnable_                       
0000dab8  _checkMemInitOn_                    
0000d9c4  _coreClearAuxiliaryDataFault_       
0000d9d8  _coreClearAuxiliaryInstructionFault_
0000d99c  _coreClearDataFaultAddress_         
0000d974  _coreClearDataFault_                
0000d9b0  _coreClearInstructionFaultAddress_  
0000d988  _coreClearInstructionFault_         
0000d94c  _coreDisableEventBusExport_         
0000d93c  _coreEnableEventBusExport_          
0000d95c  _coreEnableIrqVicOffset_            
0000d924  _coreEnableVfp_                     
0000d9bc  _coreGetAuxiliaryDataFault_         
0000d9d0  _coreGetAuxiliaryInstructionFault_  
0000d994  _coreGetDataFaultAddress_           
0000d96c  _coreGetDataFault_                  
0000d9a8  _coreGetInstructionFaultAddress_    
0000d980  _coreGetInstructionFault_           
0000d7ac  _coreInitRegisters_                 
0000d8b8  _coreInitStackPointer_              
0000db40  _dCacheInvalidate_                  
0000d9e4  _disable_IRQ_interrupt_             
0000d9ec  _enable_IRQ_interrupt_              
0000d9f4  _enable_interrupt_                  
0000b700  _errata_SSWF021_45_both_plls        
0000b8f4  _errata_SSWF021_45_pll1             
0000ba6c  _errata_SSWF021_45_pll2             
0000d9fc  _esmCcmErrorsClear_                 
0000d904  _getCPSRValue_                      
0000d90c  _gotoCPUIdle_                       
0000db54  _iCacheInvalidate_                  
08001a38  _lock                               
0000da84  _memInit_                           
0000e1f8  _mpuAreRegionsSeparate_             
0000e1dc  _mpuDisableBackgroundRegion_        
0000e1b4  _mpuDisable_                        
0000e1cc  _mpuEnableBackgroundRegion_         
0000e19c  _mpuEnable_                         
0000e1ec  _mpuGetNumberOfRegions_             
0000e21c  _mpuGetRegionBaseAddress_           
0000e23c  _mpuGetRegionPermission_            
0000e230  _mpuGetRegionType_                  
0000e20c  _mpuGetRegion_                      
0000dee4  _mpuInit_                           
0000e214  _mpuSetRegionBaseAddress_           
0000e248  _mpuSetRegionSizeRegister_          
0000e224  _mpuSetRegionTypeAndPermission_     
0000e204  _mpuSetRegion_                      
00010408  _nop                                
UNDEFED   _system_post_cinit                  
08001a3c  _unlock                             
000103fc  abort                               
00005a74  adc1GetConfigValue                  
000101a8  adc1Group1Interrupt                 
00005650  adcCalibration                      
00005a14  adcDisableNotification              
000059c4  adcEnableNotification               
00005428  adcGetData                          
00005a5c  adcGetEVTPin                        
000051f8  adcInit                             
00005620  adcIsConversionComplete             
000055f0  adcIsFifoFull                       
00005828  adcMidPointCalibration              
0000b3f8  adcNotification                     
00005400  adcResetFiFo                        
00005a3c  adcSetEVTPin                        
00005354  adcStartConversion                  
000053d8  adcStopConversion                   
ffffffff  binit                               
00010370  copysign                            
00010370  copysignl                           
00006f9c  customTrimLPO                       
0000fafc  dmaGroupANotification               
0000ae34  dwdClearFlag                        
0000ad38  dwdCounterEnable                    
0000ad9c  dwdGenerateSysReset                 
0000adfc  dwdGetStatus                        
0000ae50  dwdGetViolationStatus               
0000aca8  dwdInit                             
0000ad74  dwdReset                            
0000ad54  dwdSetPreload                       
0000ad20  dwwdGetCurrentDownCounter           
0000acd4  dwwdInit                            
0000fbac  epcCAMFullNotification              
0000fbb0  epcFIFOFullNotification             
08001a48  errno                               
00009d34  esmActivateNormalOperation          
00009e80  esmClearStatus                      
00009ee4  esmClearStatusBuffer                
00009ec0  esmClearStatusUpper                 
00009ce0  esmDisableError                     
00009d08  esmDisableErrorUpper                
00009d88  esmDisableInterrupt                 
00009db0  esmDisableInterruptUpper            
00009c9c  esmEnableError                      
00009cc4  esmEnableErrorUpper                 
00009d44  esmEnableInterrupt                  
00009d6c  esmEnableInterruptUpper             
0000a014  esmEnterSelfTest                    
00009c80  esmError                            
0000a0ec  esmGetConfigValue                   
00009f20  esmGetStatus                        
00009fec  esmGetStatusBuffer                  
00009fa4  esmGetStatusUpper                   
0000fac4  esmGroup1Notification               
0000fad8  esmGroup2Notification               
0000faec  esmGroup3Notification               
0000f598  esmHighInterrupt                    
00009b24  esmInit                             
0000a09c  esmSelfTestStatus                   
00009f00  esmSetCounterPreloadValue           
00009dcc  esmSetInterruptLevel                
00009e40  esmSetInterruptLevelUpper           
00009d24  esmTriggerErrorPinReset             
00000aa4  etpwm1GetConfigValue                
00010250  etpwm1Interrupt                     
00000da0  etpwm2GetConfigValue                
000010b0  etpwm3GetConfigValue                
00001390  etpwm4GetConfigValue                
00001670  etpwm5GetConfigValue                
00001958  etpwm6GetConfigValue                
00001c78  etpwm7GetConfigValue                
000009d8  etpwmClearEventFlag                 
000007a8  etpwmClearTripCondition             
000007c8  etpwmClearTripInterruptFlag         
0000066c  etpwmDisableChopping                
00000438  etpwmDisableCmpAShadowMode          
00000498  etpwmDisableCmpBShadowMode          
000002c8  etpwmDisableCounterLoadOnSync       
000005ec  etpwmDisableDeadband                
0000099c  etpwmDisableInterrupt               
00000878  etpwmDisableSOCA                    
00000910  etpwmDisableSOCB                    
00000234  etpwmDisableTimebasePeriodShadowMode
00000778  etpwmDisableTripInterrupt           
000006b0  etpwmDisableTripZoneSources         
00000638  etpwmEnableChopping                 
000003fc  etpwmEnableCmpAShadowMode           
00000458  etpwmEnableCmpBShadowMode           
00000278  etpwmEnableCounterLoadOnSync        
00000598  etpwmEnableDeadBand                 
00000a18  etpwmEnableDigitalCompareEvents     
00000930  etpwmEnableInterrupt                
00000804  etpwmEnableSOCA                     
0000089c  etpwmEnableSOCB                     
00000254  etpwmEnableTimebasePeriodShadowMode 
00000750  etpwmEnableTripInterrupt            
00000688  etpwmEnableTripZoneSources          
000007e4  etpwmForceTripEvent                 
000009c0  etpwmGetEventStatus                 
00000020  etpwmInit                           
0000fb88  etpwmNotification                   
000004b8  etpwmSetActionQualPwmA              
00000528  etpwmSetActionQualPwmB              
000001ac  etpwmSetClkDiv                      
000003bc  etpwmSetCmpA                        
000003dc  etpwmSetCmpB                        
00000214  etpwmSetCount                       
00000328  etpwmSetCounterMode                 
00000608  etpwmSetDeadBandDelay               
00000384  etpwmSetRunMode                     
000002ec  etpwmSetSyncOut                     
000001f4  etpwmSetTimebasePeriod              
000006e0  etpwmSetTripAction                  
00000118  etpwmStartTBCLK                     
00000164  etpwmStopTBCLK                      
000009f8  etpwmTriggerEvent                   
00000364  etpwmTriggerSWSync                  
0000fb98  etpwmTripNotification               
0000e58c  expf                                
0000f874  floor                               
0000fd48  floorf                              
0000f874  floorl                              
00006a44  getResetSource                      
0000c574  gioDisableNotification              
0000c50c  gioEnableNotification               
0000c474  gioGetBit                           
0000c5dc  gioGetConfigValue                   
0000c49c  gioGetPort                          
0000c314  gioInit                             
0000fb38  gioNotification                     
0000c404  gioSetBit                           
0000c3e4  gioSetDirection                     
0000c454  gioSetPort                          
0000c4b4  gioToggleBit                        
00010404  handlePLLLockFail                   
0000f9a8  ldexp                               
0000f9a8  ldexpl                              
0000ff1c  lrintf                              
000103ac  lroundf                             
000100e8  main                                
00006874  mapClocks                           
0000f418  memcpy                              
0000fca8  memset                              
00003d04  mibspi4GetConfigValue               
00003fc8  mibspi5GetConfigValue               
00003cd0  mibspiDisableGroupNotification      
00003bdc  mibspiDisableLoopback               
00003c48  mibspiEnableGroupNotification       
00003ba8  mibspiEnableLoopback                
00003990  mibspiGetData                       
0000fb60  mibspiGroupNotification             
0000332c  mibspiInit                          
000037c0  mibspiIsBuffInitialized             
00003b3c  mibspiIsTransferComplete            
0000fb4c  mibspiNotification                  
000037f8  mibspiOutofReset                    
00003bf8  mibspiPmodeSet                      
00003818  mibspiReset                         
00003854  mibspiSetData                       
00003834  mibspiSetFunctional                 
00003b0c  mibspiTransfer                      
00005ce4  muxInit                             
000067c0  periphInit                          
0001040c  phantomInterrupt                    
000102f0  raise                               
00000000  resetEntry                          
00010014  rintf                               
0000ff98  roundf                              
0000fdec  rtiCompare0Interrupt                
0000fe38  rtiCompare1Interrupt                
0000af08  rtiDisableNotification              
0000aedc  rtiEnableNotification               
0000af28  rtiGetConfigValue                   
0000ac10  rtiGetCurrentTick                   
0000abe4  rtiGetPeriod                        
0000a9f8  rtiInit                             
0000f390  rtiNotification                     
0000ab4c  rtiResetCounter                     
0000abb8  rtiSetPeriod                        
0000aaec  rtiStartCounter                     
0000ab1c  rtiStopCounter                      
0000f9a8  scalbn                              
0000f9a8  scalbnl                             
000091d4  sci3GetConfigValue                  
0000f064  sci3HighLevelInterrupt              
00009048  sciDisableLoopback                  
000090fc  sciDisableNotification              
00009014  sciEnableLoopback                   
00009064  sciEnableNotification               
00009194  sciEnterResetState                  
000091b4  sciExitResetState                   
00008b18  sciInit                             
00008e8c  sciIsIdleDetected                   
00008e70  sciIsRxReady                        
00008cc0  sciIsTxReady                        
0000c234  sciNotification                     
00008f04  sciReceive                          
00008ed8  sciReceiveByte                      
00008ea8  sciRxError                          
00008d0c  sciSend                             
00008cdc  sciSendByte                         
00008c24  sciSetBaudrate                      
00008c04  sciSetFunctional                    
00006780  setupFlash                          
000066ac  setupPLL                            
0001014c  signal                              
0000a310  sinf                                
0001033c  sqrtf                               
00006b6c  systemGetConfigValue                
000069a0  systemInit                          
00006a14  systemPowerDown                     
0000670c  trimLPO                             
000046a8  uart_encode_value                   
00007118  vimChannelMap                       
00007384  vimDisableInterrupt                 
0000e250  vimECCErrorHandler                  
000071bc  vimEnableInterrupt                  
00007430  vimGetConfigValue                   
00007044  vimInit                             


GLOBAL SYMBOLS: SORTED BY Symbol Address 

address   name                                
-------   ----                                
00000000  __TI_static_base__                  
00000000  resetEntry                          
00000020  etpwmInit                           
00000118  etpwmStartTBCLK                     
00000164  etpwmStopTBCLK                      
000001ac  etpwmSetClkDiv                      
000001f4  etpwmSetTimebasePeriod              
00000214  etpwmSetCount                       
00000234  etpwmDisableTimebasePeriodShadowMode
00000254  etpwmEnableTimebasePeriodShadowMode 
00000278  etpwmEnableCounterLoadOnSync        
000002c8  etpwmDisableCounterLoadOnSync       
000002ec  etpwmSetSyncOut                     
00000328  etpwmSetCounterMode                 
00000364  etpwmTriggerSWSync                  
00000384  etpwmSetRunMode                     
000003bc  etpwmSetCmpA                        
000003dc  etpwmSetCmpB                        
000003fc  etpwmEnableCmpAShadowMode           
00000438  etpwmDisableCmpAShadowMode          
00000458  etpwmEnableCmpBShadowMode           
00000498  etpwmDisableCmpBShadowMode          
000004b8  etpwmSetActionQualPwmA              
00000528  etpwmSetActionQualPwmB              
00000598  etpwmEnableDeadBand                 
000005ec  etpwmDisableDeadband                
00000608  etpwmSetDeadBandDelay               
00000638  etpwmEnableChopping                 
0000066c  etpwmDisableChopping                
00000688  etpwmEnableTripZoneSources          
000006b0  etpwmDisableTripZoneSources         
000006e0  etpwmSetTripAction                  
00000750  etpwmEnableTripInterrupt            
00000778  etpwmDisableTripInterrupt           
000007a8  etpwmClearTripCondition             
000007c8  etpwmClearTripInterruptFlag         
000007e4  etpwmForceTripEvent                 
00000804  etpwmEnableSOCA                     
00000878  etpwmDisableSOCA                    
0000089c  etpwmEnableSOCB                     
00000910  etpwmDisableSOCB                    
00000930  etpwmEnableInterrupt                
0000099c  etpwmDisableInterrupt               
000009c0  etpwmGetEventStatus                 
000009d8  etpwmClearEventFlag                 
000009f8  etpwmTriggerEvent                   
00000a18  etpwmEnableDigitalCompareEvents     
00000aa4  etpwm1GetConfigValue                
00000da0  etpwm2GetConfigValue                
000010b0  etpwm3GetConfigValue                
00001390  etpwm4GetConfigValue                
00001670  etpwm5GetConfigValue                
00001958  etpwm6GetConfigValue                
00001c78  etpwm7GetConfigValue                
000027bc  AppOrch_Init                        
00002904  AppOrch_Tick1kHz                    
00002fac  AppOrch_Tick10kHz                   
000032c4  AppOrch_State                       
000032dc  AppOrch_Faults                      
000032f4  AppOrch_RequestShutdown             
0000332c  mibspiInit                          
000037c0  mibspiIsBuffInitialized             
000037f8  mibspiOutofReset                    
00003818  mibspiReset                         
00003834  mibspiSetFunctional                 
00003854  mibspiSetData                       
00003990  mibspiGetData                       
00003b0c  mibspiTransfer                      
00003b3c  mibspiIsTransferComplete            
00003ba8  mibspiEnableLoopback                
00003bdc  mibspiDisableLoopback               
00003bf8  mibspiPmodeSet                      
00003c48  mibspiEnableGroupNotification       
00003cd0  mibspiDisableGroupNotification      
00003d04  mibspi4GetConfigValue               
00003fc8  mibspi5GetConfigValue               
000046a8  uart_encode_value                   
0000474c  UartTelemetry_Init                  
00004788  UartTelemetry_SetPeriodMs           
000047b8  UartTelemetry_Tick                  
000048f8  UartTelemetryBurst_Tick             
000049bc  UartRx_Init                         
00004e20  UartRx_Poll                         
00004ed4  UartRx_PopWaveform                  
00005084  UartRx_PopPid                       
00005138  UartDecode_Duty01                   
00005164  UartDecode_CurrentA                 
00005190  UartDecode_PositionDeg              
000051bc  UartDecode_Gain                     
000051f8  adcInit                             
00005354  adcStartConversion                  
000053d8  adcStopConversion                   
00005400  adcResetFiFo                        
00005428  adcGetData                          
000055f0  adcIsFifoFull                       
00005620  adcIsConversionComplete             
00005650  adcCalibration                      
00005828  adcMidPointCalibration              
000059c4  adcEnableNotification               
00005a14  adcDisableNotification              
00005a3c  adcSetEVTPin                        
00005a5c  adcGetEVTPin                        
00005a74  adc1GetConfigValue                  
00005ce4  muxInit                             
000066ac  setupPLL                            
0000670c  trimLPO                             
00006780  setupFlash                          
000067c0  periphInit                          
00006874  mapClocks                           
000069a0  systemInit                          
00006a14  systemPowerDown                     
00006a44  getResetSource                      
00006b6c  systemGetConfigValue                
00006f9c  customTrimLPO                       
00007044  vimInit                             
00007118  vimChannelMap                       
000071bc  vimEnableInterrupt                  
00007384  vimDisableInterrupt                 
00007430  vimGetConfigValue                   
00007d88  PlantControl_Init                   
00007ea8  PlantControl_EnableCascade          
00007ec8  PlantControl_Reset                  
00007f28  PlantControl_Step1kHz               
00007fd4  PlantControl_Step1kHz_RefOnly       
00007ff8  PlantControl_IsInPosition           
00008010  PlantControl_LastCommand            
00008028  PlantControl_ApplyAmpAdapter        
0000804c  PlantSetDutyDir                     
00008164  PlantSetDutyDir_Sine10Hz            
00008240  LimitCurrent_TRIPM1                 
000083fc  PcmTest_Init                        
000084b4  PcmTest_Stop                        
000084f4  PcmTest_Start                       
000085e0  PcmTest_Tick10kHz                   
00008b18  sciInit                             
00008c04  sciSetFunctional                    
00008c24  sciSetBaudrate                      
00008cc0  sciIsTxReady                        
00008cdc  sciSendByte                         
00008d0c  sciSend                             
00008e70  sciIsRxReady                        
00008e8c  sciIsIdleDetected                   
00008ea8  sciRxError                          
00008ed8  sciReceiveByte                      
00008f04  sciReceive                          
00009014  sciEnableLoopback                   
00009048  sciDisableLoopback                  
00009064  sciEnableNotification               
000090fc  sciDisableNotification              
00009194  sciEnterResetState                  
000091b4  sciExitResetState                   
000091d4  sci3GetConfigValue                  
000093a4  __kernel_rem_pio2                   
00009b24  esmInit                             
00009c80  esmError                            
00009c9c  esmEnableError                      
00009cc4  esmEnableErrorUpper                 
00009ce0  esmDisableError                     
00009d08  esmDisableErrorUpper                
00009d24  esmTriggerErrorPinReset             
00009d34  esmActivateNormalOperation          
00009d44  esmEnableInterrupt                  
00009d6c  esmEnableInterruptUpper             
00009d88  esmDisableInterrupt                 
00009db0  esmDisableInterruptUpper            
00009dcc  esmSetInterruptLevel                
00009e40  esmSetInterruptLevelUpper           
00009e80  esmClearStatus                      
00009ec0  esmClearStatusUpper                 
00009ee4  esmClearStatusBuffer                
00009f00  esmSetCounterPreloadValue           
00009f20  esmGetStatus                        
00009fa4  esmGetStatusUpper                   
00009fec  esmGetStatusBuffer                  
0000a014  esmEnterSelfTest                    
0000a09c  esmSelfTestStatus                   
0000a0ec  esmGetConfigValue                   
0000a310  sinf                                
0000a9f8  rtiInit                             
0000aaec  rtiStartCounter                     
0000ab1c  rtiStopCounter                      
0000ab4c  rtiResetCounter                     
0000abb8  rtiSetPeriod                        
0000abe4  rtiGetPeriod                        
0000ac10  rtiGetCurrentTick                   
0000aca8  dwdInit                             
0000acd4  dwwdInit                            
0000ad20  dwwdGetCurrentDownCounter           
0000ad38  dwdCounterEnable                    
0000ad54  dwdSetPreload                       
0000ad74  dwdReset                            
0000ad9c  dwdGenerateSysReset                 
0000adc4  IsdwdKeySequenceCorrect             
0000adfc  dwdGetStatus                        
0000ae34  dwdClearFlag                        
0000ae50  dwdGetViolationStatus               
0000aedc  rtiEnableNotification               
0000af08  rtiDisableNotification              
0000af28  rtiGetConfigValue                   
0000b090  DrvAdc_Init                         
0000b0b4  DrvAdc_Pos_Init                     
0000b174  DrvAdc_Pos_Reset                    
0000b1f8  DrvAdc_ReadEnc_1kHz                 
0000b358  DrvAdc_ReadCurr_10kHz               
0000b3d4  DrvAdc_PeekLast_Pcm1                
0000b3e0  DrvAdc_PeekLast_Enc1                
0000b3ec  DrvAdc_PeekLast_Acm1                
0000b3f8  adcNotification                     
0000b614  PlantControl_SetPosMaPow2           
0000b700  _errata_SSWF021_45_both_plls        
0000b8f4  _errata_SSWF021_45_pll1             
0000ba6c  _errata_SSWF021_45_pll2             
0000c044  DrvSci_Init                         
0000c0d0  DrvSci_Write                        
0000c170  DrvSci_Dropped                      
0000c17c  DrvSci_RxAvailable                  
0000c188  DrvSci_ReadByte                     
0000c1b0  DrvSci_Read                         
0000c228  DrvSci_RxDropped                    
0000c234  sciNotification                     
0000c314  gioInit                             
0000c3e4  gioSetDirection                     
0000c404  gioSetBit                           
0000c454  gioSetPort                          
0000c474  gioGetBit                           
0000c49c  gioGetPort                          
0000c4b4  gioToggleBit                        
0000c50c  gioEnableNotification               
0000c574  gioDisableNotification              
0000c5dc  gioGetConfigValue                   
0000c840  Btn_Init                            
0000c960  Btn_Tick1kHz                        
0000cb24  Btn_PopClickBurst                   
0000cb7c  Btn_LongPressLatched                
0000cb94  Btn_ClearLongPress                  
0000cbb0  Btn_TriggerHarakiri                 
0000cd48  BoardPwr_Init                       
0000cda0  BoardPwr_EnableVmot                 
0000cdb4  Laser_Enable                        
0000cdc8  BoardPwr_ReadStatus                 
0000ce3c  BoardPwr_Tick1kHz                   
0000cf90  BoardPwr_ClearFault                 
0000cfac  BoardPwr_IsPowerOk                  
0000cfc4  BoardPwr_IsFaultLatched             
0000d03c  SpGen_DefaultCfg                    
0000d044  SpGen_Init                          
0000d174  SpGen_Arm                           
0000d208  SpGen_Disarm                        
0000d224  SpGen_SetStepLsb                    
0000d248  SpGen_SetAdvanceMs                  
0000d354  SpGen_Tick1ms                       
0000d3a8  SpGen_Get                           
0000d3c0  SpGen_RegisterAsRtiHook             
0000d524  DrvPwm_Init                         
0000d63c  DrvPwm_SetMode                      
0000d658  DrvPwm_GetMode                      
0000d664  DrvPwm_SetDutyRawAB                 
0000d6b0  DrvPwm_Coast                        
0000d6cc  DrvPwm_Brake                        
0000d6e0  DrvPwm_Drive                        
0000d7ac  _coreInitRegisters_                 
0000d8b8  _coreInitStackPointer_              
0000d904  _getCPSRValue_                      
0000d90c  _gotoCPUIdle_                       
0000d924  _coreEnableVfp_                     
0000d93c  _coreEnableEventBusExport_          
0000d94c  _coreDisableEventBusExport_         
0000d95c  _coreEnableIrqVicOffset_            
0000d96c  _coreGetDataFault_                  
0000d974  _coreClearDataFault_                
0000d980  _coreGetInstructionFault_           
0000d988  _coreClearInstructionFault_         
0000d994  _coreGetDataFaultAddress_           
0000d99c  _coreClearDataFaultAddress_         
0000d9a8  _coreGetInstructionFaultAddress_    
0000d9b0  _coreClearInstructionFaultAddress_  
0000d9bc  _coreGetAuxiliaryDataFault_         
0000d9c4  _coreClearAuxiliaryDataFault_       
0000d9d0  _coreGetAuxiliaryInstructionFault_  
0000d9d8  _coreClearAuxiliaryInstructionFault_
0000d9e4  _disable_IRQ_interrupt_             
0000d9ec  _enable_IRQ_interrupt_              
0000d9f4  _enable_interrupt_                  
0000d9fc  _esmCcmErrorsClear_                 
0000da84  _memInit_                           
0000dab8  _checkMemInitOn_                    
0000dad8  _cacheEnable_                       
0000db1c  _cacheDisable_                      
0000db40  _dCacheInvalidate_                  
0000db54  _iCacheInvalidate_                  
0000db68  __TI_PINIT_Base                     
0000db6c  __TI_PINIT_Limit                    
0000dc24  Uart_Init                           
0000dc8c  Uart_TrySendPos                     
0000dd08  Uart_TrySendCur                     
0000dd84  Uart_TrySendCur_mA                  
0000de24  Uart_TrySendCurSigned_mA            
0000dee4  _mpuInit_                           
0000e19c  _mpuEnable_                         
0000e1b4  _mpuDisable_                        
0000e1cc  _mpuEnableBackgroundRegion_         
0000e1dc  _mpuDisableBackgroundRegion_        
0000e1ec  _mpuGetNumberOfRegions_             
0000e1f8  _mpuAreRegionsSeparate_             
0000e204  _mpuSetRegion_                      
0000e20c  _mpuGetRegion_                      
0000e214  _mpuSetRegionBaseAddress_           
0000e21c  _mpuGetRegionBaseAddress_           
0000e224  _mpuSetRegionTypeAndPermission_     
0000e230  _mpuGetRegionType_                  
0000e23c  _mpuGetRegionPermission_            
0000e248  _mpuSetRegionSizeRegister_          
0000e250  vimECCErrorHandler                  
0000e58c  expf                                
0000e89c  TuningStore_Init                    
0000e8e8  TuningStore_ApplyWaveform           
0000e9c4  TuningStore_ApplyPid                
0000ea20  TuningStore_Version                 
0000ea84  Led_Init                            
0000eaac  Led_Set                             
0000eb08  Led_On                              
0000eb20  Led_Off                             
0000eb38  Led_Toggle                          
0000ebdc  Led_IsOn                            
0000eca0  CurPi_DefaultCfg                    
0000eca8  CurPi_Init                          
0000ecd8  CurPi_Reset                         
0000ed18  CurPi_Step                          
0000ee84  CtrlPid_Init                        
0000eeb4  CtrlPid_Reset                       
0000eee8  CtrlPid_Step                        
0000f064  sci3HighLevelInterrupt              
0000f268  DrvRti_Init_1kHz                    
0000f290  DrvRtiFast_Init_10kHz               
0000f2b4  DrvRti_ConsumeTick                  
0000f300  DrvRtiFast_ConsumeTick              
0000f34c  DrvRti_Millis                       
0000f358  DrvRti_RegisterHook                 
0000f374  DrvRti_RegisterHook_Fast            
0000f390  rtiNotification                     
0000f418  __aeabi_memcpy                      
0000f418  __aeabi_memcpy4                     
0000f418  __aeabi_memcpy8                     
0000f418  memcpy                              
0000f598  esmHighInterrupt                    
0000f710  IRef_Init                           
0000f780  IRef_Tick1kHz                       
0000f874  floor                               
0000f874  floorl                              
0000f9a8  ldexp                               
0000f9a8  ldexpl                              
0000f9a8  scalbn                              
0000f9a8  scalbnl                             
0000fac4  esmGroup1Notification               
0000fad8  esmGroup2Notification               
0000faec  esmGroup3Notification               
0000fafc  dmaGroupANotification               
0000fb38  gioNotification                     
0000fb4c  mibspiNotification                  
0000fb60  mibspiGroupNotification             
0000fb88  etpwmNotification                   
0000fb98  etpwmTripNotification               
0000fbac  epcCAMFullNotification              
0000fbb0  epcFIFOFullNotification             
0000fbc0  _c_int00                            
0000fc98  __aeabi_memclr                      
0000fc98  __aeabi_memclr4                     
0000fc98  __aeabi_memclr8                     
0000fc9c  __aeabi_memset                      
0000fc9c  __aeabi_memset4                     
0000fc9c  __aeabi_memset8                     
0000fca8  memset                              
0000fd48  floorf                              
0000fdec  rtiCompare0Interrupt                
0000fe38  rtiCompare1Interrupt                
0000fe8c  __TI_decompress_lzss                
0000ff1c  lrintf                              
0000ff98  roundf                              
00010014  rintf                               
00010080  __TI_auto_init_nobinit_nopinit      
000100e8  main                                
0001014c  signal                              
000101a8  adc1Group1Interrupt                 
000101fc  __aeabi_idiv                        
000101fc  __aeabi_idivmod                     
00010250  etpwm1Interrupt                     
000102a0  __aeabi_uidiv                       
000102a0  __aeabi_uidivmod                    
000102f0  raise                               
0001033c  sqrtf                               
00010370  copysign                            
00010370  copysignl                           
00010398  __TI_decompress_none                
000103ac  lroundf                             
000103c0  __TI_zero_init                      
000103d0  __aeabi_errno_addr                  
000103dc  CtrlPid_DefaultCfg                  
000103e8  PlantControl_BaseCfg                
000103f4  __softfloat_float_raise             
000103fc  C$$EXIT                             
000103fc  abort                               
00010404  handlePLLLockFail                   
00010408  _nop                                
0001040c  phantomInterrupt                    
00010410  __aeabi_idiv0                       
00010410  __aeabi_ldiv0                       
0001080c  LED_BLU                             
00010818  LED_GRN                             
00010824  LED_RED                             
00010884  __TI_Handler_Table_Base             
00010890  __TI_Handler_Table_Limit            
00010898  __TI_CINIT_Base                     
000108a8  __TI_CINIT_Limit                    
08001500  __start___llvm_prf_cnts             
08001500  __stop___llvm_prf_cnts              
08001a20  __softfloat_float_exception_flags   
08001a24  __softfloat_float_exception_mask    
08001a28  __softfloat_float_rounding_mode     
08001a38  _lock                               
08001a3c  _unlock                             
08001a48  errno                               
ffffffff  __TI_pprof_out_hndl                 
ffffffff  __TI_prof_data_size                 
ffffffff  __TI_prof_data_start                
ffffffff  __binit__                           
ffffffff  __c_args__                          
ffffffff  binit                               
UNDEFED   SHT$$INIT_ARRAY$$Base               
UNDEFED   SHT$$INIT_ARRAY$$Limit              
UNDEFED   _system_post_cinit                  

[430 symbols]
